Archive member included to satisfy reference by file (symbol)

C:/STM32_needs/gcc-arm-none-eabi/bin/../lib/gcc/arm-none-eabi/13.2.1/thumb/v7-m/nofp\libgcc.a(_arm_muldf3.o)
                              CMakeFiles/Firmware.elf.dir/Core/apps/src/cJSON.c.obj (__aeabi_dmul)
C:/STM32_needs/gcc-arm-none-eabi/bin/../lib/gcc/arm-none-eabi/13.2.1/thumb/v7-m/nofp\libgcc.a(_arm_mulsf3.o)
                              CMakeFiles/Firmware.elf.dir/Core/apps/src/menu.c.obj (__aeabi_fmul)
C:/STM32_needs/gcc-arm-none-eabi/bin/../lib/gcc/arm-none-eabi/13.2.1/thumb/v7-m/nofp\libgcc.a(_arm_addsubdf3.o)
                              CMakeFiles/Firmware.elf.dir/Core/apps/src/cJSON.c.obj (__aeabi_dsub)
C:/STM32_needs/gcc-arm-none-eabi/bin/../lib/gcc/arm-none-eabi/13.2.1/thumb/v7-m/nofp\libgcc.a(_arm_cmpdf2.o)
                              CMakeFiles/Firmware.elf.dir/Core/apps/src/cJSON.c.obj (__aeabi_dcmpeq)
C:/STM32_needs/gcc-arm-none-eabi/bin/../lib/gcc/arm-none-eabi/13.2.1/thumb/v7-m/nofp\libgcc.a(_arm_unorddf2.o)
                              CMakeFiles/Firmware.elf.dir/Core/apps/src/cJSON.c.obj (__aeabi_dcmpun)
C:/STM32_needs/gcc-arm-none-eabi/bin/../lib/gcc/arm-none-eabi/13.2.1/thumb/v7-m/nofp\libgcc.a(_arm_fixdfsi.o)
                              CMakeFiles/Firmware.elf.dir/Core/apps/src/cJSON.c.obj (__aeabi_d2iz)
C:/STM32_needs/gcc-arm-none-eabi/bin/../lib/gcc/arm-none-eabi/13.2.1/thumb/v7-m/nofp\libgcc.a(_arm_truncdfsf2.o)
                              CMakeFiles/Firmware.elf.dir/Core/apps/src/meter.c.obj (__aeabi_d2f)
C:/STM32_needs/gcc-arm-none-eabi/bin/../lib/gcc/arm-none-eabi/13.2.1/thumb/v7-m/nofp\libgcc.a(_arm_addsubsf3.o)
                              CMakeFiles/Firmware.elf.dir/Core/apps/src/menu.c.obj (__aeabi_fsub)
C:/STM32_needs/gcc-arm-none-eabi/bin/../lib/gcc/arm-none-eabi/13.2.1/thumb/v7-m/nofp\libgcc.a(_arm_muldivsf3.o)
                              CMakeFiles/Firmware.elf.dir/Core/apps/src/meter.c.obj (__aeabi_fdiv)
C:/STM32_needs/gcc-arm-none-eabi/bin/../lib/gcc/arm-none-eabi/13.2.1/thumb/v7-m/nofp\libgcc.a(_arm_cmpsf2.o)
                              CMakeFiles/Firmware.elf.dir/Core/apps/src/menu.c.obj (__aeabi_fcmpge)
C:/STM32_needs/gcc-arm-none-eabi/bin/../lib/gcc/arm-none-eabi/13.2.1/thumb/v7-m/nofp\libc.a(libc_a-exit.o)
                              C:/STM32_needs/gcc-arm-none-eabi/bin/../lib/gcc/arm-none-eabi/13.2.1/thumb/v7-m/nofp/crt0.o (exit)
C:/STM32_needs/gcc-arm-none-eabi/bin/../lib/gcc/arm-none-eabi/13.2.1/thumb/v7-m/nofp\libc.a(libc_a-malloc.o)
                              CMakeFiles/Firmware.elf.dir/Core/apps/src/cJSON.c.obj (malloc)
C:/STM32_needs/gcc-arm-none-eabi/bin/../lib/gcc/arm-none-eabi/13.2.1/thumb/v7-m/nofp\libc.a(libc_a-mallocr.o)
                              C:/STM32_needs/gcc-arm-none-eabi/bin/../lib/gcc/arm-none-eabi/13.2.1/thumb/v7-m/nofp\libc.a(libc_a-malloc.o) (_malloc_r)
C:/STM32_needs/gcc-arm-none-eabi/bin/../lib/gcc/arm-none-eabi/13.2.1/thumb/v7-m/nofp\libc.a(libc_a-mlock.o)
                              C:/STM32_needs/gcc-arm-none-eabi/bin/../lib/gcc/arm-none-eabi/13.2.1/thumb/v7-m/nofp\libc.a(libc_a-mallocr.o) (__malloc_lock)
C:/STM32_needs/gcc-arm-none-eabi/bin/../lib/gcc/arm-none-eabi/13.2.1/thumb/v7-m/nofp\libc.a(libc_a-realloc.o)
                              CMakeFiles/Firmware.elf.dir/Core/apps/src/cJSON.c.obj (realloc)
C:/STM32_needs/gcc-arm-none-eabi/bin/../lib/gcc/arm-none-eabi/13.2.1/thumb/v7-m/nofp\libc.a(libc_a-reallocr.o)
                              C:/STM32_needs/gcc-arm-none-eabi/bin/../lib/gcc/arm-none-eabi/13.2.1/thumb/v7-m/nofp\libc.a(libc_a-realloc.o) (_realloc_r)
C:/STM32_needs/gcc-arm-none-eabi/bin/../lib/gcc/arm-none-eabi/13.2.1/thumb/v7-m/nofp\libc.a(libc_a-strtod.o)
                              CMakeFiles/Firmware.elf.dir/Core/apps/src/cJSON.c.obj (strtod)
C:/STM32_needs/gcc-arm-none-eabi/bin/../lib/gcc/arm-none-eabi/13.2.1/thumb/v7-m/nofp\libc.a(libc_a-ctype_.o)
                              CMakeFiles/Firmware.elf.dir/Core/apps/src/cJSON.c.obj (_ctype_)
C:/STM32_needs/gcc-arm-none-eabi/bin/../lib/gcc/arm-none-eabi/13.2.1/thumb/v7-m/nofp\libc.a(libc_a-findfp.o)
                              C:/STM32_needs/gcc-arm-none-eabi/bin/../lib/gcc/arm-none-eabi/13.2.1/thumb/v7-m/nofp\libc.a(libc_a-exit.o) (__stdio_exit_handler)
C:/STM32_needs/gcc-arm-none-eabi/bin/../lib/gcc/arm-none-eabi/13.2.1/thumb/v7-m/nofp\libc.a(libc_a-fwalk.o)
                              C:/STM32_needs/gcc-arm-none-eabi/bin/../lib/gcc/arm-none-eabi/13.2.1/thumb/v7-m/nofp\libc.a(libc_a-findfp.o) (_fwalk_sglue)
C:/STM32_needs/gcc-arm-none-eabi/bin/../lib/gcc/arm-none-eabi/13.2.1/thumb/v7-m/nofp\libc.a(libc_a-printf.o)
                              CMakeFiles/Firmware.elf.dir/Core/apps/src/command.c.obj (printf)
C:/STM32_needs/gcc-arm-none-eabi/bin/../lib/gcc/arm-none-eabi/13.2.1/thumb/v7-m/nofp\libc.a(libc_a-puts.o)
                              CMakeFiles/Firmware.elf.dir/Core/Src/main.c.obj (puts)
[...]
Memory Configuration

Name             Origin             Length             Attributes
RAM              0x20000000         0x00010000         xrw
FLASH            0x08000000         0x00080000         xr
*default*        0x00000000         0xffffffff

Linker script and memory map

LOAD C:/STM32_needs/gcc-arm-none-eabi/bin/../lib/gcc/arm-none-eabi/13.2.1/thumb/v7-m/nofp/crti.o
LOAD C:/STM32_needs/gcc-arm-none-eabi/bin/../lib/gcc/arm-none-eabi/13.2.1/thumb/v7-m/nofp/crtbegin.o
LOAD C:/STM32_needs/gcc-arm-none-eabi/bin/../lib/gcc/arm-none-eabi/13.2.1/thumb/v7-m/nofp/crt0.o
LOAD CMakeFiles/Firmware.elf.dir/Core/Src/dma.c.obj
LOAD CMakeFiles/Firmware.elf.dir/Core/Src/fsmc.c.obj
LOAD CMakeFiles/Firmware.elf.dir/Core/Src/gpio.c.obj
LOAD CMakeFiles/Firmware.elf.dir/Core/Src/main.c.obj
LOAD CMakeFiles/Firmware.elf.dir/Core/Src/retarget.c.obj
LOAD CMakeFiles/Firmware.elf.dir/Core/Src/rtc.c.obj
LOAD CMakeFiles/Firmware.elf.dir/Core/Src/sdio.c.obj
LOAD CMakeFiles/Firmware.elf.dir/Core/Src/spi.c.obj
LOAD CMakeFiles/Firmware.elf.dir/Core/Src/stm32f1xx_hal_msp.c.obj
LOAD CMakeFiles/Firmware.elf.dir/Core/Src/stm32f1xx_it.c.obj
LOAD CMakeFiles/Firmware.elf.dir/Core/Src/syscalls.c.obj
LOAD CMakeFiles/Firmware.elf.dir/Core/Src/sysmem.c.obj
LOAD CMakeFiles/Firmware.elf.dir/Core/Src/system_stm32f1xx.c.obj
LOAD CMakeFiles/Firmware.elf.dir/Core/Src/tim.c.obj
LOAD CMakeFiles/Firmware.elf.dir/Core/Src/usart.c.obj
LOAD CMakeFiles/Firmware.elf.dir/Core/Src/ws_drive_tft.c.obj
LOAD CMakeFiles/Firmware.elf.dir/Core/Startup/startup_stm32f103vetx.s.obj
LOAD CMakeFiles/Firmware.elf.dir/Core/apps/src/cJSON.c.obj
LOAD CMakeFiles/Firmware.elf.dir/Core/apps/src/command.c.obj
LOAD CMakeFiles/Firmware.elf.dir/Core/apps/src/key.c.obj
LOAD CMakeFiles/Firmware.elf.dir/Core/apps/src/led.c.obj
LOAD CMakeFiles/Firmware.elf.dir/Core/apps/src/menu.c.obj
LOAD CMakeFiles/Firmware.elf.dir/Core/apps/src/meter.c.obj
LOAD CMakeFiles/Firmware.elf.dir/Drivers/STM32F1xx_HAL_Driver/Src/stm32f1xx_hal.c.obj
LOAD CMakeFiles/Firmware.elf.dir/Drivers/STM32F1xx_HAL_Driver/Src/stm32f1xx_hal_cortex.c.obj
LOAD CMakeFiles/Firmware.elf.dir/Drivers/STM32F1xx_HAL_Driver/Src/stm32f1xx_hal_dma.c.obj
LOAD CMakeFiles/Firmware.elf.dir/Drivers/STM32F1xx_HAL_Driver/Src/stm32f1xx_hal_exti.c.obj
LOAD CMakeFiles/Firmware.elf.dir/Drivers/STM32F1xx_HAL_Driver/Src/stm32f1xx_hal_flash.c.obj
LOAD CMakeFiles/Firmware.elf.dir/Drivers/STM32F1xx_HAL_Driver/Src/stm32f1xx_hal_flash_ex.c.obj
LOAD CMakeFiles/Firmware.elf.dir/Drivers/STM32F1xx_HAL_Driver/Src/stm32f1xx_hal_gpio.c.obj
LOAD CMakeFiles/Firmware.elf.dir/Drivers/STM32F1xx_HAL_Driver/Src/stm32f1xx_hal_gpio_ex.c.obj
LOAD CMakeFiles/Firmware.elf.dir/Drivers/STM32F1xx_HAL_Driver/Src/stm32f1xx_hal_pcd.c.obj
LOAD CMakeFiles/Firmware.elf.dir/Drivers/STM32F1xx_HAL_Driver/Src/stm32f1xx_hal_pcd_ex.c.obj
LOAD CMakeFiles/Firmware.elf.dir/Drivers/STM32F1xx_HAL_Driver/Src/stm32f1xx_hal_pwr.c.obj
LOAD CMakeFiles/Firmware.elf.dir/Drivers/STM32F1xx_HAL_Driver/Src/stm32f1xx_hal_rcc.c.obj
LOAD CMakeFiles/Firmware.elf.dir/Drivers/STM32F1xx_HAL_Driver/Src/stm32f1xx_hal_rcc_ex.c.obj
LOAD CMakeFiles/Firmware.elf.dir/Drivers/STM32F1xx_HAL_Driver/Src/stm32f1xx_hal_rtc.c.obj
LOAD CMakeFiles/Firmware.elf.dir/Drivers/STM32F1xx_HAL_Driver/Src/stm32f1xx_hal_rtc_ex.c.obj
LOAD CMakeFiles/Firmware.elf.dir/Drivers/STM32F1xx_HAL_Driver/Src/stm32f1xx_hal_sd.c.obj
LOAD CMakeFiles/Firmware.elf.dir/Drivers/STM32F1xx_HAL_Driver/Src/stm32f1xx_hal_spi.c.obj
LOAD CMakeFiles/Firmware.elf.dir/Drivers/STM32F1xx_HAL_Driver/Src/stm32f1xx_hal_sram.c.obj
LOAD CMakeFiles/Firmware.elf.dir/Drivers/STM32F1xx_HAL_Driver/Src/stm32f1xx_hal_tim.c.obj
LOAD CMakeFiles/Firmware.elf.dir/Drivers/STM32F1xx_HAL_Driver/Src/stm32f1xx_hal_tim_ex.c.obj
LOAD CMakeFiles/Firmware.elf.dir/Drivers/STM32F1xx_HAL_Driver/Src/stm32f1xx_hal_uart.c.obj
LOAD CMakeFiles/Firmware.elf.dir/Drivers/STM32F1xx_HAL_Driver/Src/stm32f1xx_ll_fsmc.c.obj
LOAD CMakeFiles/Firmware.elf.dir/Drivers/STM32F1xx_HAL_Driver/Src/stm32f1xx_ll_sdmmc.c.obj
LOAD CMakeFiles/Firmware.elf.dir/Drivers/STM32F1xx_HAL_Driver/Src/stm32f1xx_ll_usb.c.obj
LOAD CMakeFiles/Firmware.elf.dir/FATFS/App/fatfs.c.obj
LOAD CMakeFiles/Firmware.elf.dir/FATFS/Target/bsp_driver_sd.c.obj
LOAD CMakeFiles/Firmware.elf.dir/Middlewares/ST/STM32_USB_Device_Library/Class/MSC/Src/usbd_msc.c.obj
LOAD CMakeFiles/Firmware.elf.dir/Middlewares/ST/STM32_USB_Device_Library/Class/MSC/Src/usbd_msc_bot.c.obj
LOAD CMakeFiles/Firmware.elf.dir/Middlewares/ST/STM32_USB_Device_Library/Class/MSC/Src/usbd_msc_data.c.obj
LOAD CMakeFiles/Firmware.elf.dir/Middlewares/ST/STM32_USB_Device_Library/Class/MSC/Src/usbd_msc_scsi.c.obj
LOAD CMakeFiles/Firmware.elf.dir/Middlewares/ST/STM32_USB_Device_Library/Core/Src/usbd_core.c.obj
LOAD CMakeFiles/Firmware.elf.dir/Middlewares/ST/STM32_USB_Device_Library/Core/Src/usbd_ctlreq.c.obj
LOAD CMakeFiles/Firmware.elf.dir/Middlewares/ST/STM32_USB_Device_Library/Core/Src/usbd_ioreq.c.obj
LOAD CMakeFiles/Firmware.elf.dir/Middlewares/Third_Party/FatFs/src/diskio.c.obj
LOAD CMakeFiles/Firmware.elf.dir/Middlewares/Third_Party/FatFs/src/drivers/sd_diskio.c.obj
LOAD CMakeFiles/Firmware.elf.dir/Middlewares/Third_Party/FatFs/src/ff.c.obj
LOAD CMakeFiles/Firmware.elf.dir/Middlewares/Third_Party/FatFs/src/ff_gen_drv.c.obj
LOAD CMakeFiles/Firmware.elf.dir/Middlewares/Third_Party/FatFs/src/option/syscall.c.obj
LOAD CMakeFiles/Firmware.elf.dir/USB_DEVICE/App/usb_device.c.obj
LOAD CMakeFiles/Firmware.elf.dir/USB_DEVICE/App/usbd_desc.c.obj
LOAD CMakeFiles/Firmware.elf.dir/USB_DEVICE/App/usbd_storage_if.c.obj
LOAD CMakeFiles/Firmware.elf.dir/USB_DEVICE/Target/usbd_conf.c.obj
START GROUP
LOAD C:/STM32_needs/gcc-arm-none-eabi/bin/../lib/gcc/arm-none-eabi/13.2.1/thumb/v7-m/nofp\libgcc.a
LOAD C:/STM32_needs/gcc-arm-none-eabi/bin/../lib/gcc/arm-none-eabi/13.2.1/thumb/v7-m/nofp\libc.a
END GROUP
LOAD C:/STM32_needs/gcc-arm-none-eabi/bin/../lib/gcc/arm-none-eabi/13.2.1/thumb/v7-m/nofp/crtend.o
LOAD C:/STM32_needs/gcc-arm-none-eabi/bin/../lib/gcc/arm-none-eabi/13.2.1/thumb/v7-m/nofp/crtn.o
                0x20010000                        _estack = (ORIGIN (RAM) + LENGTH (RAM))
                0x00000200                        _Min_Heap_Size = 0x200
                0x00000400                        _Min_Stack_Size = 0x400

.isr_vector     0x08000000      0x1e4
                0x08000000                        . = ALIGN (0x4)
 *(.isr_vector)
 .isr_vector    0x08000000      0x1e4 CMakeFiles/Firmware.elf.dir/Core/Startup/startup_stm32f103vetx.s.obj
                0x08000000                g_pfnVectors
                0x080001e4                        . = ALIGN (0x4)

.text           0x080001e8    0x1ab2c
                0x080001e8                        . = ALIGN (0x4)
 *(.text)
 .text          0x080001e8      0x378 C:/STM32_needs/gcc-arm-none-eabi/bin/../lib/gcc/arm-none-eabi/13.2.1/thumb/v7-m/nofp\libgcc.a(_arm_addsubdf3.o)
                0x080001e8                __aeabi_drsub
                0x080001f0                __aeabi_dsub
                0x080001f0                __subdf3
                0x080001f4                __aeabi_dadd
                0x080001f4                __adddf3
                0x0800046c                __floatunsidf
                0x0800046c                __aeabi_ui2d
                0x0800048c                __floatsidf
                0x0800048c                __aeabi_i2d
                0x080004b0                __aeabi_f2d
                0x080004b0                __extendsfdf2
                0x080004f4                __floatundidf
                0x080004f4                __aeabi_ul2d
                0x08000504                __floatdidf
                0x08000504                __aeabi_l2d
 .text          0x08000560      0x110 C:/STM32_needs/gcc-arm-none-eabi/bin/../lib/gcc/arm-none-eabi/13.2.1/thumb/v7-m/nofp\libgcc.a(_arm_cmpdf2.o)
                0x08000560                __gtdf2
                0x08000560                __gedf2
                0x08000568                __ltdf2
                0x08000568                __ledf2
                0x08000570                __nedf2
                0x08000570                __eqdf2
                0x08000570                __cmpdf2
                0x080005ec                __aeabi_cdrcmple
                0x080005fc                __aeabi_cdcmpeq
                0x080005fc                __aeabi_cdcmple
                0x0800060c                __aeabi_dcmpeq
                0x08000620                __aeabi_dcmplt
                0x08000634                __aeabi_dcmple
                0x08000648                __aeabi_dcmpge
                0x0800065c                __aeabi_dcmpgt
 .text          0x08000670       0x2c C:/STM32_needs/gcc-arm-none-eabi/bin/../lib/gcc/arm-none-eabi/13.2.1/thumb/v7-m/nofp\libgcc.a(_arm_unorddf2.o)
                0x08000670                __unorddf2
                0x08000670                __aeabi_dcmpun
 .text          0x0800069c       0x50 C:/STM32_needs/gcc-arm-none-eabi/bin/../lib/gcc/arm-none-eabi/13.2.1/thumb/v7-m/nofp\libgcc.a(_arm_fixdfsi.o)
                0x0800069c                __aeabi_d2iz
                0x0800069c                __fixdfsi
 .text          0x080006ec       0xa0 C:/STM32_needs/gcc-arm-none-eabi/bin/../lib/gcc/arm-none-eabi/13.2.1/thumb/v7-m/nofp\libgcc.a(_arm_truncdfsf2.o)
                0x080006ec                __truncdfsf2
                0x080006ec                __aeabi_d2f
 .text          0x0800078c      0x21c C:/STM32_needs/gcc-arm-none-eabi/bin/../lib/gcc/arm-none-eabi/13.2.1/thumb/v7-m/nofp\libgcc.a(_arm_addsubsf3.o)
                0x0800078c                __aeabi_frsub
                0x08000794                __subsf3
                0x08000794                __aeabi_fsub
                0x08000798                __aeabi_fadd
                0x08000798                __addsf3
                0x080008f8                __aeabi_ui2f
                0x080008f8                __floatunsisf
                0x08000900                __aeabi_i2f
                0x08000900                __floatsisf
                0x0800091c                __aeabi_ul2f
                0x0800091c                __floatundisf
                0x0800092c                __aeabi_l2f
                0x0800092c                __floatdisf
 .text          0x080009a8      0x2a0 C:/STM32_needs/gcc-arm-none-eabi/bin/../lib/gcc/arm-none-eabi/13.2.1/thumb/v7-m/nofp\libgcc.a(_arm_muldivsf3.o)
                0x080009a8                __mulsf3
                0x080009a8                __aeabi_fmul
                0x08000b10                __aeabi_fdiv
                0x08000b10                __divsf3
 .text          0x08000c48       0xec C:/STM32_needs/gcc-arm-none-eabi/bin/../lib/gcc/arm-none-eabi/13.2.1/thumb/v7-m/nofp\libgcc.a(_arm_cmpsf2.o)
                0x08000c48                __gesf2
                0x08000c48                __gtsf2
                0x08000c50                __lesf2
                0x08000c50                __ltsf2
                0x08000c58                __nesf2
                0x08000c58                __eqsf2
                0x08000c58                __cmpsf2
                0x08000cb8                __aeabi_cfrcmple
                0x08000cc0                __aeabi_cfcmpeq
                0x08000cc0                __aeabi_cfcmple
                0x08000cd0                __aeabi_fcmpeq
                0x08000ce4                __aeabi_fcmplt
                0x08000cf8                __aeabi_fcmple
                0x08000d0c                __aeabi_fcmpge
                0x08000d20                __aeabi_fcmpgt
 .text          0x08000d34      0x1bc C:/STM32_needs/gcc-arm-none-eabi/bin/../lib/gcc/arm-none-eabi/13.2.1/thumb/v7-m/nofp\libc.a(libc_a-strcmp.o)
                0x08000d34                strcmp
 .text          0x08000ef0       0xec C:/STM32_needs/gcc-arm-none-eabi/bin/../lib/gcc/arm-none-eabi/13.2.1/thumb/v7-m/nofp\libc.a(libc_a-memcpy.o)
                0x08000ef0                memcpy
 .text          0x08000fdc      0x424 C:/STM32_needs/gcc-arm-none-eabi/bin/../lib/gcc/arm-none-eabi/13.2.1/thumb/v7-m/nofp\libgcc.a(_arm_muldivdf3.o)
                0x08000fdc                __aeabi_dmul
                0x08000fdc                __muldf3
                0x08001230                __divdf3
                0x08001230                __aeabi_ddiv
 .text          0x08001400       0x40 C:/STM32_needs/gcc-arm-none-eabi/bin/../lib/gcc/arm-none-eabi/13.2.1/thumb/v7-m/nofp\libgcc.a(_arm_fixunsdfsi.o)
                0x08001400                __aeabi_d2uiz
                0x08001400                __fixunsdfsi
 .text          0x08001440       0x30 C:/STM32_needs/gcc-arm-none-eabi/bin/../lib/gcc/arm-none-eabi/13.2.1/thumb/v7-m/nofp\libgcc.a(_aeabi_uldivmod.o)
                0x08001440                __aeabi_uldivmod
 .text          0x08001470        0x4 C:/STM32_needs/gcc-arm-none-eabi/bin/../lib/gcc/arm-none-eabi/13.2.1/thumb/v7-m/nofp\libgcc.a(_dvmd_tls.o)
                0x08001470                __aeabi_idiv0
                0x08001470                __aeabi_ldiv0
 *(.text*)
 .text.deregister_tm_clones
                0x08001474       0x1c C:/STM32_needs/gcc-arm-none-eabi/bin/../lib/gcc/arm-none-eabi/13.2.1/thumb/v7-m/nofp/crtbegin.o
 .text.register_tm_clones
                0x08001490       0x24 C:/STM32_needs/gcc-arm-none-eabi/bin/../lib/gcc/arm-none-eabi/13.2.1/thumb/v7-m/nofp/crtbegin.o
 .text.__do_global_dtors_aux
                0x080014b4       0x28 C:/STM32_needs/gcc-arm-none-eabi/bin/../lib/gcc/arm-none-eabi/13.2.1/thumb/v7-m/nofp/crtbegin.o
 .text.frame_dummy
                0x080014dc       0x24 C:/STM32_needs/gcc-arm-none-eabi/bin/../lib/gcc/arm-none-eabi/13.2.1/thumb/v7-m/nofp/crtbegin.o
 .text.MX_DMA_Init
                0x08001500       0x34 CMakeFiles/Firmware.elf.dir/Core/Src/dma.c.obj
                0x08001500                MX_DMA_Init
 .text.HAL_FSMC_MspInit
                0x08001534       0x6c CMakeFiles/Firmware.elf.dir/Core/Src/fsmc.c.obj
 .text.MX_FSMC_Init
                0x080015a0       0x78 CMakeFiles/Firmware.elf.dir/Core/Src/fsmc.c.obj
                0x080015a0                MX_FSMC_Init
 .text.HAL_SRAM_MspInit
                0x08001618        0x8 CMakeFiles/Firmware.elf.dir/Core/Src/fsmc.c.obj
                0x08001618                HAL_SRAM_MspInit
 .text.MX_GPIO_Init
                0x08001620      0x158 CMakeFiles/Firmware.elf.dir/Core/Src/gpio.c.obj
                0x08001620                MX_GPIO_Init
 .text.HAL_UARTEx_RxEventCallback
                0x08001778       0x48 CMakeFiles/Firmware.elf.dir/Core/Src/main.c.obj
                0x08001778                HAL_UARTEx_RxEventCallback
 .text.HAL_RTCEx_RTCEventCallback
                0x080017c0       0x60 CMakeFiles/Firmware.elf.dir/Core/Src/main.c.obj
                0x080017c0                HAL_RTCEx_RTCEventCallback
 .text.Error_Handler
                0x08001820        0x4 CMakeFiles/Firmware.elf.dir/Core/Src/main.c.obj
                0x08001820                Error_Handler
 .text.SystemClock_Config
                0x08001824       0x8e CMakeFiles/Firmware.elf.dir/Core/Src/main.c.obj
                0x08001824                SystemClock_Config
 *fill*         0x080018b2        0x2 
 .text.main     0x080018b4       0xb8 CMakeFiles/Firmware.elf.dir/Core/Src/main.c.obj
                0x080018b4                main
 .text.RetargetInit
                0x0800196c       0x20 CMakeFiles/Firmware.elf.dir/Core/Src/retarget.c.obj
                0x0800196c                RetargetInit
 .text._isatty  0x0800198c       0x16 CMakeFiles/Firmware.elf.dir/Core/Src/retarget.c.obj
                0x0800198c                _isatty
 *fill*         0x080019a2        0x2 
 .text._write   0x080019a4       0x34 CMakeFiles/Firmware.elf.dir/Core/Src/retarget.c.obj
                0x080019a4                _write
 .text._close   0x080019d8       0x18 CMakeFiles/Firmware.elf.dir/Core/Src/retarget.c.obj
                0x080019d8                _close
 .text._lseek   0x080019f0       0x10 CMakeFiles/Firmware.elf.dir/Core/Src/retarget.c.obj
                0x080019f0                _lseek
 .text._read    0x08001a00       0x30 CMakeFiles/Firmware.elf.dir/Core/Src/retarget.c.obj
                0x08001a00                _read
 .text._fstat   0x08001a30       0x1a CMakeFiles/Firmware.elf.dir/Core/Src/retarget.c.obj
                0x08001a30                _fstat
 *fill*         0x08001a4a        0x2 
 .text.MX_RTC_Init
                0x08001a4c       0xd0 CMakeFiles/Firmware.elf.dir/Core/Src/rtc.c.obj
                0x08001a4c                MX_RTC_Init
 .text.HAL_RTC_MspInit
                0x08001b1c       0x60 CMakeFiles/Firmware.elf.dir/Core/Src/rtc.c.obj
                0x08001b1c                HAL_RTC_MspInit
 .text.MX_SDIO_SD_Init
                0x08001b7c       0x20 CMakeFiles/Firmware.elf.dir/Core/Src/sdio.c.obj
                0x08001b7c                MX_SDIO_SD_Init
 .text.HAL_SD_MspInit
                0x08001b9c       0x88 CMakeFiles/Firmware.elf.dir/Core/Src/sdio.c.obj
                0x08001b9c                HAL_SD_MspInit
 .text.MX_SPI1_Init
                0x08001c24       0x44 CMakeFiles/Firmware.elf.dir/Core/Src/spi.c.obj
                0x08001c24                MX_SPI1_Init
 .text.HAL_SPI_MspInit
                0x08001c68       0x74 CMakeFiles/Firmware.elf.dir/Core/Src/spi.c.obj
                0x08001c68                HAL_SPI_MspInit
 .text.HAL_MspInit
                0x08001cdc       0x58 CMakeFiles/Firmware.elf.dir/Core/Src/stm32f1xx_hal_msp.c.obj
                0x08001cdc                HAL_MspInit
 .text.NMI_Handler
                0x08001d34        0x2 CMakeFiles/Firmware.elf.dir/Core/Src/stm32f1xx_it.c.obj
                0x08001d34                NMI_Handler
 .text.HardFault_Handler
                0x08001d36        0x2 CMakeFiles/Firmware.elf.dir/Core/Src/stm32f1xx_it.c.obj
                0x08001d36                HardFault_Handler
 .text.MemManage_Handler
                0x08001d38        0x2 CMakeFiles/Firmware.elf.dir/Core/Src/stm32f1xx_it.c.obj
                0x08001d38                MemManage_Handler
 .text.BusFault_Handler
                0x08001d3a        0x2 CMakeFiles/Firmware.elf.dir/Core/Src/stm32f1xx_it.c.obj
                0x08001d3a                BusFault_Handler
 .text.UsageFault_Handler
                0x08001d3c        0x2 CMakeFiles/Firmware.elf.dir/Core/Src/stm32f1xx_it.c.obj
                0x08001d3c                UsageFault_Handler
 .text.SVC_Handler
                0x08001d3e        0x2 CMakeFiles/Firmware.elf.dir/Core/Src/stm32f1xx_it.c.obj
                0x08001d3e                SVC_Handler
 .text.DebugMon_Handler
                0x08001d40        0x2 CMakeFiles/Firmware.elf.dir/Core/Src/stm32f1xx_it.c.obj
                0x08001d40                DebugMon_Handler
 .text.PendSV_Handler
                0x08001d42        0x2 CMakeFiles/Firmware.elf.dir/Core/Src/stm32f1xx_it.c.obj
                0x08001d42                PendSV_Handler
 .text.SysTick_Handler
                0x08001d44        0x8 CMakeFiles/Firmware.elf.dir/Core/Src/stm32f1xx_it.c.obj
                0x08001d44                SysTick_Handler
 .text.RTC_IRQHandler
                0x08001d4c       0x10 CMakeFiles/Firmware.elf.dir/Core/Src/stm32f1xx_it.c.obj
                0x08001d4c                RTC_IRQHandler
 .text.RCC_IRQHandler
                0x08001d5c        0x2 CMakeFiles/Firmware.elf.dir/Core/Src/stm32f1xx_it.c.obj
                0x08001d5c                RCC_IRQHandler
 .text.EXTI0_IRQHandler
                0x08001d5e        0xa CMakeFiles/Firmware.elf.dir/Core/Src/stm32f1xx_it.c.obj
                0x08001d5e                EXTI0_IRQHandler
 .text.EXTI1_IRQHandler
                0x08001d68        0xa CMakeFiles/Firmware.elf.dir/Core/Src/stm32f1xx_it.c.obj
                0x08001d68                EXTI1_IRQHandler
 .text.EXTI3_IRQHandler
                0x08001d72        0xa CMakeFiles/Firmware.elf.dir/Core/Src/stm32f1xx_it.c.obj
                0x08001d72                EXTI3_IRQHandler
 .text.EXTI4_IRQHandler
                0x08001d7c        0xa CMakeFiles/Firmware.elf.dir/Core/Src/stm32f1xx_it.c.obj
                0x08001d7c                EXTI4_IRQHandler
 *fill*         0x08001d86        0x2 
 .text.DMA1_Channel5_IRQHandler
                0x08001d88       0x10 CMakeFiles/Firmware.elf.dir/Core/Src/stm32f1xx_it.c.obj
                0x08001d88                DMA1_Channel5_IRQHandler
 .text.USB_LP_CAN1_RX0_IRQHandler
                0x08001d98       0x10 CMakeFiles/Firmware.elf.dir/Core/Src/stm32f1xx_it.c.obj
                0x08001d98                USB_LP_CAN1_RX0_IRQHandler
 .text.TIM4_IRQHandler
                0x08001da8       0x10 CMakeFiles/Firmware.elf.dir/Core/Src/stm32f1xx_it.c.obj
                0x08001da8                TIM4_IRQHandler
 .text.USART1_IRQHandler
                0x08001db8       0x10 CMakeFiles/Firmware.elf.dir/Core/Src/stm32f1xx_it.c.obj
                0x08001db8                USART1_IRQHandler
 .text.USART3_IRQHandler
                0x08001dc8       0x10 CMakeFiles/Firmware.elf.dir/Core/Src/stm32f1xx_it.c.obj
                0x08001dc8                USART3_IRQHandler
 .text.RTC_Alarm_IRQHandler
                0x08001dd8       0x10 CMakeFiles/Firmware.elf.dir/Core/Src/stm32f1xx_it.c.obj
                0x08001dd8                RTC_Alarm_IRQHandler
 .text._getpid  0x08001de8        0x4 CMakeFiles/Firmware.elf.dir/Core/Src/syscalls.c.obj
                0x08001de8                _getpid
 .text._kill    0x08001dec       0x10 CMakeFiles/Firmware.elf.dir/Core/Src/syscalls.c.obj
                0x08001dec                _kill
 .text._exit    0x08001dfc        0xc CMakeFiles/Firmware.elf.dir/Core/Src/syscalls.c.obj
                0x08001dfc                _exit
 .text._sbrk    0x08001e08       0x48 CMakeFiles/Firmware.elf.dir/Core/Src/sysmem.c.obj
                0x08001e08                _sbrk
 .text.SystemInit
                0x08001e50        0x2 CMakeFiles/Firmware.elf.dir/Core/Src/system_stm32f1xx.c.obj
                0x08001e50                SystemInit
 *fill*         0x08001e52        0x2 
 .text.MX_TIM4_Init
                0x08001e54       0x70 CMakeFiles/Firmware.elf.dir/Core/Src/tim.c.obj
                0x08001e54                MX_TIM4_Init
 .text.HAL_TIM_Base_MspInit
                0x08001ec4       0x40 CMakeFiles/Firmware.elf.dir/Core/Src/tim.c.obj
                0x08001ec4                HAL_TIM_Base_MspInit
 .text.MX_USART1_UART_Init
                0x08001f04       0x34 CMakeFiles/Firmware.elf.dir/Core/Src/usart.c.obj
                0x08001f04                MX_USART1_UART_Init
 .text.MX_USART3_UART_Init
                0x08001f38       0x34 CMakeFiles/Firmware.elf.dir/Core/Src/usart.c.obj
                0x08001f38                MX_USART3_UART_Init
 .text.HAL_UART_MspInit
                0x08001f6c      0x130 CMakeFiles/Firmware.elf.dir/Core/Src/usart.c.obj
                0x08001f6c                HAL_UART_MspInit
 .text.WS_TFT_FSMC_Addr_Init
                0x0800209c       0x1c CMakeFiles/Firmware.elf.dir/Core/Src/ws_drive_tft.c.obj
                0x0800209c                WS_TFT_FSMC_Addr_Init
 .text.WS_TFT_Set_Param
                0x080020b8       0x3c CMakeFiles/Firmware.elf.dir/Core/Src/ws_drive_tft.c.obj
                0x080020b8                WS_TFT_Set_Param
 .text.WS_TFT_Set_Windows
                0x080020f4       0x6c CMakeFiles/Firmware.elf.dir/Core/Src/ws_drive_tft.c.obj
                0x080020f4                WS_TFT_Set_Windows
 .text.WS_TFT_Clear
                0x08002160       0x38 CMakeFiles/Firmware.elf.dir/Core/Src/ws_drive_tft.c.obj
                0x08002160                WS_TFT_Clear
 .text.WS_Font16_Read_Date
                0x08002198        0x4 CMakeFiles/Firmware.elf.dir/Core/Src/ws_drive_tft.c.obj
                0x08002198                WS_Font16_Read_Date
 .text.WS_Font24_Read_Date
                0x0800219c        0x4 CMakeFiles/Firmware.elf.dir/Core/Src/ws_drive_tft.c.obj
                0x0800219c                WS_Font24_Read_Date
 .text.WS_Font32_Read_Date
                0x080021a0        0x4 CMakeFiles/Firmware.elf.dir/Core/Src/ws_drive_tft.c.obj
                0x080021a0                WS_Font32_Read_Date
 .text.WS_TFT_Dis_16X16_Date
                0x080021a4       0x80 CMakeFiles/Firmware.elf.dir/Core/Src/ws_drive_tft.c.obj
                0x080021a4                WS_TFT_Dis_16X16_Date
 .text.WS_TFT_Dis_24X24_Date
                0x08002224       0x78 CMakeFiles/Firmware.elf.dir/Core/Src/ws_drive_tft.c.obj
                0x08002224                WS_TFT_Dis_24X24_Date
 .text.WS_TFT_Dis_32X32_Date
                0x0800229c       0x78 CMakeFiles/Firmware.elf.dir/Core/Src/ws_drive_tft.c.obj
                0x0800229c                WS_TFT_Dis_32X32_Date
 .text.WS_TFT_Dis_5X7_String
                0x08002314       0x98 CMakeFiles/Firmware.elf.dir/Core/Src/ws_drive_tft.c.obj
                0x08002314                WS_TFT_Dis_5X7_String
 .text.WS_TFT_Dis_8X16_String
                0x080023ac       0xdc CMakeFiles/Firmware.elf.dir/Core/Src/ws_drive_tft.c.obj
                0x080023ac                WS_TFT_Dis_8X16_String
 .text.WS_TFT_Dis_12X24_String
                0x08002488       0xf8 CMakeFiles/Firmware.elf.dir/Core/Src/ws_drive_tft.c.obj
                0x08002488                WS_TFT_Dis_12X24_String
 .text.WS_TFT_Dis_16X32_String
                0x08002580       0xdc CMakeFiles/Firmware.elf.dir/Core/Src/ws_drive_tft.c.obj
                0x08002580                WS_TFT_Dis_16X32_String
 .text.WS_TFT_Init
                0x0800265c      0x308 CMakeFiles/Firmware.elf.dir/Core/Src/ws_drive_tft.c.obj
                0x0800265c                WS_TFT_Init
 .text.Reset_Handler
                0x08002964       0x48 CMakeFiles/Firmware.elf.dir/Core/Startup/startup_stm32f103vetx.s.obj
                0x08002964                Reset_Handler
 .text.Default_Handler
                0x080029ac        0x2 CMakeFiles/Firmware.elf.dir/Core/Startup/startup_stm32f103vetx.s.obj
                0x080029ac                EXTI2_IRQHandler
                0x080029ac                TIM8_TRG_COM_IRQHandler
                0x080029ac                TIM8_CC_IRQHandler
                0x080029ac                TIM1_CC_IRQHandler
                0x080029ac                TIM6_IRQHandler
                0x080029ac                PVD_IRQHandler
                0x080029ac                SDIO_IRQHandler
                0x080029ac                I2C2_EV_IRQHandler
                0x080029ac                ADC1_2_IRQHandler
                0x080029ac                SPI1_IRQHandler
                0x080029ac                TAMPER_IRQHandler
                0x080029ac                TIM8_UP_IRQHandler
                0x080029ac                DMA2_Channel2_IRQHandler
                0x080029ac                DMA1_Channel4_IRQHandler
                0x080029ac                DMA1_Channel7_IRQHandler
                0x080029ac                CAN1_RX1_IRQHandler
                0x080029ac                UART5_IRQHandler
                0x080029ac                ADC3_IRQHandler
                0x080029ac                DMA2_Channel1_IRQHandler
                0x080029ac                I2C1_EV_IRQHandler
                0x080029ac                DMA1_Channel6_IRQHandler
                0x080029ac                UART4_IRQHandler
                0x080029ac                TIM3_IRQHandler
                0x080029ac                TIM1_TRG_COM_IRQHandler
                0x080029ac                DMA1_Channel1_IRQHandler
                0x080029ac                Default_Handler
                0x080029ac                EXTI15_10_IRQHandler
                0x080029ac                TIM7_IRQHandler
                0x080029ac                TIM5_IRQHandler
                0x080029ac                EXTI9_5_IRQHandler
                0x080029ac                SPI2_IRQHandler
                0x080029ac                USB_HP_CAN1_TX_IRQHandler
                0x080029ac                DMA1_Channel3_IRQHandler
                0x080029ac                FSMC_IRQHandler
                0x080029ac                TIM1_UP_IRQHandler
                0x080029ac                WWDG_IRQHandler
                0x080029ac                TIM2_IRQHandler
                0x080029ac                TIM1_BRK_IRQHandler
                0x080029ac                DMA2_Channel4_5_IRQHandler
                0x080029ac                USART2_IRQHandler
                0x080029ac                I2C2_ER_IRQHandler
                0x080029ac                DMA1_Channel2_IRQHandler
                0x080029ac                TIM8_BRK_IRQHandler
                0x080029ac                CAN1_SCE_IRQHandler
                0x080029ac                FLASH_IRQHandler
                0x080029ac                SPI3_IRQHandler
                0x080029ac                I2C1_ER_IRQHandler
                0x080029ac                USBWakeUp_IRQHandler
                0x080029ac                DMA2_Channel3_IRQHandler
 *fill*         0x080029ae        0x2 
 .text.case_insensitive_strcmp
                0x080029b0       0x60 CMakeFiles/Firmware.elf.dir/Core/apps/src/cJSON.c.obj
 .text.get_decimal_point
                0x08002a10        0x4 CMakeFiles/Firmware.elf.dir/Core/apps/src/cJSON.c.obj
 .text.compare_double
                0x08002a14       0x60 CMakeFiles/Firmware.elf.dir/Core/apps/src/cJSON.c.obj
 .text.parse_hex4
                0x08002a74       0x50 CMakeFiles/Firmware.elf.dir/Core/apps/src/cJSON.c.obj
 .text.utf16_literal_to_utf8
                0x08002ac4       0xec CMakeFiles/Firmware.elf.dir/Core/apps/src/cJSON.c.obj
 .text.parse_string
                0x08002bb0      0x158 CMakeFiles/Firmware.elf.dir/Core/apps/src/cJSON.c.obj
 .text.buffer_skip_whitespace
                0x08002d08       0x3c CMakeFiles/Firmware.elf.dir/Core/apps/src/cJSON.c.obj
 .text.suffix_object
                0x08002d44        0x6 CMakeFiles/Firmware.elf.dir/Core/apps/src/cJSON.c.obj
 .text.add_item_to_array
                0x08002d4a       0x3c CMakeFiles/Firmware.elf.dir/Core/apps/src/cJSON.c.obj
 .text.cast_away_const
                0x08002d86        0x2 CMakeFiles/Firmware.elf.dir/Core/apps/src/cJSON.c.obj
 .text.update_offset
                0x08002d88       0x1a CMakeFiles/Firmware.elf.dir/Core/apps/src/cJSON.c.obj
 .text.cJSON_strdup
                0x08002da2       0x28 CMakeFiles/Firmware.elf.dir/Core/apps/src/cJSON.c.obj
 .text.add_item_to_object
                0x08002dca       0x72 CMakeFiles/Firmware.elf.dir/Core/apps/src/cJSON.c.obj
 .text.ensure   0x08002e3c       0xa6 CMakeFiles/Firmware.elf.dir/Core/apps/src/cJSON.c.obj
 .text.cJSON_New_Item
                0x08002ee2       0x18 CMakeFiles/Firmware.elf.dir/Core/apps/src/cJSON.c.obj
 *fill*         0x08002efa        0x2 
 .text.skip_utf8_bom
                0x08002efc       0x38 CMakeFiles/Firmware.elf.dir/Core/apps/src/cJSON.c.obj
 *fill*         0x08002f34        0x4 
 .text.parse_number
                0x08002f38      0x100 CMakeFiles/Firmware.elf.dir/Core/apps/src/cJSON.c.obj
 .text.print_string_ptr
                0x08003038      0x148 CMakeFiles/Firmware.elf.dir/Core/apps/src/cJSON.c.obj
 .text.print_string
                0x08003180        0xa CMakeFiles/Firmware.elf.dir/Core/apps/src/cJSON.c.obj
 *fill*         0x0800318a        0x2 
 .text.print_number
                0x0800318c      0x140 CMakeFiles/Firmware.elf.dir/Core/apps/src/cJSON.c.obj
 .text.print_value
                0x080032cc      0x114 CMakeFiles/Firmware.elf.dir/Core/apps/src/cJSON.c.obj
 .text.print    0x080033e0       0x9c CMakeFiles/Firmware.elf.dir/Core/apps/src/cJSON.c.obj
 .text.print_array
                0x0800347c       0xa8 CMakeFiles/Firmware.elf.dir/Core/apps/src/cJSON.c.obj
 .text.print_object
                0x08003524      0x16a CMakeFiles/Firmware.elf.dir/Core/apps/src/cJSON.c.obj
 .text.get_object_item
                0x0800368e       0x4a CMakeFiles/Firmware.elf.dir/Core/apps/src/cJSON.c.obj
 .text.cJSON_Delete
                0x080036d8       0x54 CMakeFiles/Firmware.elf.dir/Core/apps/src/cJSON.c.obj
                0x080036d8                cJSON_Delete
 .text.parse_object
                0x0800372c      0x130 CMakeFiles/Firmware.elf.dir/Core/apps/src/cJSON.c.obj
 .text.parse_value
                0x0800385c       0xf4 CMakeFiles/Firmware.elf.dir/Core/apps/src/cJSON.c.obj
 .text.parse_array
                0x08003950       0xec CMakeFiles/Firmware.elf.dir/Core/apps/src/cJSON.c.obj
 *fill*         0x08003a3c        0x4 
 .text.cJSON_SetNumberHelper
                0x08003a40       0x5c CMakeFiles/Firmware.elf.dir/Core/apps/src/cJSON.c.obj
                0x08003a40                cJSON_SetNumberHelper
 .text.cJSON_ParseWithLengthOpts
                0x08003a9c       0xc8 CMakeFiles/Firmware.elf.dir/Core/apps/src/cJSON.c.obj
                0x08003a9c                cJSON_ParseWithLengthOpts
 .text.cJSON_ParseWithOpts
                0x08003b64       0x1c CMakeFiles/Firmware.elf.dir/Core/apps/src/cJSON.c.obj
                0x08003b64                cJSON_ParseWithOpts
 .text.cJSON_Parse
                0x08003b80        0xc CMakeFiles/Firmware.elf.dir/Core/apps/src/cJSON.c.obj
                0x08003b80                cJSON_Parse
 .text.cJSON_Print
                0x08003b8c       0x10 CMakeFiles/Firmware.elf.dir/Core/apps/src/cJSON.c.obj
                0x08003b8c                cJSON_Print
 .text.cJSON_GetObjectItemCaseSensitive
                0x08003b9c        0xa CMakeFiles/Firmware.elf.dir/Core/apps/src/cJSON.c.obj
                0x08003b9c                cJSON_GetObjectItemCaseSensitive
 *fill*         0x08003ba6        0x2 
 .text.cJSON_CreateNumber
                0x08003ba8       0x68 CMakeFiles/Firmware.elf.dir/Core/apps/src/cJSON.c.obj
                0x08003ba8                cJSON_CreateNumber
 .text.cJSON_AddNumberToObject
                0x08003c10       0x38 CMakeFiles/Firmware.elf.dir/Core/apps/src/cJSON.c.obj
                0x08003c10                cJSON_AddNumberToObject
 .text.cJSON_CreateString
                0x08003c48       0x34 CMakeFiles/Firmware.elf.dir/Core/apps/src/cJSON.c.obj
                0x08003c48                cJSON_CreateString
 .text.cJSON_AddStringToObject
                0x08003c7c       0x38 CMakeFiles/Firmware.elf.dir/Core/apps/src/cJSON.c.obj
                0x08003c7c                cJSON_AddStringToObject
 .text.cJSON_CreateObject
                0x08003cb4       0x14 CMakeFiles/Firmware.elf.dir/Core/apps/src/cJSON.c.obj
                0x08003cb4                cJSON_CreateObject
 .text.cJSON_IsNumber
                0x08003cc8       0x12 CMakeFiles/Firmware.elf.dir/Core/apps/src/cJSON.c.obj
                0x08003cc8                cJSON_IsNumber
 .text.cJSON_IsString
                0x08003cda       0x12 CMakeFiles/Firmware.elf.dir/Core/apps/src/cJSON.c.obj
                0x08003cda                cJSON_IsString
 .text.parsedate
                0x08003cec       0x58 CMakeFiles/Firmware.elf.dir/Core/apps/src/command.c.obj
                0x08003cec                parsedate
 .text.parseTime
                0x08003d44       0x24 CMakeFiles/Firmware.elf.dir/Core/apps/src/command.c.obj
                0x08003d44                parseTime
 .text.command_Process
                0x08003d68      0x134 CMakeFiles/Firmware.elf.dir/Core/apps/src/command.c.obj
                0x08003d68                command_Process
 .text.HAL_GPIO_EXTI_Callback
                0x08003e9c       0x98 CMakeFiles/Firmware.elf.dir/Core/apps/src/key.c.obj
                0x08003e9c                HAL_GPIO_EXTI_Callback
 .text.getSensor_Count
                0x08003f34        0xc CMakeFiles/Firmware.elf.dir/Core/apps/src/key.c.obj
                0x08003f34                getSensor_Count
 .text.setSensor_Count
                0x08003f40        0xc CMakeFiles/Firmware.elf.dir/Core/apps/src/key.c.obj
                0x08003f40                setSensor_Count
 .text.Staring_Menu
                0x08003f4c       0xe8 CMakeFiles/Firmware.elf.dir/Core/apps/src/menu.c.obj
                0x08003f4c                Staring_Menu
 .text.showTime
                0x08004034       0x78 CMakeFiles/Firmware.elf.dir/Core/apps/src/menu.c.obj
                0x08004034                showTime
 .text.user_Menu
                0x080040ac      0x158 CMakeFiles/Firmware.elf.dir/Core/apps/src/menu.c.obj
                0x080040ac                user_Menu
 .text.getChangeFlag
                0x08004204        0xc CMakeFiles/Firmware.elf.dir/Core/apps/src/menu.c.obj
                0x08004204                getChangeFlag
 .text.changePriceMenu
                0x08004210      0x200 CMakeFiles/Firmware.elf.dir/Core/apps/src/menu.c.obj
                0x08004210                changePriceMenu
 .text.createConfigFile
                0x08004410      0x118 CMakeFiles/Firmware.elf.dir/Core/apps/src/meter.c.obj
                0x08004410                createConfigFile
 .text.checkInitFile
                0x08004528       0x38 CMakeFiles/Firmware.elf.dir/Core/apps/src/meter.c.obj
                0x08004528                checkInitFile
 .text.taxiSystemInit
                0x08004560      0x23c CMakeFiles/Firmware.elf.dir/Core/apps/src/meter.c.obj
                0x08004560                taxiSystemInit
 .text.getPrice
                0x0800479c        0xc CMakeFiles/Firmware.elf.dir/Core/apps/src/meter.c.obj
                0x0800479c                getPrice
 .text.getSpeed
                0x080047a8        0xc CMakeFiles/Firmware.elf.dir/Core/apps/src/meter.c.obj
                0x080047a8                getSpeed
 .text.getMileage
                0x080047b4        0xc CMakeFiles/Firmware.elf.dir/Core/apps/src/meter.c.obj
                0x080047b4                getMileage
 .text.setMileage
                0x080047c0        0xc CMakeFiles/Firmware.elf.dir/Core/apps/src/meter.c.obj
                0x080047c0                setMileage
 .text.writePriceToConfig
                0x080047cc      0x158 CMakeFiles/Firmware.elf.dir/Core/apps/src/meter.c.obj
                0x080047cc                writePriceToConfig
 .text.checkDirExist
                0x08004924       0x60 CMakeFiles/Firmware.elf.dir/Core/apps/src/meter.c.obj
                0x08004924                checkDirExist
 .text.count_files_in_dir
                0x08004984       0x50 CMakeFiles/Firmware.elf.dir/Core/apps/src/meter.c.obj
                0x08004984                count_files_in_dir
 .text.createOrderFile
                0x080049d4      0x1f8 CMakeFiles/Firmware.elf.dir/Core/apps/src/meter.c.obj
                0x080049d4                createOrderFile
 .text.HAL_TIM_PeriodElapsedCallback
                0x08004bcc       0x94 CMakeFiles/Firmware.elf.dir/Core/apps/src/meter.c.obj
                0x08004bcc                HAL_TIM_PeriodElapsedCallback
 .text.HAL_InitTick
                0x08004c60       0x4c CMakeFiles/Firmware.elf.dir/Drivers/STM32F1xx_HAL_Driver/Src/stm32f1xx_hal.c.obj
                0x08004c60                HAL_InitTick
 .text.HAL_Init
                0x08004cac       0x24 CMakeFiles/Firmware.elf.dir/Drivers/STM32F1xx_HAL_Driver/Src/stm32f1xx_hal.c.obj
                0x08004cac                HAL_Init
 .text.HAL_IncTick
                0x08004cd0       0x18 CMakeFiles/Firmware.elf.dir/Drivers/STM32F1xx_HAL_Driver/Src/stm32f1xx_hal.c.obj
                0x08004cd0                HAL_IncTick
 .text.HAL_GetTick
                0x08004ce8        0xc CMakeFiles/Firmware.elf.dir/Drivers/STM32F1xx_HAL_Driver/Src/stm32f1xx_hal.c.obj
                0x08004ce8                HAL_GetTick
 .text.HAL_Delay
                0x08004cf4       0x28 CMakeFiles/Firmware.elf.dir/Drivers/STM32F1xx_HAL_Driver/Src/stm32f1xx_hal.c.obj
                0x08004cf4                HAL_Delay
 .text.__NVIC_SetPriority
                0x08004d1c       0x28 CMakeFiles/Firmware.elf.dir/Drivers/STM32F1xx_HAL_Driver/Src/stm32f1xx_hal_cortex.c.obj
 .text.NVIC_EncodePriority
                0x08004d44       0x3e CMakeFiles/Firmware.elf.dir/Drivers/STM32F1xx_HAL_Driver/Src/stm32f1xx_hal_cortex.c.obj
 *fill*         0x08004d82        0x2 
 .text.HAL_NVIC_SetPriorityGrouping
                0x08004d84       0x24 CMakeFiles/Firmware.elf.dir/Drivers/STM32F1xx_HAL_Driver/Src/stm32f1xx_hal_cortex.c.obj
                0x08004d84                HAL_NVIC_SetPriorityGrouping
 .text.HAL_NVIC_SetPriority
                0x08004da8       0x20 CMakeFiles/Firmware.elf.dir/Drivers/STM32F1xx_HAL_Driver/Src/stm32f1xx_hal_cortex.c.obj
                0x08004da8                HAL_NVIC_SetPriority
 .text.HAL_NVIC_EnableIRQ
                0x08004dc8       0x1c CMakeFiles/Firmware.elf.dir/Drivers/STM32F1xx_HAL_Driver/Src/stm32f1xx_hal_cortex.c.obj
                0x08004dc8                HAL_NVIC_EnableIRQ
 .text.HAL_SYSTICK_Config
                0x08004de4       0x28 CMakeFiles/Firmware.elf.dir/Drivers/STM32F1xx_HAL_Driver/Src/stm32f1xx_hal_cortex.c.obj
                0x08004de4                HAL_SYSTICK_Config
 .text.DMA_SetConfig
                0x08004e0c       0x2c CMakeFiles/Firmware.elf.dir/Drivers/STM32F1xx_HAL_Driver/Src/stm32f1xx_hal_dma.c.obj
 .text.HAL_DMA_Init
                0x08004e38       0x94 CMakeFiles/Firmware.elf.dir/Drivers/STM32F1xx_HAL_Driver/Src/stm32f1xx_hal_dma.c.obj
                0x08004e38                HAL_DMA_Init
 .text.HAL_DMA_Start_IT
                0x08004ecc       0x76 CMakeFiles/Firmware.elf.dir/Drivers/STM32F1xx_HAL_Driver/Src/stm32f1xx_hal_dma.c.obj
                0x08004ecc                HAL_DMA_Start_IT
 .text.HAL_DMA_Abort
                0x08004f42       0x46 CMakeFiles/Firmware.elf.dir/Drivers/STM32F1xx_HAL_Driver/Src/stm32f1xx_hal_dma.c.obj
                0x08004f42                HAL_DMA_Abort
 .text.HAL_DMA_Abort_IT
                0x08004f88      0x16c CMakeFiles/Firmware.elf.dir/Drivers/STM32F1xx_HAL_Driver/Src/stm32f1xx_hal_dma.c.obj
                0x08004f88                HAL_DMA_Abort_IT
 .text.HAL_DMA_IRQHandler
                0x080050f4      0x2ec CMakeFiles/Firmware.elf.dir/Drivers/STM32F1xx_HAL_Driver/Src/stm32f1xx_hal_dma.c.obj
                0x080050f4                HAL_DMA_IRQHandler
 .text.HAL_GPIO_Init
                0x080053e0      0x238 CMakeFiles/Firmware.elf.dir/Drivers/STM32F1xx_HAL_Driver/Src/stm32f1xx_hal_gpio.c.obj
                0x080053e0                HAL_GPIO_Init
 .text.HAL_GPIO_ReadPin
                0x08005618        0xe CMakeFiles/Firmware.elf.dir/Drivers/STM32F1xx_HAL_Driver/Src/stm32f1xx_hal_gpio.c.obj
                0x08005618                HAL_GPIO_ReadPin
 .text.HAL_GPIO_WritePin
                0x08005626        0xc CMakeFiles/Firmware.elf.dir/Drivers/STM32F1xx_HAL_Driver/Src/stm32f1xx_hal_gpio.c.obj
                0x08005626                HAL_GPIO_WritePin
 *fill*         0x08005632        0x2 
 .text.HAL_GPIO_EXTI_IRQHandler
                0x08005634       0x1c CMakeFiles/Firmware.elf.dir/Drivers/STM32F1xx_HAL_Driver/Src/stm32f1xx_hal_gpio.c.obj
                0x08005634                HAL_GPIO_EXTI_IRQHandler
 .text.HAL_PCD_EP_DB_Receive
                0x08005650      0x11c CMakeFiles/Firmware.elf.dir/Drivers/STM32F1xx_HAL_Driver/Src/stm32f1xx_hal_pcd.c.obj
 .text.HAL_PCD_Init
                0x0800576c      0x110 CMakeFiles/Firmware.elf.dir/Drivers/STM32F1xx_HAL_Driver/Src/stm32f1xx_hal_pcd.c.obj
                0x0800576c                HAL_PCD_Init
 .text.HAL_PCD_Start
                0x0800587c       0x32 CMakeFiles/Firmware.elf.dir/Drivers/STM32F1xx_HAL_Driver/Src/stm32f1xx_hal_pcd.c.obj
                0x0800587c                HAL_PCD_Start
 .text.HAL_PCD_EP_DB_Transmit
                0x080058ae      0x424 CMakeFiles/Firmware.elf.dir/Drivers/STM32F1xx_HAL_Driver/Src/stm32f1xx_hal_pcd.c.obj
 .text.PCD_EP_ISR_Handler
                0x08005cd2      0x53e CMakeFiles/Firmware.elf.dir/Drivers/STM32F1xx_HAL_Driver/Src/stm32f1xx_hal_pcd.c.obj
 .text.HAL_PCD_SetAddress
                0x08006210       0x28 CMakeFiles/Firmware.elf.dir/Drivers/STM32F1xx_HAL_Driver/Src/stm32f1xx_hal_pcd.c.obj
                0x08006210                HAL_PCD_SetAddress
 .text.HAL_PCD_IRQHandler
                0x08006238      0x1b0 CMakeFiles/Firmware.elf.dir/Drivers/STM32F1xx_HAL_Driver/Src/stm32f1xx_hal_pcd.c.obj
                0x08006238                HAL_PCD_IRQHandler
 .text.HAL_PCD_EP_Open
                0x080063e8       0x7c CMakeFiles/Firmware.elf.dir/Drivers/STM32F1xx_HAL_Driver/Src/stm32f1xx_hal_pcd.c.obj
                0x080063e8                HAL_PCD_EP_Open
 .text.HAL_PCD_EP_Close
                0x08006464       0x64 CMakeFiles/Firmware.elf.dir/Drivers/STM32F1xx_HAL_Driver/Src/stm32f1xx_hal_pcd.c.obj
                0x08006464                HAL_PCD_EP_Close
 .text.HAL_PCD_EP_Receive
                0x080064c8       0x3a CMakeFiles/Firmware.elf.dir/Drivers/STM32F1xx_HAL_Driver/Src/stm32f1xx_hal_pcd.c.obj
                0x080064c8                HAL_PCD_EP_Receive
 .text.HAL_PCD_EP_GetRxCount
                0x08006502       0x12 CMakeFiles/Firmware.elf.dir/Drivers/STM32F1xx_HAL_Driver/Src/stm32f1xx_hal_pcd.c.obj
                0x08006502                HAL_PCD_EP_GetRxCount
 .text.HAL_PCD_EP_Transmit
                0x08006514       0x44 CMakeFiles/Firmware.elf.dir/Drivers/STM32F1xx_HAL_Driver/Src/stm32f1xx_hal_pcd.c.obj
                0x08006514                HAL_PCD_EP_Transmit
 .text.HAL_PCD_EP_SetStall
                0x08006558       0x78 CMakeFiles/Firmware.elf.dir/Drivers/STM32F1xx_HAL_Driver/Src/stm32f1xx_hal_pcd.c.obj
                0x08006558                HAL_PCD_EP_SetStall
 .text.HAL_PCD_EP_ClrStall
                0x080065d0       0x76 CMakeFiles/Firmware.elf.dir/Drivers/STM32F1xx_HAL_Driver/Src/stm32f1xx_hal_pcd.c.obj
                0x080065d0                HAL_PCD_EP_ClrStall
 .text.HAL_PCD_EP_Flush
                0x08006646       0x36 CMakeFiles/Firmware.elf.dir/Drivers/STM32F1xx_HAL_Driver/Src/stm32f1xx_hal_pcd.c.obj
                0x08006646                HAL_PCD_EP_Flush
 .text.HAL_PCDEx_PMAConfig
                0x0800667c       0x38 CMakeFiles/Firmware.elf.dir/Drivers/STM32F1xx_HAL_Driver/Src/stm32f1xx_hal_pcd_ex.c.obj
                0x0800667c                HAL_PCDEx_PMAConfig
 .text.HAL_PWR_EnableBkUpAccess
                0x080066b4        0xc CMakeFiles/Firmware.elf.dir/Drivers/STM32F1xx_HAL_Driver/Src/stm32f1xx_hal_pwr.c.obj
                0x080066b4                HAL_PWR_EnableBkUpAccess
 .text.RCC_Delay
                0x080066c0       0x2c CMakeFiles/Firmware.elf.dir/Drivers/STM32F1xx_HAL_Driver/Src/stm32f1xx_hal_rcc.c.obj
 .text.HAL_RCC_OscConfig
                0x080066ec      0x410 CMakeFiles/Firmware.elf.dir/Drivers/STM32F1xx_HAL_Driver/Src/stm32f1xx_hal_rcc.c.obj
                0x080066ec                HAL_RCC_OscConfig
 .text.HAL_RCC_GetSysClockFreq
                0x08006afc       0x54 CMakeFiles/Firmware.elf.dir/Drivers/STM32F1xx_HAL_Driver/Src/stm32f1xx_hal_rcc.c.obj
                0x08006afc                HAL_RCC_GetSysClockFreq
 .text.HAL_RCC_ClockConfig
                0x08006b50      0x16c CMakeFiles/Firmware.elf.dir/Drivers/STM32F1xx_HAL_Driver/Src/stm32f1xx_hal_rcc.c.obj
                0x08006b50                HAL_RCC_ClockConfig
 .text.HAL_RCC_GetHCLKFreq
                0x08006cbc        0xc CMakeFiles/Firmware.elf.dir/Drivers/STM32F1xx_HAL_Driver/Src/stm32f1xx_hal_rcc.c.obj
                0x08006cbc                HAL_RCC_GetHCLKFreq
 .text.HAL_RCC_GetPCLK1Freq
                0x08006cc8       0x20 CMakeFiles/Firmware.elf.dir/Drivers/STM32F1xx_HAL_Driver/Src/stm32f1xx_hal_rcc.c.obj
                0x08006cc8                HAL_RCC_GetPCLK1Freq
 .text.HAL_RCC_GetPCLK2Freq
                0x08006ce8       0x20 CMakeFiles/Firmware.elf.dir/Drivers/STM32F1xx_HAL_Driver/Src/stm32f1xx_hal_rcc.c.obj
                0x08006ce8                HAL_RCC_GetPCLK2Freq
 .text.HAL_RCCEx_PeriphCLKConfig
                0x08006d08      0x118 CMakeFiles/Firmware.elf.dir/Drivers/STM32F1xx_HAL_Driver/Src/stm32f1xx_hal_rcc_ex.c.obj
                0x08006d08                HAL_RCCEx_PeriphCLKConfig
 .text.HAL_RCCEx_GetPeriphCLKFreq
                0x08006e20       0xf4 CMakeFiles/Firmware.elf.dir/Drivers/STM32F1xx_HAL_Driver/Src/stm32f1xx_hal_rcc_ex.c.obj
                0x08006e20                HAL_RCCEx_GetPeriphCLKFreq
 .text.RTC_ReadTimeCounter
                0x08006f14       0x2a CMakeFiles/Firmware.elf.dir/Drivers/STM32F1xx_HAL_Driver/Src/stm32f1xx_hal_rtc.c.obj
 .text.RTC_ReadAlarmCounter
                0x08006f3e        0xe CMakeFiles/Firmware.elf.dir/Drivers/STM32F1xx_HAL_Driver/Src/stm32f1xx_hal_rtc.c.obj
 .text.RTC_ByteToBcd2
                0x08006f4c       0x16 CMakeFiles/Firmware.elf.dir/Drivers/STM32F1xx_HAL_Driver/Src/stm32f1xx_hal_rtc.c.obj
 .text.RTC_Bcd2ToByte
                0x08006f62       0x12 CMakeFiles/Firmware.elf.dir/Drivers/STM32F1xx_HAL_Driver/Src/stm32f1xx_hal_rtc.c.obj
 .text.RTC_IsLeapYear
                0x08006f74       0x40 CMakeFiles/Firmware.elf.dir/Drivers/STM32F1xx_HAL_Driver/Src/stm32f1xx_hal_rtc.c.obj
 .text.RTC_WeekDayNum
                0x08006fb4       0x98 CMakeFiles/Firmware.elf.dir/Drivers/STM32F1xx_HAL_Driver/Src/stm32f1xx_hal_rtc.c.obj
 .text.RTC_DateUpdate
                0x0800704c       0xa0 CMakeFiles/Firmware.elf.dir/Drivers/STM32F1xx_HAL_Driver/Src/stm32f1xx_hal_rtc.c.obj
 .text.RTC_EnterInitMode
                0x080070ec       0x30 CMakeFiles/Firmware.elf.dir/Drivers/STM32F1xx_HAL_Driver/Src/stm32f1xx_hal_rtc.c.obj
 .text.RTC_ExitInitMode
                0x0800711c       0x32 CMakeFiles/Firmware.elf.dir/Drivers/STM32F1xx_HAL_Driver/Src/stm32f1xx_hal_rtc.c.obj
 .text.RTC_WriteTimeCounter
                0x0800714e       0x2a CMakeFiles/Firmware.elf.dir/Drivers/STM32F1xx_HAL_Driver/Src/stm32f1xx_hal_rtc.c.obj
 .text.RTC_WriteAlarmCounter
                0x08007178       0x2a CMakeFiles/Firmware.elf.dir/Drivers/STM32F1xx_HAL_Driver/Src/stm32f1xx_hal_rtc.c.obj
 .text.HAL_RTC_SetTime
                0x080071a2       0xc2 CMakeFiles/Firmware.elf.dir/Drivers/STM32F1xx_HAL_Driver/Src/stm32f1xx_hal_rtc.c.obj
                0x080071a2                HAL_RTC_SetTime
 .text.HAL_RTC_GetTime
                0x08007264      0x10c CMakeFiles/Firmware.elf.dir/Drivers/STM32F1xx_HAL_Driver/Src/stm32f1xx_hal_rtc.c.obj
                0x08007264                HAL_RTC_GetTime
 .text.HAL_RTC_SetDate
                0x08007370       0xd4 CMakeFiles/Firmware.elf.dir/Drivers/STM32F1xx_HAL_Driver/Src/stm32f1xx_hal_rtc.c.obj
                0x08007370                HAL_RTC_SetDate
 .text.HAL_RTC_GetDate
                0x08007444       0x66 CMakeFiles/Firmware.elf.dir/Drivers/STM32F1xx_HAL_Driver/Src/stm32f1xx_hal_rtc.c.obj
                0x08007444                HAL_RTC_GetDate
 .text.HAL_RTC_AlarmAEventCallback
                0x080074aa        0x2 CMakeFiles/Firmware.elf.dir/Drivers/STM32F1xx_HAL_Driver/Src/stm32f1xx_hal_rtc.c.obj
                0x080074aa                HAL_RTC_AlarmAEventCallback
 .text.HAL_RTC_AlarmIRQHandler
                0x080074ac       0x38 CMakeFiles/Firmware.elf.dir/Drivers/STM32F1xx_HAL_Driver/Src/stm32f1xx_hal_rtc.c.obj
                0x080074ac                HAL_RTC_AlarmIRQHandler
 .text.HAL_RTC_WaitForSynchro
                0x080074e4       0x38 CMakeFiles/Firmware.elf.dir/Drivers/STM32F1xx_HAL_Driver/Src/stm32f1xx_hal_rtc.c.obj
                0x080074e4                HAL_RTC_WaitForSynchro
 .text.HAL_RTC_Init
                0x0800751c       0xb0 CMakeFiles/Firmware.elf.dir/Drivers/STM32F1xx_HAL_Driver/Src/stm32f1xx_hal_rtc.c.obj
                0x0800751c                HAL_RTC_Init
 .text.HAL_RTCEx_RTCEventErrorCallback
                0x080075cc        0x2 CMakeFiles/Firmware.elf.dir/Drivers/STM32F1xx_HAL_Driver/Src/stm32f1xx_hal_rtc_ex.c.obj
                0x080075cc                HAL_RTCEx_RTCEventErrorCallback
 .text.HAL_RTCEx_RTCIRQHandler
                0x080075ce       0x46 CMakeFiles/Firmware.elf.dir/Drivers/STM32F1xx_HAL_Driver/Src/stm32f1xx_hal_rtc_ex.c.obj
                0x080075ce                HAL_RTCEx_RTCIRQHandler
 .text.HAL_RTCEx_BKUPWrite
                0x08007614       0x10 CMakeFiles/Firmware.elf.dir/Drivers/STM32F1xx_HAL_Driver/Src/stm32f1xx_hal_rtc_ex.c.obj
                0x08007614                HAL_RTCEx_BKUPWrite
 .text.HAL_RTCEx_BKUPRead
                0x08007624       0x10 CMakeFiles/Firmware.elf.dir/Drivers/STM32F1xx_HAL_Driver/Src/stm32f1xx_hal_rtc_ex.c.obj
                0x08007624                HAL_RTCEx_BKUPRead
 .text.SD_PowerON
                0x08007634       0xc0 CMakeFiles/Firmware.elf.dir/Drivers/STM32F1xx_HAL_Driver/Src/stm32f1xx_hal_sd.c.obj
 .text.SD_SendStatus
                0x080076f4       0x2c CMakeFiles/Firmware.elf.dir/Drivers/STM32F1xx_HAL_Driver/Src/stm32f1xx_hal_sd.c.obj
 .text.HAL_SD_ReadBlocks
                0x08007720      0x248 CMakeFiles/Firmware.elf.dir/Drivers/STM32F1xx_HAL_Driver/Src/stm32f1xx_hal_sd.c.obj
                0x08007720                HAL_SD_ReadBlocks
 .text.HAL_SD_WriteBlocks
                0x08007968      0x204 CMakeFiles/Firmware.elf.dir/Drivers/STM32F1xx_HAL_Driver/Src/stm32f1xx_hal_sd.c.obj
                0x08007968                HAL_SD_WriteBlocks
 .text.HAL_SD_GetCardCSD
                0x08007b6c      0x1b8 CMakeFiles/Firmware.elf.dir/Drivers/STM32F1xx_HAL_Driver/Src/stm32f1xx_hal_sd.c.obj
                0x08007b6c                HAL_SD_GetCardCSD
 .text.SD_InitCard
                0x08007d24      0x100 CMakeFiles/Firmware.elf.dir/Drivers/STM32F1xx_HAL_Driver/Src/stm32f1xx_hal_sd.c.obj
 .text.HAL_SD_InitCard
                0x08007e24       0xa8 CMakeFiles/Firmware.elf.dir/Drivers/STM32F1xx_HAL_Driver/Src/stm32f1xx_hal_sd.c.obj
                0x08007e24                HAL_SD_InitCard
 .text.HAL_SD_Init
                0x08007ecc       0x36 CMakeFiles/Firmware.elf.dir/Drivers/STM32F1xx_HAL_Driver/Src/stm32f1xx_hal_sd.c.obj
                0x08007ecc                HAL_SD_Init
 .text.HAL_SD_GetCardInfo
                0x08007f02       0x24 CMakeFiles/Firmware.elf.dir/Drivers/STM32F1xx_HAL_Driver/Src/stm32f1xx_hal_sd.c.obj
                0x08007f02                HAL_SD_GetCardInfo
 .text.HAL_SD_GetCardState
                0x08007f26       0x22 CMakeFiles/Firmware.elf.dir/Drivers/STM32F1xx_HAL_Driver/Src/stm32f1xx_hal_sd.c.obj
                0x08007f26                HAL_SD_GetCardState
 .text.HAL_SPI_Init
                0x08007f48       0xb6 CMakeFiles/Firmware.elf.dir/Drivers/STM32F1xx_HAL_Driver/Src/stm32f1xx_hal_spi.c.obj
                0x08007f48                HAL_SPI_Init
 .text.HAL_SRAM_Init
                0x08007ffe       0x64 CMakeFiles/Firmware.elf.dir/Drivers/STM32F1xx_HAL_Driver/Src/stm32f1xx_hal_sram.c.obj
                0x08007ffe                HAL_SRAM_Init
 .text.TIM_TI1_ConfigInputStage
                0x08008062       0x24 CMakeFiles/Firmware.elf.dir/Drivers/STM32F1xx_HAL_Driver/Src/stm32f1xx_hal_tim.c.obj
 .text.TIM_TI2_ConfigInputStage
                0x08008086       0x26 CMakeFiles/Firmware.elf.dir/Drivers/STM32F1xx_HAL_Driver/Src/stm32f1xx_hal_tim.c.obj
 .text.TIM_ITRx_SetConfig
                0x080080ac       0x10 CMakeFiles/Firmware.elf.dir/Drivers/STM32F1xx_HAL_Driver/Src/stm32f1xx_hal_tim.c.obj
 .text.HAL_TIM_Base_Start_IT
                0x080080bc       0x78 CMakeFiles/Firmware.elf.dir/Drivers/STM32F1xx_HAL_Driver/Src/stm32f1xx_hal_tim.c.obj
                0x080080bc                HAL_TIM_Base_Start_IT
 .text.HAL_TIM_Base_Stop_IT
                0x08008134       0x32 CMakeFiles/Firmware.elf.dir/Drivers/STM32F1xx_HAL_Driver/Src/stm32f1xx_hal_tim.c.obj
                0x08008134                HAL_TIM_Base_Stop_IT
 .text.HAL_TIM_OC_DelayElapsedCallback
                0x08008166        0x2 CMakeFiles/Firmware.elf.dir/Drivers/STM32F1xx_HAL_Driver/Src/stm32f1xx_hal_tim.c.obj
                0x08008166                HAL_TIM_OC_DelayElapsedCallback
 .text.HAL_TIM_IC_CaptureCallback
                0x08008168        0x2 CMakeFiles/Firmware.elf.dir/Drivers/STM32F1xx_HAL_Driver/Src/stm32f1xx_hal_tim.c.obj
                0x08008168                HAL_TIM_IC_CaptureCallback
 .text.HAL_TIM_PWM_PulseFinishedCallback
                0x0800816a        0x2 CMakeFiles/Firmware.elf.dir/Drivers/STM32F1xx_HAL_Driver/Src/stm32f1xx_hal_tim.c.obj
                0x0800816a                HAL_TIM_PWM_PulseFinishedCallback
 .text.HAL_TIM_TriggerCallback
                0x0800816c        0x2 CMakeFiles/Firmware.elf.dir/Drivers/STM32F1xx_HAL_Driver/Src/stm32f1xx_hal_tim.c.obj
                0x0800816c                HAL_TIM_TriggerCallback
 .text.HAL_TIM_IRQHandler
                0x0800816e      0x17a CMakeFiles/Firmware.elf.dir/Drivers/STM32F1xx_HAL_Driver/Src/stm32f1xx_hal_tim.c.obj
                0x0800816e                HAL_TIM_IRQHandler
 .text.TIM_Base_SetConfig
                0x080082e8       0x98 CMakeFiles/Firmware.elf.dir/Drivers/STM32F1xx_HAL_Driver/Src/stm32f1xx_hal_tim.c.obj
                0x080082e8                TIM_Base_SetConfig
 .text.HAL_TIM_Base_Init
                0x08008380       0x58 CMakeFiles/Firmware.elf.dir/Drivers/STM32F1xx_HAL_Driver/Src/stm32f1xx_hal_tim.c.obj
                0x08008380                HAL_TIM_Base_Init
 .text.TIM_ETR_SetConfig
                0x080083d8       0x18 CMakeFiles/Firmware.elf.dir/Drivers/STM32F1xx_HAL_Driver/Src/stm32f1xx_hal_tim.c.obj
                0x080083d8                TIM_ETR_SetConfig
 .text.HAL_TIM_ConfigClockSource
                0x080083f0       0xfe CMakeFiles/Firmware.elf.dir/Drivers/STM32F1xx_HAL_Driver/Src/stm32f1xx_hal_tim.c.obj
                0x080083f0                HAL_TIM_ConfigClockSource
 *fill*         0x080084ee        0x2 
 .text.HAL_TIMEx_MasterConfigSynchronization
                0x080084f0       0x7c CMakeFiles/Firmware.elf.dir/Drivers/STM32F1xx_HAL_Driver/Src/stm32f1xx_hal_tim_ex.c.obj
                0x080084f0                HAL_TIMEx_MasterConfigSynchronization
 .text.HAL_TIMEx_CommutCallback
                0x0800856c        0x2 CMakeFiles/Firmware.elf.dir/Drivers/STM32F1xx_HAL_Driver/Src/stm32f1xx_hal_tim_ex.c.obj
                0x0800856c                HAL_TIMEx_CommutCallback
 .text.HAL_TIMEx_BreakCallback
                0x0800856e        0x2 CMakeFiles/Firmware.elf.dir/Drivers/STM32F1xx_HAL_Driver/Src/stm32f1xx_hal_tim_ex.c.obj
                0x0800856e                HAL_TIMEx_BreakCallback
 .text.UART_EndTxTransfer
                0x08008570       0x20 CMakeFiles/Firmware.elf.dir/Drivers/STM32F1xx_HAL_Driver/Src/stm32f1xx_hal_uart.c.obj
 .text.UART_EndRxTransfer
                0x08008590       0x5c CMakeFiles/Firmware.elf.dir/Drivers/STM32F1xx_HAL_Driver/Src/stm32f1xx_hal_uart.c.obj
 .text.UART_Transmit_IT
                0x080085ec       0x60 CMakeFiles/Firmware.elf.dir/Drivers/STM32F1xx_HAL_Driver/Src/stm32f1xx_hal_uart.c.obj
 .text.UART_SetConfig
                0x0800864c       0x94 CMakeFiles/Firmware.elf.dir/Drivers/STM32F1xx_HAL_Driver/Src/stm32f1xx_hal_uart.c.obj
 .text.UART_WaitOnFlagUntilTimeout
                0x080086e0       0x84 CMakeFiles/Firmware.elf.dir/Drivers/STM32F1xx_HAL_Driver/Src/stm32f1xx_hal_uart.c.obj
 .text.HAL_UART_Init
                0x08008764       0x60 CMakeFiles/Firmware.elf.dir/Drivers/STM32F1xx_HAL_Driver/Src/stm32f1xx_hal_uart.c.obj
                0x08008764                HAL_UART_Init
 .text.HAL_UART_Transmit
                0x080087c4       0xbe CMakeFiles/Firmware.elf.dir/Drivers/STM32F1xx_HAL_Driver/Src/stm32f1xx_hal_uart.c.obj
                0x080087c4                HAL_UART_Transmit
 .text.HAL_UART_Receive
                0x08008882       0xca CMakeFiles/Firmware.elf.dir/Drivers/STM32F1xx_HAL_Driver/Src/stm32f1xx_hal_uart.c.obj
                0x08008882                HAL_UART_Receive
 .text.HAL_UART_TxCpltCallback
                0x0800894c        0x2 CMakeFiles/Firmware.elf.dir/Drivers/STM32F1xx_HAL_Driver/Src/stm32f1xx_hal_uart.c.obj
                0x0800894c                HAL_UART_TxCpltCallback
 .text.UART_EndTransmit_IT
                0x0800894e       0x1a CMakeFiles/Firmware.elf.dir/Drivers/STM32F1xx_HAL_Driver/Src/stm32f1xx_hal_uart.c.obj
 .text.HAL_UART_RxCpltCallback
                0x08008968        0x2 CMakeFiles/Firmware.elf.dir/Drivers/STM32F1xx_HAL_Driver/Src/stm32f1xx_hal_uart.c.obj
                0x08008968                HAL_UART_RxCpltCallback
 .text.HAL_UART_RxHalfCpltCallback
                0x0800896a        0x2 CMakeFiles/Firmware.elf.dir/Drivers/STM32F1xx_HAL_Driver/Src/stm32f1xx_hal_uart.c.obj
                0x0800896a                HAL_UART_RxHalfCpltCallback
 .text.HAL_UART_ErrorCallback
                0x0800896c        0x2 CMakeFiles/Firmware.elf.dir/Drivers/STM32F1xx_HAL_Driver/Src/stm32f1xx_hal_uart.c.obj
                0x0800896c                HAL_UART_ErrorCallback
 .text.UART_DMAError
                0x0800896e       0x58 CMakeFiles/Firmware.elf.dir/Drivers/STM32F1xx_HAL_Driver/Src/stm32f1xx_hal_uart.c.obj
 .text.UART_DMAAbortOnError
                0x080089c6       0x10 CMakeFiles/Firmware.elf.dir/Drivers/STM32F1xx_HAL_Driver/Src/stm32f1xx_hal_uart.c.obj
 .text.UART_Receive_IT
                0x080089d6       0xe6 CMakeFiles/Firmware.elf.dir/Drivers/STM32F1xx_HAL_Driver/Src/stm32f1xx_hal_uart.c.obj
 .text.HAL_UART_IRQHandler
                0x08008abc      0x284 CMakeFiles/Firmware.elf.dir/Drivers/STM32F1xx_HAL_Driver/Src/stm32f1xx_hal_uart.c.obj
                0x08008abc                HAL_UART_IRQHandler
 .text.UART_DMARxHalfCplt
                0x08008d40       0x1e CMakeFiles/Firmware.elf.dir/Drivers/STM32F1xx_HAL_Driver/Src/stm32f1xx_hal_uart.c.obj
 .text.UART_DMAReceiveCplt
                0x08008d5e       0x9a CMakeFiles/Firmware.elf.dir/Drivers/STM32F1xx_HAL_Driver/Src/stm32f1xx_hal_uart.c.obj
 .text.UART_Start_Receive_DMA
                0x08008df8       0xa4 CMakeFiles/Firmware.elf.dir/Drivers/STM32F1xx_HAL_Driver/Src/stm32f1xx_hal_uart.c.obj
                0x08008df8                UART_Start_Receive_DMA
 .text.HAL_UARTEx_ReceiveToIdle_DMA
                0x08008e9c       0x66 CMakeFiles/Firmware.elf.dir/Drivers/STM32F1xx_HAL_Driver/Src/stm32f1xx_hal_uart.c.obj
                0x08008e9c                HAL_UARTEx_ReceiveToIdle_DMA
 *fill*         0x08008f02        0x2 
 .text.FSMC_NORSRAM_Init
                0x08008f04       0x68 CMakeFiles/Firmware.elf.dir/Drivers/STM32F1xx_HAL_Driver/Src/stm32f1xx_ll_fsmc.c.obj
                0x08008f04                FSMC_NORSRAM_Init
 .text.FSMC_NORSRAM_Timing_Init
                0x08008f6c       0x50 CMakeFiles/Firmware.elf.dir/Drivers/STM32F1xx_HAL_Driver/Src/stm32f1xx_ll_fsmc.c.obj
                0x08008f6c                FSMC_NORSRAM_Timing_Init
 .text.FSMC_NORSRAM_Extended_Timing_Init
                0x08008fbc       0x44 CMakeFiles/Firmware.elf.dir/Drivers/STM32F1xx_HAL_Driver/Src/stm32f1xx_ll_fsmc.c.obj
                0x08008fbc                FSMC_NORSRAM_Extended_Timing_Init
 .text.SDMMC_GetCmdError
                0x08009000       0x38 CMakeFiles/Firmware.elf.dir/Drivers/STM32F1xx_HAL_Driver/Src/stm32f1xx_ll_sdmmc.c.obj
 .text.SDIO_Init
                0x08009038       0x32 CMakeFiles/Firmware.elf.dir/Drivers/STM32F1xx_HAL_Driver/Src/stm32f1xx_ll_sdmmc.c.obj
                0x08009038                SDIO_Init
 .text.SDIO_ReadFIFO
                0x0800906a        0x6 CMakeFiles/Firmware.elf.dir/Drivers/STM32F1xx_HAL_Driver/Src/stm32f1xx_ll_sdmmc.c.obj
                0x0800906a                SDIO_ReadFIFO
 .text.SDIO_WriteFIFO
                0x08009070        0xa CMakeFiles/Firmware.elf.dir/Drivers/STM32F1xx_HAL_Driver/Src/stm32f1xx_ll_sdmmc.c.obj
                0x08009070                SDIO_WriteFIFO
 .text.SDIO_PowerState_ON
                0x0800907a        0x8 CMakeFiles/Firmware.elf.dir/Drivers/STM32F1xx_HAL_Driver/Src/stm32f1xx_ll_sdmmc.c.obj
                0x0800907a                SDIO_PowerState_ON
 .text.SDIO_GetPowerState
                0x08009082        0x8 CMakeFiles/Firmware.elf.dir/Drivers/STM32F1xx_HAL_Driver/Src/stm32f1xx_ll_sdmmc.c.obj
                0x08009082                SDIO_GetPowerState
 .text.SDIO_SendCommand
                0x0800908a       0x20 CMakeFiles/Firmware.elf.dir/Drivers/STM32F1xx_HAL_Driver/Src/stm32f1xx_ll_sdmmc.c.obj
                0x0800908a                SDIO_SendCommand
 .text.SDIO_GetCommandResponse
                0x080090aa        0x6 CMakeFiles/Firmware.elf.dir/Drivers/STM32F1xx_HAL_Driver/Src/stm32f1xx_ll_sdmmc.c.obj
                0x080090aa                SDIO_GetCommandResponse
 .text.SDIO_GetResponse
                0x080090b0        0x6 CMakeFiles/Firmware.elf.dir/Drivers/STM32F1xx_HAL_Driver/Src/stm32f1xx_ll_sdmmc.c.obj
                0x080090b0                SDIO_GetResponse
 .text.SDIO_ConfigData
                0x080090b6       0x24 CMakeFiles/Firmware.elf.dir/Drivers/STM32F1xx_HAL_Driver/Src/stm32f1xx_ll_sdmmc.c.obj
                0x080090b6                SDIO_ConfigData
 .text.SDMMC_CmdGoIdleState
                0x080090da       0x26 CMakeFiles/Firmware.elf.dir/Drivers/STM32F1xx_HAL_Driver/Src/stm32f1xx_ll_sdmmc.c.obj
                0x080090da                SDMMC_CmdGoIdleState
 .text.SDMMC_GetCmdResp1
                0x08009100      0x154 CMakeFiles/Firmware.elf.dir/Drivers/STM32F1xx_HAL_Driver/Src/stm32f1xx_ll_sdmmc.c.obj
                0x08009100                SDMMC_GetCmdResp1
 .text.SDMMC_CmdBlockLength
                0x08009254       0x30 CMakeFiles/Firmware.elf.dir/Drivers/STM32F1xx_HAL_Driver/Src/stm32f1xx_ll_sdmmc.c.obj
                0x08009254                SDMMC_CmdBlockLength
 .text.SDMMC_CmdReadSingleBlock
                0x08009284       0x30 CMakeFiles/Firmware.elf.dir/Drivers/STM32F1xx_HAL_Driver/Src/stm32f1xx_ll_sdmmc.c.obj
                0x08009284                SDMMC_CmdReadSingleBlock
 .text.SDMMC_CmdReadMultiBlock
                0x080092b4       0x30 CMakeFiles/Firmware.elf.dir/Drivers/STM32F1xx_HAL_Driver/Src/stm32f1xx_ll_sdmmc.c.obj
                0x080092b4                SDMMC_CmdReadMultiBlock
 .text.SDMMC_CmdWriteSingleBlock
                0x080092e4       0x30 CMakeFiles/Firmware.elf.dir/Drivers/STM32F1xx_HAL_Driver/Src/stm32f1xx_ll_sdmmc.c.obj
                0x080092e4                SDMMC_CmdWriteSingleBlock
 .text.SDMMC_CmdWriteMultiBlock
                0x08009314       0x30 CMakeFiles/Firmware.elf.dir/Drivers/STM32F1xx_HAL_Driver/Src/stm32f1xx_ll_sdmmc.c.obj
                0x08009314                SDMMC_CmdWriteMultiBlock
 .text.SDMMC_CmdStopTransfer
                0x08009344       0x34 CMakeFiles/Firmware.elf.dir/Drivers/STM32F1xx_HAL_Driver/Src/stm32f1xx_ll_sdmmc.c.obj
                0x08009344                SDMMC_CmdStopTransfer
 .text.SDMMC_CmdSelDesel
                0x08009378       0x30 CMakeFiles/Firmware.elf.dir/Drivers/STM32F1xx_HAL_Driver/Src/stm32f1xx_ll_sdmmc.c.obj
                0x08009378                SDMMC_CmdSelDesel
 .text.SDMMC_CmdAppCommand
                0x080093a8       0x30 CMakeFiles/Firmware.elf.dir/Drivers/STM32F1xx_HAL_Driver/Src/stm32f1xx_ll_sdmmc.c.obj
                0x080093a8                SDMMC_CmdAppCommand
 .text.SDMMC_CmdSendStatus
                0x080093d8       0x30 CMakeFiles/Firmware.elf.dir/Drivers/STM32F1xx_HAL_Driver/Src/stm32f1xx_ll_sdmmc.c.obj
                0x080093d8                SDMMC_CmdSendStatus
 .text.SDMMC_GetCmdResp2
                0x08009408       0x5c CMakeFiles/Firmware.elf.dir/Drivers/STM32F1xx_HAL_Driver/Src/stm32f1xx_ll_sdmmc.c.obj
                0x08009408                SDMMC_GetCmdResp2
 .text.SDMMC_CmdSendCID
                0x08009464       0x2a CMakeFiles/Firmware.elf.dir/Drivers/STM32F1xx_HAL_Driver/Src/stm32f1xx_ll_sdmmc.c.obj
                0x08009464                SDMMC_CmdSendCID
 .text.SDMMC_CmdSendCSD
                0x0800948e       0x2a CMakeFiles/Firmware.elf.dir/Drivers/STM32F1xx_HAL_Driver/Src/stm32f1xx_ll_sdmmc.c.obj
                0x0800948e                SDMMC_CmdSendCSD
 .text.SDMMC_GetCmdResp3
                0x080094b8       0x4c CMakeFiles/Firmware.elf.dir/Drivers/STM32F1xx_HAL_Driver/Src/stm32f1xx_ll_sdmmc.c.obj
                0x080094b8                SDMMC_GetCmdResp3
 .text.SDMMC_CmdAppOperCommand
                0x08009504       0x32 CMakeFiles/Firmware.elf.dir/Drivers/STM32F1xx_HAL_Driver/Src/stm32f1xx_ll_sdmmc.c.obj
                0x08009504                SDMMC_CmdAppOperCommand
 *fill*         0x08009536        0x2 
 .text.SDMMC_GetCmdResp6
                0x08009538       0xa0 CMakeFiles/Firmware.elf.dir/Drivers/STM32F1xx_HAL_Driver/Src/stm32f1xx_ll_sdmmc.c.obj
                0x08009538                SDMMC_GetCmdResp6
 .text.SDMMC_CmdSetRelAdd
                0x080095d8       0x30 CMakeFiles/Firmware.elf.dir/Drivers/STM32F1xx_HAL_Driver/Src/stm32f1xx_ll_sdmmc.c.obj
                0x080095d8                SDMMC_CmdSetRelAdd
 .text.SDMMC_GetCmdResp7
                0x08009608       0x64 CMakeFiles/Firmware.elf.dir/Drivers/STM32F1xx_HAL_Driver/Src/stm32f1xx_ll_sdmmc.c.obj
                0x08009608                SDMMC_GetCmdResp7
 .text.SDMMC_CmdOperCond
                0x0800966c       0x2e CMakeFiles/Firmware.elf.dir/Drivers/STM32F1xx_HAL_Driver/Src/stm32f1xx_ll_sdmmc.c.obj
                0x0800966c                SDMMC_CmdOperCond
 .text.USB_CoreInit
                0x0800969a        0xe CMakeFiles/Firmware.elf.dir/Drivers/STM32F1xx_HAL_Driver/Src/stm32f1xx_ll_usb.c.obj
                0x0800969a                USB_CoreInit
 .text.USB_EnableGlobalInt
                0x080096a8       0x12 CMakeFiles/Firmware.elf.dir/Drivers/STM32F1xx_HAL_Driver/Src/stm32f1xx_ll_usb.c.obj
                0x080096a8                USB_EnableGlobalInt
 .text.USB_DisableGlobalInt
                0x080096ba       0x14 CMakeFiles/Firmware.elf.dir/Drivers/STM32F1xx_HAL_Driver/Src/stm32f1xx_ll_usb.c.obj
                0x080096ba                USB_DisableGlobalInt
 .text.USB_SetCurrentMode
                0x080096ce        0x4 CMakeFiles/Firmware.elf.dir/Drivers/STM32F1xx_HAL_Driver/Src/stm32f1xx_ll_usb.c.obj
                0x080096ce                USB_SetCurrentMode
 .text.USB_DevInit
                0x080096d2       0x22 CMakeFiles/Firmware.elf.dir/Drivers/STM32F1xx_HAL_Driver/Src/stm32f1xx_ll_usb.c.obj
                0x080096d2                USB_DevInit
 .text.USB_FlushTxFifo
                0x080096f4        0x4 CMakeFiles/Firmware.elf.dir/Drivers/STM32F1xx_HAL_Driver/Src/stm32f1xx_ll_usb.c.obj
                0x080096f4                USB_FlushTxFifo
 .text.USB_FlushRxFifo
                0x080096f8        0x4 CMakeFiles/Firmware.elf.dir/Drivers/STM32F1xx_HAL_Driver/Src/stm32f1xx_ll_usb.c.obj
                0x080096f8                USB_FlushRxFifo
 .text.USB_ActivateEndpoint
                0x080096fc      0x3ca CMakeFiles/Firmware.elf.dir/Drivers/STM32F1xx_HAL_Driver/Src/stm32f1xx_ll_usb.c.obj
                0x080096fc                USB_ActivateEndpoint
 .text.USB_DeactivateEndpoint
                0x08009ac6      0x1d6 CMakeFiles/Firmware.elf.dir/Drivers/STM32F1xx_HAL_Driver/Src/stm32f1xx_ll_usb.c.obj
                0x08009ac6                USB_DeactivateEndpoint
 .text.USB_EPSetStall
                0x08009c9c       0x4a CMakeFiles/Firmware.elf.dir/Drivers/STM32F1xx_HAL_Driver/Src/stm32f1xx_ll_usb.c.obj
                0x08009c9c                USB_EPSetStall
 .text.USB_EPClearStall
                0x08009ce6       0xa2 CMakeFiles/Firmware.elf.dir/Drivers/STM32F1xx_HAL_Driver/Src/stm32f1xx_ll_usb.c.obj
                0x08009ce6                USB_EPClearStall
 .text.USB_SetDevAddress
                0x08009d88        0xc CMakeFiles/Firmware.elf.dir/Drivers/STM32F1xx_HAL_Driver/Src/stm32f1xx_ll_usb.c.obj
                0x08009d88                USB_SetDevAddress
 .text.USB_DevConnect
                0x08009d94        0x4 CMakeFiles/Firmware.elf.dir/Drivers/STM32F1xx_HAL_Driver/Src/stm32f1xx_ll_usb.c.obj
                0x08009d94                USB_DevConnect
 .text.USB_DevDisconnect
                0x08009d98        0x4 CMakeFiles/Firmware.elf.dir/Drivers/STM32F1xx_HAL_Driver/Src/stm32f1xx_ll_usb.c.obj
                0x08009d98                USB_DevDisconnect
 .text.USB_ReadInterrupts
                0x08009d9c        0x8 CMakeFiles/Firmware.elf.dir/Drivers/STM32F1xx_HAL_Driver/Src/stm32f1xx_ll_usb.c.obj
                0x08009d9c                USB_ReadInterrupts
 .text.USB_EP0_OutStart
                0x08009da4        0x4 CMakeFiles/Firmware.elf.dir/Drivers/STM32F1xx_HAL_Driver/Src/stm32f1xx_ll_usb.c.obj
                0x08009da4                USB_EP0_OutStart
 .text.USB_WritePMA
                0x08009da8       0x26 CMakeFiles/Firmware.elf.dir/Drivers/STM32F1xx_HAL_Driver/Src/stm32f1xx_ll_usb.c.obj
                0x08009da8                USB_WritePMA
 .text.USB_EPStartXfer
                0x08009dce      0x7ce CMakeFiles/Firmware.elf.dir/Drivers/STM32F1xx_HAL_Driver/Src/stm32f1xx_ll_usb.c.obj
                0x08009dce                USB_EPStartXfer
 .text.USB_ReadPMA
                0x0800a59c       0x30 CMakeFiles/Firmware.elf.dir/Drivers/STM32F1xx_HAL_Driver/Src/stm32f1xx_ll_usb.c.obj
                0x0800a59c                USB_ReadPMA
 .text.MX_FATFS_Init
                0x0800a5cc       0xa4 CMakeFiles/Firmware.elf.dir/FATFS/App/fatfs.c.obj
                0x0800a5cc                MX_FATFS_Init
 .text.get_fattime
                0x0800a670        0x4 CMakeFiles/Firmware.elf.dir/FATFS/App/fatfs.c.obj
                0x0800a670                get_fattime
 .text.BSP_SD_ReadBlocks
                0x0800a674       0x20 CMakeFiles/Firmware.elf.dir/FATFS/Target/bsp_driver_sd.c.obj
                0x0800a674                BSP_SD_ReadBlocks
 .text.BSP_SD_WriteBlocks
                0x0800a694       0x20 CMakeFiles/Firmware.elf.dir/FATFS/Target/bsp_driver_sd.c.obj
                0x0800a694                BSP_SD_WriteBlocks
 .text.BSP_SD_GetCardState
                0x0800a6b4       0x14 CMakeFiles/Firmware.elf.dir/FATFS/Target/bsp_driver_sd.c.obj
                0x0800a6b4                BSP_SD_GetCardState
 .text.BSP_SD_GetCardInfo
                0x0800a6c8       0x10 CMakeFiles/Firmware.elf.dir/FATFS/Target/bsp_driver_sd.c.obj
                0x0800a6c8                BSP_SD_GetCardInfo
 .text.BSP_SD_IsDetected
                0x0800a6d8       0x10 CMakeFiles/Firmware.elf.dir/FATFS/Target/bsp_driver_sd.c.obj
                0x0800a6d8                BSP_SD_IsDetected
 .text.BSP_SD_Init
                0x0800a6e8       0x1c CMakeFiles/Firmware.elf.dir/FATFS/Target/bsp_driver_sd.c.obj
                0x0800a6e8                BSP_SD_Init
 .text.USBD_MSC_GetHSCfgDesc
                0x0800a704        0xc CMakeFiles/Firmware.elf.dir/Middlewares/ST/STM32_USB_Device_Library/Class/MSC/Src/usbd_msc.c.obj
                0x0800a704                USBD_MSC_GetHSCfgDesc
 .text.USBD_MSC_GetFSCfgDesc
                0x0800a710        0xc CMakeFiles/Firmware.elf.dir/Middlewares/ST/STM32_USB_Device_Library/Class/MSC/Src/usbd_msc.c.obj
                0x0800a710                USBD_MSC_GetFSCfgDesc
 .text.USBD_MSC_GetOtherSpeedCfgDesc
                0x0800a71c        0xc CMakeFiles/Firmware.elf.dir/Middlewares/ST/STM32_USB_Device_Library/Class/MSC/Src/usbd_msc.c.obj
                0x0800a71c                USBD_MSC_GetOtherSpeedCfgDesc
 .text.USBD_MSC_GetDeviceQualifierDescriptor
                0x0800a728        0xc CMakeFiles/Firmware.elf.dir/Middlewares/ST/STM32_USB_Device_Library/Class/MSC/Src/usbd_msc.c.obj
                0x0800a728                USBD_MSC_GetDeviceQualifierDescriptor
 .text.USBD_MSC_Init
                0x0800a734       0x66 CMakeFiles/Firmware.elf.dir/Middlewares/ST/STM32_USB_Device_Library/Class/MSC/Src/usbd_msc.c.obj
                0x0800a734                USBD_MSC_Init
 .text.USBD_MSC_DeInit
                0x0800a79a       0x32 CMakeFiles/Firmware.elf.dir/Middlewares/ST/STM32_USB_Device_Library/Class/MSC/Src/usbd_msc.c.obj
                0x0800a79a                USBD_MSC_DeInit
 .text.USBD_MSC_Setup
                0x0800a7cc      0x198 CMakeFiles/Firmware.elf.dir/Middlewares/ST/STM32_USB_Device_Library/Class/MSC/Src/usbd_msc.c.obj
                0x0800a7cc                USBD_MSC_Setup
 .text.USBD_MSC_DataIn
                0x0800a964        0xa CMakeFiles/Firmware.elf.dir/Middlewares/ST/STM32_USB_Device_Library/Class/MSC/Src/usbd_msc.c.obj
                0x0800a964                USBD_MSC_DataIn
 .text.USBD_MSC_DataOut
                0x0800a96e        0xa CMakeFiles/Firmware.elf.dir/Middlewares/ST/STM32_USB_Device_Library/Class/MSC/Src/usbd_msc.c.obj
                0x0800a96e                USBD_MSC_DataOut
 .text.USBD_MSC_RegisterStorage
                0x0800a978        0xa CMakeFiles/Firmware.elf.dir/Middlewares/ST/STM32_USB_Device_Library/Class/MSC/Src/usbd_msc.c.obj
                0x0800a978                USBD_MSC_RegisterStorage
 .text.MSC_BOT_SendData
                0x0800a982       0x34 CMakeFiles/Firmware.elf.dir/Middlewares/ST/STM32_USB_Device_Library/Class/MSC/Src/usbd_msc_bot.c.obj
 .text.MSC_BOT_Abort
                0x0800a9b6       0x40 CMakeFiles/Firmware.elf.dir/Middlewares/ST/STM32_USB_Device_Library/Class/MSC/Src/usbd_msc_bot.c.obj
 .text.MSC_BOT_Init
                0x0800a9f6       0x3e CMakeFiles/Firmware.elf.dir/Middlewares/ST/STM32_USB_Device_Library/Class/MSC/Src/usbd_msc_bot.c.obj
                0x0800a9f6                MSC_BOT_Init
 .text.MSC_BOT_Reset
                0x0800aa34       0x1a CMakeFiles/Firmware.elf.dir/Middlewares/ST/STM32_USB_Device_Library/Class/MSC/Src/usbd_msc_bot.c.obj
                0x0800aa34                MSC_BOT_Reset
 .text.MSC_BOT_DeInit
                0x0800aa4e        0xa CMakeFiles/Firmware.elf.dir/Middlewares/ST/STM32_USB_Device_Library/Class/MSC/Src/usbd_msc_bot.c.obj
                0x0800aa4e                MSC_BOT_DeInit
 .text.MSC_BOT_SendCSW
                0x0800aa58       0x38 CMakeFiles/Firmware.elf.dir/Middlewares/ST/STM32_USB_Device_Library/Class/MSC/Src/usbd_msc_bot.c.obj
                0x0800aa58                MSC_BOT_SendCSW
 .text.MSC_BOT_DataIn
                0x0800aa90       0x3a CMakeFiles/Firmware.elf.dir/Middlewares/ST/STM32_USB_Device_Library/Class/MSC/Src/usbd_msc_bot.c.obj
                0x0800aa90                MSC_BOT_DataIn
 *fill*         0x0800aaca        0x2 
 .text.MSC_BOT_CBW_Decode
                0x0800aacc       0xa8 CMakeFiles/Firmware.elf.dir/Middlewares/ST/STM32_USB_Device_Library/Class/MSC/Src/usbd_msc_bot.c.obj
 .text.MSC_BOT_DataOut
                0x0800ab74       0x30 CMakeFiles/Firmware.elf.dir/Middlewares/ST/STM32_USB_Device_Library/Class/MSC/Src/usbd_msc_bot.c.obj
                0x0800ab74                MSC_BOT_DataOut
 .text.MSC_BOT_CplClrFeature
                0x0800aba4       0x2a CMakeFiles/Firmware.elf.dir/Middlewares/ST/STM32_USB_Device_Library/Class/MSC/Src/usbd_msc_bot.c.obj
                0x0800aba4                MSC_BOT_CplClrFeature
 *fill*         0x0800abce        0x2 
 .text.SCSI_Inquiry
                0x0800abd0       0x5c CMakeFiles/Firmware.elf.dir/Middlewares/ST/STM32_USB_Device_Library/Class/MSC/Src/usbd_msc_scsi.c.obj
 .text.SCSI_ModeSense6
                0x0800ac2c       0x24 CMakeFiles/Firmware.elf.dir/Middlewares/ST/STM32_USB_Device_Library/Class/MSC/Src/usbd_msc_scsi.c.obj
 .text.SCSI_ModeSense10
                0x0800ac50       0x24 CMakeFiles/Firmware.elf.dir/Middlewares/ST/STM32_USB_Device_Library/Class/MSC/Src/usbd_msc_scsi.c.obj
 .text.SCSI_RequestSense
                0x0800ac74       0x66 CMakeFiles/Firmware.elf.dir/Middlewares/ST/STM32_USB_Device_Library/Class/MSC/Src/usbd_msc_scsi.c.obj
 .text.SCSI_StartStopUnit
                0x0800acda        0xa CMakeFiles/Firmware.elf.dir/Middlewares/ST/STM32_USB_Device_Library/Class/MSC/Src/usbd_msc_scsi.c.obj
 .text.SCSI_SenseCode
                0x0800ace4       0x2a CMakeFiles/Firmware.elf.dir/Middlewares/ST/STM32_USB_Device_Library/Class/MSC/Src/usbd_msc_scsi.c.obj
                0x0800ace4                SCSI_SenseCode
 .text.SCSI_TestUnitReady
                0x0800ad0e       0x4a CMakeFiles/Firmware.elf.dir/Middlewares/ST/STM32_USB_Device_Library/Class/MSC/Src/usbd_msc_scsi.c.obj
 .text.SCSI_ReadFormatCapacity
                0x0800ad58       0x7c CMakeFiles/Firmware.elf.dir/Middlewares/ST/STM32_USB_Device_Library/Class/MSC/Src/usbd_msc_scsi.c.obj
 .text.SCSI_ReadCapacity10
                0x0800add4       0x60 CMakeFiles/Firmware.elf.dir/Middlewares/ST/STM32_USB_Device_Library/Class/MSC/Src/usbd_msc_scsi.c.obj
 .text.SCSI_CheckAddressRange
                0x0800ae34       0x22 CMakeFiles/Firmware.elf.dir/Middlewares/ST/STM32_USB_Device_Library/Class/MSC/Src/usbd_msc_scsi.c.obj
 .text.SCSI_ProcessRead
                0x0800ae56       0x96 CMakeFiles/Firmware.elf.dir/Middlewares/ST/STM32_USB_Device_Library/Class/MSC/Src/usbd_msc_scsi.c.obj
 .text.SCSI_Read10
                0x0800aeec       0xba CMakeFiles/Firmware.elf.dir/Middlewares/ST/STM32_USB_Device_Library/Class/MSC/Src/usbd_msc_scsi.c.obj
 .text.SCSI_ProcessWrite
                0x0800afa6       0xa8 CMakeFiles/Firmware.elf.dir/Middlewares/ST/STM32_USB_Device_Library/Class/MSC/Src/usbd_msc_scsi.c.obj
 .text.SCSI_Write10
                0x0800b04e       0xf6 CMakeFiles/Firmware.elf.dir/Middlewares/ST/STM32_USB_Device_Library/Class/MSC/Src/usbd_msc_scsi.c.obj
 .text.SCSI_Verify10
                0x0800b144       0x38 CMakeFiles/Firmware.elf.dir/Middlewares/ST/STM32_USB_Device_Library/Class/MSC/Src/usbd_msc_scsi.c.obj
 .text.SCSI_ProcessCmd
                0x0800b17c       0xd6 CMakeFiles/Firmware.elf.dir/Middlewares/ST/STM32_USB_Device_Library/Class/MSC/Src/usbd_msc_scsi.c.obj
                0x0800b17c                SCSI_ProcessCmd
 .text.USBD_Init
                0x0800b252       0x2e CMakeFiles/Firmware.elf.dir/Middlewares/ST/STM32_USB_Device_Library/Core/Src/usbd_core.c.obj
                0x0800b252                USBD_Init
 .text.USBD_RegisterClass
                0x0800b280        0xe CMakeFiles/Firmware.elf.dir/Middlewares/ST/STM32_USB_Device_Library/Core/Src/usbd_core.c.obj
                0x0800b280                USBD_RegisterClass
 .text.USBD_Start
                0x0800b28e        0xa CMakeFiles/Firmware.elf.dir/Middlewares/ST/STM32_USB_Device_Library/Core/Src/usbd_core.c.obj
                0x0800b28e                USBD_Start
 .text.USBD_SetClassConfig
                0x0800b298       0x18 CMakeFiles/Firmware.elf.dir/Middlewares/ST/STM32_USB_Device_Library/Core/Src/usbd_core.c.obj
                0x0800b298                USBD_SetClassConfig
 .text.USBD_ClrClassConfig
                0x0800b2b0        0xe CMakeFiles/Firmware.elf.dir/Middlewares/ST/STM32_USB_Device_Library/Core/Src/usbd_core.c.obj
                0x0800b2b0                USBD_ClrClassConfig
 .text.USBD_LL_SetupStage
                0x0800b2be       0x5a CMakeFiles/Firmware.elf.dir/Middlewares/ST/STM32_USB_Device_Library/Core/Src/usbd_core.c.obj
                0x0800b2be                USBD_LL_SetupStage
 .text.USBD_LL_DataOutStage
                0x0800b318       0x8c CMakeFiles/Firmware.elf.dir/Middlewares/ST/STM32_USB_Device_Library/Core/Src/usbd_core.c.obj
                0x0800b318                USBD_LL_DataOutStage
 .text.USBD_LL_DataInStage
                0x0800b3a4       0xd0 CMakeFiles/Firmware.elf.dir/Middlewares/ST/STM32_USB_Device_Library/Core/Src/usbd_core.c.obj
                0x0800b3a4                USBD_LL_DataInStage
 .text.USBD_LL_Reset
                0x0800b474       0x50 CMakeFiles/Firmware.elf.dir/Middlewares/ST/STM32_USB_Device_Library/Core/Src/usbd_core.c.obj
                0x0800b474                USBD_LL_Reset
 .text.USBD_LL_SetSpeed
                0x0800b4c4        0x6 CMakeFiles/Firmware.elf.dir/Middlewares/ST/STM32_USB_Device_Library/Core/Src/usbd_core.c.obj
                0x0800b4c4                USBD_LL_SetSpeed
 .text.USBD_LL_Suspend
                0x0800b4ca       0x12 CMakeFiles/Firmware.elf.dir/Middlewares/ST/STM32_USB_Device_Library/Core/Src/usbd_core.c.obj
                0x0800b4ca                USBD_LL_Suspend
 .text.USBD_LL_Resume
                0x0800b4dc       0x16 CMakeFiles/Firmware.elf.dir/Middlewares/ST/STM32_USB_Device_Library/Core/Src/usbd_core.c.obj
                0x0800b4dc                USBD_LL_Resume
 .text.USBD_LL_SOF
                0x0800b4f2       0x1c CMakeFiles/Firmware.elf.dir/Middlewares/ST/STM32_USB_Device_Library/Core/Src/usbd_core.c.obj
                0x0800b4f2                USBD_LL_SOF
 .text.USBD_GetLen
                0x0800b50e       0x14 CMakeFiles/Firmware.elf.dir/Middlewares/ST/STM32_USB_Device_Library/Core/Src/usbd_ctlreq.c.obj
 .text.USBD_SetFeature
                0x0800b522       0x14 CMakeFiles/Firmware.elf.dir/Middlewares/ST/STM32_USB_Device_Library/Core/Src/usbd_ctlreq.c.obj
 .text.USBD_ParseSetupRequest
                0x0800b536       0x28 CMakeFiles/Firmware.elf.dir/Middlewares/ST/STM32_USB_Device_Library/Core/Src/usbd_ctlreq.c.obj
                0x0800b536                USBD_ParseSetupRequest
 .text.USBD_CtlError
                0x0800b55e       0x14 CMakeFiles/Firmware.elf.dir/Middlewares/ST/STM32_USB_Device_Library/Core/Src/usbd_ctlreq.c.obj
                0x0800b55e                USBD_CtlError
 .text.USBD_GetDescriptor
                0x0800b572      0x186 CMakeFiles/Firmware.elf.dir/Middlewares/ST/STM32_USB_Device_Library/Core/Src/usbd_ctlreq.c.obj
 .text.USBD_SetAddress
                0x0800b6f8       0x4e CMakeFiles/Firmware.elf.dir/Middlewares/ST/STM32_USB_Device_Library/Core/Src/usbd_ctlreq.c.obj
 *fill*         0x0800b746        0x2 
 .text.USBD_SetConfig
                0x0800b748       0xb0 CMakeFiles/Firmware.elf.dir/Middlewares/ST/STM32_USB_Device_Library/Core/Src/usbd_ctlreq.c.obj
 .text.USBD_GetConfig
                0x0800b7f8       0x3e CMakeFiles/Firmware.elf.dir/Middlewares/ST/STM32_USB_Device_Library/Core/Src/usbd_ctlreq.c.obj
 .text.USBD_GetStatus
                0x0800b836       0x38 CMakeFiles/Firmware.elf.dir/Middlewares/ST/STM32_USB_Device_Library/Core/Src/usbd_ctlreq.c.obj
 .text.USBD_ClrFeature
                0x0800b86e       0x26 CMakeFiles/Firmware.elf.dir/Middlewares/ST/STM32_USB_Device_Library/Core/Src/usbd_ctlreq.c.obj
 .text.USBD_StdDevReq
                0x0800b894       0x68 CMakeFiles/Firmware.elf.dir/Middlewares/ST/STM32_USB_Device_Library/Core/Src/usbd_ctlreq.c.obj
                0x0800b894                USBD_StdDevReq
 .text.USBD_StdItfReq
                0x0800b8fc       0x60 CMakeFiles/Firmware.elf.dir/Middlewares/ST/STM32_USB_Device_Library/Core/Src/usbd_ctlreq.c.obj
                0x0800b8fc                USBD_StdItfReq
 .text.USBD_StdEPReq
                0x0800b95c      0x1e2 CMakeFiles/Firmware.elf.dir/Middlewares/ST/STM32_USB_Device_Library/Core/Src/usbd_ctlreq.c.obj
                0x0800b95c                USBD_StdEPReq
 .text.USBD_GetString
                0x0800bb3e       0x3a CMakeFiles/Firmware.elf.dir/Middlewares/ST/STM32_USB_Device_Library/Core/Src/usbd_ctlreq.c.obj
                0x0800bb3e                USBD_GetString
 .text.USBD_CtlSendData
                0x0800bb78       0x1a CMakeFiles/Firmware.elf.dir/Middlewares/ST/STM32_USB_Device_Library/Core/Src/usbd_ioreq.c.obj
                0x0800bb78                USBD_CtlSendData
 .text.USBD_CtlContinueSendData
                0x0800bb92       0x10 CMakeFiles/Firmware.elf.dir/Middlewares/ST/STM32_USB_Device_Library/Core/Src/usbd_ioreq.c.obj
                0x0800bb92                USBD_CtlContinueSendData
 .text.USBD_CtlContinueRx
                0x0800bba2       0x10 CMakeFiles/Firmware.elf.dir/Middlewares/ST/STM32_USB_Device_Library/Core/Src/usbd_ioreq.c.obj
                0x0800bba2                USBD_CtlContinueRx
 .text.USBD_CtlSendStatus
                0x0800bbb2       0x16 CMakeFiles/Firmware.elf.dir/Middlewares/ST/STM32_USB_Device_Library/Core/Src/usbd_ioreq.c.obj
                0x0800bbb2                USBD_CtlSendStatus
 .text.USBD_CtlReceiveStatus
                0x0800bbc8       0x16 CMakeFiles/Firmware.elf.dir/Middlewares/ST/STM32_USB_Device_Library/Core/Src/usbd_ioreq.c.obj
                0x0800bbc8                USBD_CtlReceiveStatus
 *fill*         0x0800bbde        0x2 
 .text.disk_status
                0x0800bbe0       0x18 CMakeFiles/Firmware.elf.dir/Middlewares/Third_Party/FatFs/src/diskio.c.obj
                0x0800bbe0                disk_status
 .text.disk_initialize
                0x0800bbf8       0x28 CMakeFiles/Firmware.elf.dir/Middlewares/Third_Party/FatFs/src/diskio.c.obj
                0x0800bbf8                disk_initialize
 .text.disk_read
                0x0800bc20       0x18 CMakeFiles/Firmware.elf.dir/Middlewares/Third_Party/FatFs/src/diskio.c.obj
                0x0800bc20                disk_read
 .text.disk_write
                0x0800bc38       0x18 CMakeFiles/Firmware.elf.dir/Middlewares/Third_Party/FatFs/src/diskio.c.obj
                0x0800bc38                disk_write
 .text.disk_ioctl
                0x0800bc50       0x18 CMakeFiles/Firmware.elf.dir/Middlewares/Third_Party/FatFs/src/diskio.c.obj
                0x0800bc50                disk_ioctl
 .text.SD_initialize
                0x0800bc68       0x24 CMakeFiles/Firmware.elf.dir/Middlewares/Third_Party/FatFs/src/drivers/sd_diskio.c.obj
                0x0800bc68                SD_initialize
 .text.SD_status
                0x0800bc8c       0x24 CMakeFiles/Firmware.elf.dir/Middlewares/Third_Party/FatFs/src/drivers/sd_diskio.c.obj
                0x0800bc8c                SD_status
 .text.SD_read  0x0800bcb0       0x38 CMakeFiles/Firmware.elf.dir/Middlewares/Third_Party/FatFs/src/drivers/sd_diskio.c.obj
                0x0800bcb0                SD_read
 .text.SD_write
                0x0800bce8       0x38 CMakeFiles/Firmware.elf.dir/Middlewares/Third_Party/FatFs/src/drivers/sd_diskio.c.obj
                0x0800bce8                SD_write
 .text.SD_ioctl
                0x0800bd20       0x54 CMakeFiles/Firmware.elf.dir/Middlewares/Third_Party/FatFs/src/drivers/sd_diskio.c.obj
                0x0800bd20                SD_ioctl
 .text.mem_cpy  0x0800bd74       0x14 CMakeFiles/Firmware.elf.dir/Middlewares/Third_Party/FatFs/src/ff.c.obj
 .text.mem_set  0x0800bd88       0x10 CMakeFiles/Firmware.elf.dir/Middlewares/Third_Party/FatFs/src/ff.c.obj
 .text.mem_cmp  0x0800bd98       0x1e CMakeFiles/Firmware.elf.dir/Middlewares/Third_Party/FatFs/src/ff.c.obj
 .text.chk_chr  0x0800bdb6       0x10 CMakeFiles/Firmware.elf.dir/Middlewares/Third_Party/FatFs/src/ff.c.obj
 *fill*         0x0800bdc6        0x2 
 .text.chk_lock
                0x0800bdc8       0x8c CMakeFiles/Firmware.elf.dir/Middlewares/Third_Party/FatFs/src/ff.c.obj
 .text.enq_lock
                0x0800be54       0x24 CMakeFiles/Firmware.elf.dir/Middlewares/Third_Party/FatFs/src/ff.c.obj
 .text.inc_lock
                0x0800be78       0xcc CMakeFiles/Firmware.elf.dir/Middlewares/Third_Party/FatFs/src/ff.c.obj
 .text.dec_lock
                0x0800bf44       0x4c CMakeFiles/Firmware.elf.dir/Middlewares/Third_Party/FatFs/src/ff.c.obj
 .text.clear_lock
                0x0800bf90       0x44 CMakeFiles/Firmware.elf.dir/Middlewares/Third_Party/FatFs/src/ff.c.obj
 .text.clmt_clust
                0x0800bfd4       0x28 CMakeFiles/Firmware.elf.dir/Middlewares/Third_Party/FatFs/src/ff.c.obj
 .text.ld_clust
                0x0800bffc       0x22 CMakeFiles/Firmware.elf.dir/Middlewares/Third_Party/FatFs/src/ff.c.obj
 .text.st_clust
                0x0800c01e       0x14 CMakeFiles/Firmware.elf.dir/Middlewares/Third_Party/FatFs/src/ff.c.obj
 .text.get_fileinfo
                0x0800c032       0x7a CMakeFiles/Firmware.elf.dir/Middlewares/Third_Party/FatFs/src/ff.c.obj
 .text.create_name
                0x0800c0ac      0x114 CMakeFiles/Firmware.elf.dir/Middlewares/Third_Party/FatFs/src/ff.c.obj
 .text.get_ldnumber
                0x0800c1c0       0x52 CMakeFiles/Firmware.elf.dir/Middlewares/Third_Party/FatFs/src/ff.c.obj
 .text.sync_window
                0x0800c212       0x5e CMakeFiles/Firmware.elf.dir/Middlewares/Third_Party/FatFs/src/ff.c.obj
 .text.move_window
                0x0800c270       0x3a CMakeFiles/Firmware.elf.dir/Middlewares/Third_Party/FatFs/src/ff.c.obj
 *fill*         0x0800c2aa        0x2 
 .text.check_fs
                0x0800c2ac       0x90 CMakeFiles/Firmware.elf.dir/Middlewares/Third_Party/FatFs/src/ff.c.obj
 .text.validate
                0x0800c33c       0x34 CMakeFiles/Firmware.elf.dir/Middlewares/Third_Party/FatFs/src/ff.c.obj
 .text.find_volume
                0x0800c370      0x3ac CMakeFiles/Firmware.elf.dir/Middlewares/Third_Party/FatFs/src/ff.c.obj
 .text.sync_fs  0x0800c71c       0xc2 CMakeFiles/Firmware.elf.dir/Middlewares/Third_Party/FatFs/src/ff.c.obj
 .text.clust2sect
                0x0800c7de       0x1e CMakeFiles/Firmware.elf.dir/Middlewares/Third_Party/FatFs/src/ff.c.obj
                0x0800c7de                clust2sect
 .text.get_fat  0x0800c7fc       0xdc CMakeFiles/Firmware.elf.dir/Middlewares/Third_Party/FatFs/src/ff.c.obj
                0x0800c7fc                get_fat
 .text.dir_sdi  0x0800c8d8       0xb6 CMakeFiles/Firmware.elf.dir/Middlewares/Third_Party/FatFs/src/ff.c.obj
 .text.put_fat  0x0800c98e      0x10c CMakeFiles/Firmware.elf.dir/Middlewares/Third_Party/FatFs/src/ff.c.obj
                0x0800c98e                put_fat
 .text.create_chain
                0x0800ca9a       0xce CMakeFiles/Firmware.elf.dir/Middlewares/Third_Party/FatFs/src/ff.c.obj
 .text.dir_next
                0x0800cb68      0x140 CMakeFiles/Firmware.elf.dir/Middlewares/Third_Party/FatFs/src/ff.c.obj
 .text.dir_find
                0x0800cca8       0x56 CMakeFiles/Firmware.elf.dir/Middlewares/Third_Party/FatFs/src/ff.c.obj
 .text.follow_path
                0x0800ccfe       0x88 CMakeFiles/Firmware.elf.dir/Middlewares/Third_Party/FatFs/src/ff.c.obj
 .text.dir_alloc
                0x0800cd86       0x54 CMakeFiles/Firmware.elf.dir/Middlewares/Third_Party/FatFs/src/ff.c.obj
 .text.dir_register
                0x0800cdda       0x4a CMakeFiles/Firmware.elf.dir/Middlewares/Third_Party/FatFs/src/ff.c.obj
 .text.dir_read
                0x0800ce24       0x62 CMakeFiles/Firmware.elf.dir/Middlewares/Third_Party/FatFs/src/ff.c.obj
 .text.remove_chain
                0x0800ce86       0x74 CMakeFiles/Firmware.elf.dir/Middlewares/Third_Party/FatFs/src/ff.c.obj
 *fill*         0x0800cefa        0x2 
 .text.f_mount  0x0800cefc       0x60 CMakeFiles/Firmware.elf.dir/Middlewares/Third_Party/FatFs/src/ff.c.obj
                0x0800cefc                f_mount
 .text.f_open   0x0800cf5c      0x1e2 CMakeFiles/Firmware.elf.dir/Middlewares/Third_Party/FatFs/src/ff.c.obj
                0x0800cf5c                f_open
 .text.f_read   0x0800d13e      0x1ec CMakeFiles/Firmware.elf.dir/Middlewares/Third_Party/FatFs/src/ff.c.obj
                0x0800d13e                f_read
 .text.f_write  0x0800d32a      0x23a CMakeFiles/Firmware.elf.dir/Middlewares/Third_Party/FatFs/src/ff.c.obj