Archive member included to satisfy reference by file (symbol)

C:/STM32_needs/gcc-arm-none-eabi/bin/../lib/gcc/arm-none-eabi/13.2.1/thumb/v7-m/nofp\libgcc.a(_arm_mulsf3.o)
                              CMakeFiles/Firmware.elf.dir/Core/apps/src/menu.c.obj (__aeabi_fmul)
C:/STM32_needs/gcc-arm-none-eabi/bin/../lib/gcc/arm-none-eabi/13.2.1/thumb/v7-m/nofp\libgcc.a(_arm_addsubdf3.o)
                              CMakeFiles/Firmware.elf.dir/Core/apps/src/menu.c.obj (__aeabi_f2d)
C:/STM32_needs/gcc-arm-none-eabi/bin/../lib/gcc/arm-none-eabi/13.2.1/thumb/v7-m/nofp\libgcc.a(_arm_addsubsf3.o)
                              CMakeFiles/Firmware.elf.dir/Core/apps/src/menu.c.obj (__aeabi_ui2f)
C:/STM32_needs/gcc-arm-none-eabi/bin/../lib/gcc/arm-none-eabi/13.2.1/thumb/v7-m/nofp\libg.a(libc_a-exit.o)
                              C:/STM32_needs/gcc-arm-none-eabi/bin/../lib/gcc/arm-none-eabi/13.2.1/thumb/v7-m/nofp/crt0.o (exit)
C:/STM32_needs/gcc-arm-none-eabi/bin/../lib/gcc/arm-none-eabi/13.2.1/thumb/v7-m/nofp\libg.a(libc_a-findfp.o)
                              C:/STM32_needs/gcc-arm-none-eabi/bin/../lib/gcc/arm-none-eabi/13.2.1/thumb/v7-m/nofp\libg.a(libc_a-exit.o) (__stdio_exit_handler)
C:/STM32_needs/gcc-arm-none-eabi/bin/../lib/gcc/arm-none-eabi/13.2.1/thumb/v7-m/nofp\libg.a(libc_a-fwalk.o)
                              C:/STM32_needs/gcc-arm-none-eabi/bin/../lib/gcc/arm-none-eabi/13.2.1/thumb/v7-m/nofp\libg.a(libc_a-findfp.o) (_fwalk_sglue)
C:/STM32_needs/gcc-arm-none-eabi/bin/../lib/gcc/arm-none-eabi/13.2.1/thumb/v7-m/nofp\libg.a(libc_a-printf.o)
                              CMakeFiles/Firmware.elf.dir/FATFS/App/fatfs.c.obj (printf)
C:/STM32_needs/gcc-arm-none-eabi/bin/../lib/gcc/arm-none-eabi/13.2.1/thumb/v7-m/nofp\libg.a(libc_a-puts.o)
                              CMakeFiles/Firmware.elf.dir/Core/Src/main.c.obj (puts)
C:/STM32_needs/gcc-arm-none-eabi/bin/../lib/gcc/arm-none-eabi/13.2.1/thumb/v7-m/nofp\libg.a(libc_a-setvbuf.o)
                              CMakeFiles/Firmware.elf.dir/Core/Src/retarget.c.obj (setvbuf)
C:/STM32_needs/gcc-arm-none-eabi/bin/../lib/gcc/arm-none-eabi/13.2.1/thumb/v7-m/nofp\libg.a(libc_a-sprintf.o)
                              CMakeFiles/Firmware.elf.dir/Core/apps/src/menu.c.obj (sprintf)
C:/STM32_needs/gcc-arm-none-eabi/bin/../lib/gcc/arm-none-eabi/13.2.1/thumb/v7-m/nofp\libg.a(libc_a-stdio.o)
                              C:/STM32_needs/gcc-arm-none-eabi/bin/../lib/gcc/arm-none-eabi/13.2.1/thumb/v7-m/nofp\libg.a(libc_a-findfp.o) (__sread)
C:/STM32_needs/gcc-arm-none-eabi/bin/../lib/gcc/arm-none-eabi/13.2.1/thumb/v7-m/nofp\libg.a(libc_a-vsprintf.o)
                              CMakeFiles/Firmware.elf.dir/Core/Src/ws_drive_tft.c.obj (vsprintf)
C:/STM32_needs/gcc-arm-none-eabi/bin/../lib/gcc/arm-none-eabi/13.2.1/thumb/v7-m/nofp\libg.a(libc_a-memset.o)
                              C:/STM32_needs/gcc-arm-none-eabi/bin/../lib/gcc/arm-none-eabi/13.2.1/thumb/v7-m/nofp/crt0.o (memset)
C:/STM32_needs/gcc-arm-none-eabi/bin/../lib/gcc/arm-none-eabi/13.2.1/thumb/v7-m/nofp\libg.a(libc_a-closer.o)
                              C:/STM32_needs/gcc-arm-none-eabi/bin/../lib/gcc/arm-none-eabi/13.2.1/thumb/v7-m/nofp\libg.a(libc_a-stdio.o) (_close_r)
C:/STM32_needs/gcc-arm-none-eabi/bin/../lib/gcc/arm-none-eabi/13.2.1/thumb/v7-m/nofp\libg.a(libc_a-reent.o)
                              C:/STM32_needs/gcc-arm-none-eabi/bin/../lib/gcc/arm-none-eabi/13.2.1/thumb/v7-m/nofp\libg.a(libc_a-closer.o) (errno)
C:/STM32_needs/gcc-arm-none-eabi/bin/../lib/gcc/arm-none-eabi/13.2.1/thumb/v7-m/nofp\libg.a(libc_a-impure.o)
                              CMakeFiles/Firmware.elf.dir/Core/Src/retarget.c.obj (_impure_ptr)
C:/STM32_needs/gcc-arm-none-eabi/bin/../lib/gcc/arm-none-eabi/13.2.1/thumb/v7-m/nofp\libg.a(libc_a-lseekr.o)
                              C:/STM32_needs/gcc-arm-none-eabi/bin/../lib/gcc/arm-none-eabi/13.2.1/thumb/v7-m/nofp\libg.a(libc_a-stdio.o) (_lseek_r)
C:/STM32_needs/gcc-arm-none-eabi/bin/../lib/gcc/arm-none-eabi/13.2.1/thumb/v7-m/nofp\libg.a(libc_a-readr.o)
                              C:/STM32_needs/gcc-arm-none-eabi/bin/../lib/gcc/arm-none-eabi/13.2.1/thumb/v7-m/nofp\libg.a(libc_a-stdio.o) (_read_r)
C:/STM32_needs/gcc-arm-none-eabi/bin/../lib/gcc/arm-none-eabi/13.2.1/thumb/v7-m/nofp\libg.a(libc_a-writer.o)
                              C:/STM32_needs/gcc-arm-none-eabi/bin/../lib/gcc/arm-none-eabi/13.2.1/thumb/v7-m/nofp\libg.a(libc_a-stdio.o) (_write_r)
C:/STM32_needs/gcc-arm-none-eabi/bin/../lib/gcc/arm-none-eabi/13.2.1/thumb/v7-m/nofp\libg.a(libc_a-errno.o)
                              CMakeFiles/Firmware.elf.dir/Core/Src/retarget.c.obj (__errno)
C:/STM32_needs/gcc-arm-none-eabi/bin/../lib/gcc/arm-none-eabi/13.2.1/thumb/v7-m/nofp\libg.a(libc_a-init.o)
                              C:/STM32_needs/gcc-arm-none-eabi/bin/../lib/gcc/arm-none-eabi/13.2.1/thumb/v7-m/nofp/crt0.o (__libc_init_array)
[...]
Memory Configuration

Name             Origin             Length             Attributes
RAM              0x20000000         0x00010000         xrw
FLASH            0x08000000         0x00080000         xr
*default*        0x00000000         0xffffffff

Linker script and memory map

LOAD C:/STM32_needs/gcc-arm-none-eabi/bin/../lib/gcc/arm-none-eabi/13.2.1/thumb/v7-m/nofp/crti.o
LOAD C:/STM32_needs/gcc-arm-none-eabi/bin/../lib/gcc/arm-none-eabi/13.2.1/thumb/v7-m/nofp/crtbegin.o
LOAD C:/STM32_needs/gcc-arm-none-eabi/bin/../lib/gcc/arm-none-eabi/13.2.1/thumb/v7-m/nofp/crt0.o
LOAD CMakeFiles/Firmware.elf.dir/Core/Src/dma.c.obj
LOAD CMakeFiles/Firmware.elf.dir/Core/Src/fsmc.c.obj
LOAD CMakeFiles/Firmware.elf.dir/Core/Src/gpio.c.obj
LOAD CMakeFiles/Firmware.elf.dir/Core/Src/main.c.obj
LOAD CMakeFiles/Firmware.elf.dir/Core/Src/retarget.c.obj
LOAD CMakeFiles/Firmware.elf.dir/Core/Src/rtc.c.obj
LOAD CMakeFiles/Firmware.elf.dir/Core/Src/sdio.c.obj
LOAD CMakeFiles/Firmware.elf.dir/Core/Src/spi.c.obj
LOAD CMakeFiles/Firmware.elf.dir/Core/Src/stm32f1xx_hal_msp.c.obj
LOAD CMakeFiles/Firmware.elf.dir/Core/Src/stm32f1xx_it.c.obj
LOAD CMakeFiles/Firmware.elf.dir/Core/Src/syscalls.c.obj
LOAD CMakeFiles/Firmware.elf.dir/Core/Src/sysmem.c.obj
LOAD CMakeFiles/Firmware.elf.dir/Core/Src/system_stm32f1xx.c.obj
LOAD CMakeFiles/Firmware.elf.dir/Core/Src/tim.c.obj
LOAD CMakeFiles/Firmware.elf.dir/Core/Src/usart.c.obj
LOAD CMakeFiles/Firmware.elf.dir/Core/Src/ws_drive_tft.c.obj
LOAD CMakeFiles/Firmware.elf.dir/Core/Startup/startup_stm32f103vetx.s.obj
LOAD CMakeFiles/Firmware.elf.dir/Core/apps/src/key.c.obj
LOAD CMakeFiles/Firmware.elf.dir/Core/apps/src/led.c.obj
LOAD CMakeFiles/Firmware.elf.dir/Core/apps/src/menu.c.obj
LOAD CMakeFiles/Firmware.elf.dir/Drivers/STM32F1xx_HAL_Driver/Src/stm32f1xx_hal.c.obj
LOAD CMakeFiles/Firmware.elf.dir/Drivers/STM32F1xx_HAL_Driver/Src/stm32f1xx_hal_cortex.c.obj
LOAD CMakeFiles/Firmware.elf.dir/Drivers/STM32F1xx_HAL_Driver/Src/stm32f1xx_hal_dma.c.obj
LOAD CMakeFiles/Firmware.elf.dir/Drivers/STM32F1xx_HAL_Driver/Src/stm32f1xx_hal_exti.c.obj
LOAD CMakeFiles/Firmware.elf.dir/Drivers/STM32F1xx_HAL_Driver/Src/stm32f1xx_hal_flash.c.obj
LOAD CMakeFiles/Firmware.elf.dir/Drivers/STM32F1xx_HAL_Driver/Src/stm32f1xx_hal_flash_ex.c.obj
LOAD CMakeFiles/Firmware.elf.dir/Drivers/STM32F1xx_HAL_Driver/Src/stm32f1xx_hal_gpio.c.obj
LOAD CMakeFiles/Firmware.elf.dir/Drivers/STM32F1xx_HAL_Driver/Src/stm32f1xx_hal_gpio_ex.c.obj
LOAD CMakeFiles/Firmware.elf.dir/Drivers/STM32F1xx_HAL_Driver/Src/stm32f1xx_hal_pcd.c.obj
LOAD CMakeFiles/Firmware.elf.dir/Drivers/STM32F1xx_HAL_Driver/Src/stm32f1xx_hal_pcd_ex.c.obj
LOAD CMakeFiles/Firmware.elf.dir/Drivers/STM32F1xx_HAL_Driver/Src/stm32f1xx_hal_pwr.c.obj
LOAD CMakeFiles/Firmware.elf.dir/Drivers/STM32F1xx_HAL_Driver/Src/stm32f1xx_hal_rcc.c.obj
LOAD CMakeFiles/Firmware.elf.dir/Drivers/STM32F1xx_HAL_Driver/Src/stm32f1xx_hal_rcc_ex.c.obj
LOAD CMakeFiles/Firmware.elf.dir/Drivers/STM32F1xx_HAL_Driver/Src/stm32f1xx_hal_rtc.c.obj
LOAD CMakeFiles/Firmware.elf.dir/Drivers/STM32F1xx_HAL_Driver/Src/stm32f1xx_hal_rtc_ex.c.obj
LOAD CMakeFiles/Firmware.elf.dir/Drivers/STM32F1xx_HAL_Driver/Src/stm32f1xx_hal_sd.c.obj
LOAD CMakeFiles/Firmware.elf.dir/Drivers/STM32F1xx_HAL_Driver/Src/stm32f1xx_hal_spi.c.obj
LOAD CMakeFiles/Firmware.elf.dir/Drivers/STM32F1xx_HAL_Driver/Src/stm32f1xx_hal_sram.c.obj
LOAD CMakeFiles/Firmware.elf.dir/Drivers/STM32F1xx_HAL_Driver/Src/stm32f1xx_hal_tim.c.obj
LOAD CMakeFiles/Firmware.elf.dir/Drivers/STM32F1xx_HAL_Driver/Src/stm32f1xx_hal_tim_ex.c.obj
LOAD CMakeFiles/Firmware.elf.dir/Drivers/STM32F1xx_HAL_Driver/Src/stm32f1xx_hal_uart.c.obj
LOAD CMakeFiles/Firmware.elf.dir/Drivers/STM32F1xx_HAL_Driver/Src/stm32f1xx_ll_fsmc.c.obj
LOAD CMakeFiles/Firmware.elf.dir/Drivers/STM32F1xx_HAL_Driver/Src/stm32f1xx_ll_sdmmc.c.obj
LOAD CMakeFiles/Firmware.elf.dir/Drivers/STM32F1xx_HAL_Driver/Src/stm32f1xx_ll_usb.c.obj
LOAD CMakeFiles/Firmware.elf.dir/FATFS/App/fatfs.c.obj
LOAD CMakeFiles/Firmware.elf.dir/FATFS/Target/bsp_driver_sd.c.obj
LOAD CMakeFiles/Firmware.elf.dir/Middlewares/ST/STM32_USB_Device_Library/Class/MSC/Src/usbd_msc.c.obj
LOAD CMakeFiles/Firmware.elf.dir/Middlewares/ST/STM32_USB_Device_Library/Class/MSC/Src/usbd_msc_bot.c.obj
LOAD CMakeFiles/Firmware.elf.dir/Middlewares/ST/STM32_USB_Device_Library/Class/MSC/Src/usbd_msc_data.c.obj
LOAD CMakeFiles/Firmware.elf.dir/Middlewares/ST/STM32_USB_Device_Library/Class/MSC/Src/usbd_msc_scsi.c.obj
LOAD CMakeFiles/Firmware.elf.dir/Middlewares/ST/STM32_USB_Device_Library/Core/Src/usbd_core.c.obj
LOAD CMakeFiles/Firmware.elf.dir/Middlewares/ST/STM32_USB_Device_Library/Core/Src/usbd_ctlreq.c.obj
LOAD CMakeFiles/Firmware.elf.dir/Middlewares/ST/STM32_USB_Device_Library/Core/Src/usbd_ioreq.c.obj
LOAD CMakeFiles/Firmware.elf.dir/Middlewares/Third_Party/FatFs/src/diskio.c.obj
LOAD CMakeFiles/Firmware.elf.dir/Middlewares/Third_Party/FatFs/src/drivers/sd_diskio.c.obj
LOAD CMakeFiles/Firmware.elf.dir/Middlewares/Third_Party/FatFs/src/ff.c.obj
LOAD CMakeFiles/Firmware.elf.dir/Middlewares/Third_Party/FatFs/src/ff_gen_drv.c.obj
LOAD CMakeFiles/Firmware.elf.dir/Middlewares/Third_Party/FatFs/src/option/syscall.c.obj
LOAD CMakeFiles/Firmware.elf.dir/USB_DEVICE/App/usb_device.c.obj
LOAD CMakeFiles/Firmware.elf.dir/USB_DEVICE/App/usbd_desc.c.obj
LOAD CMakeFiles/Firmware.elf.dir/USB_DEVICE/App/usbd_storage_if.c.obj
LOAD CMakeFiles/Firmware.elf.dir/USB_DEVICE/Target/usbd_conf.c.obj
START GROUP
LOAD C:/STM32_needs/gcc-arm-none-eabi/bin/../lib/gcc/arm-none-eabi/13.2.1/thumb/v7-m/nofp\libgcc.a
LOAD C:/STM32_needs/gcc-arm-none-eabi/bin/../lib/gcc/arm-none-eabi/13.2.1/thumb/v7-m/nofp\libg.a
LOAD C:/STM32_needs/gcc-arm-none-eabi/bin/../lib/gcc/arm-none-eabi/13.2.1/thumb/v7-m/nofp\libc.a
END GROUP
LOAD C:/STM32_needs/gcc-arm-none-eabi/bin/../lib/gcc/arm-none-eabi/13.2.1/thumb/v7-m/nofp/crtend.o
LOAD C:/STM32_needs/gcc-arm-none-eabi/bin/../lib/gcc/arm-none-eabi/13.2.1/thumb/v7-m/nofp/crtn.o
                0x20010000                        _estack = (ORIGIN (RAM) + LENGTH (RAM))
                0x00000200                        _Min_Heap_Size = 0x200
                0x00000400                        _Min_Stack_Size = 0x400

.isr_vector     0x08000000      0x1e4
                0x08000000                        . = ALIGN (0x4)
 *(.isr_vector)
 .isr_vector    0x08000000      0x1e4 CMakeFiles/Firmware.elf.dir/Core/Startup/startup_stm32f103vetx.s.obj
                0x08000000                g_pfnVectors
                0x080001e4                        . = ALIGN (0x4)

.text           0x080001e8    0x11b38
                0x080001e8                        . = ALIGN (0x4)
 *(.text)
 .text          0x080001e8      0x168 C:/STM32_needs/gcc-arm-none-eabi/bin/../lib/gcc/arm-none-eabi/13.2.1/thumb/v7-m/nofp\libgcc.a(_arm_mulsf3.o)
                0x080001e8                __aeabi_fmul
                0x080001e8                __mulsf3
 .text          0x08000350      0x378 C:/STM32_needs/gcc-arm-none-eabi/bin/../lib/gcc/arm-none-eabi/13.2.1/thumb/v7-m/nofp\libgcc.a(_arm_addsubdf3.o)
                0x08000350                __aeabi_drsub
                0x08000358                __aeabi_dsub
                0x08000358                __subdf3
                0x0800035c                __aeabi_dadd
                0x0800035c                __adddf3
                0x080005d4                __floatunsidf
                0x080005d4                __aeabi_ui2d
                0x080005f4                __floatsidf
                0x080005f4                __aeabi_i2d
                0x08000618                __aeabi_f2d
                0x08000618                __extendsfdf2
                0x0800065c                __floatundidf
                0x0800065c                __aeabi_ul2d
                0x0800066c                __floatdidf
                0x0800066c                __aeabi_l2d
 .text          0x080006c8      0x21c C:/STM32_needs/gcc-arm-none-eabi/bin/../lib/gcc/arm-none-eabi/13.2.1/thumb/v7-m/nofp\libgcc.a(_arm_addsubsf3.o)
                0x080006c8                __aeabi_frsub
                0x080006d0                __subsf3
                0x080006d0                __aeabi_fsub
                0x080006d4                __aeabi_fadd
                0x080006d4                __addsf3
                0x08000834                __aeabi_ui2f
                0x08000834                __floatunsisf
                0x0800083c                __aeabi_i2f
                0x0800083c                __floatsisf
                0x08000858                __aeabi_ul2f
                0x08000858                __floatundisf
                0x08000868                __aeabi_l2f
                0x08000868                __floatdisf
 .text          0x080008e4       0xec C:/STM32_needs/gcc-arm-none-eabi/bin/../lib/gcc/arm-none-eabi/13.2.1/thumb/v7-m/nofp\libg.a(libc_a-memcpy.o)
                0x080008e4                memcpy
 .text          0x080009d0      0x424 C:/STM32_needs/gcc-arm-none-eabi/bin/../lib/gcc/arm-none-eabi/13.2.1/thumb/v7-m/nofp\libgcc.a(_arm_muldivdf3.o)
                0x080009d0                __aeabi_dmul
                0x080009d0                __muldf3
                0x08000c24                __divdf3
                0x08000c24                __aeabi_ddiv
 .text          0x08000df4      0x110 C:/STM32_needs/gcc-arm-none-eabi/bin/../lib/gcc/arm-none-eabi/13.2.1/thumb/v7-m/nofp\libgcc.a(_arm_cmpdf2.o)
                0x08000df4                __gtdf2
                0x08000df4                __gedf2
                0x08000dfc                __ltdf2
                0x08000dfc                __ledf2
                0x08000e04                __nedf2
                0x08000e04                __eqdf2
                0x08000e04                __cmpdf2
                0x08000e80                __aeabi_cdrcmple
                0x08000e90                __aeabi_cdcmpeq
                0x08000e90                __aeabi_cdcmple
                0x08000ea0                __aeabi_dcmpeq
                0x08000eb4                __aeabi_dcmplt
                0x08000ec8                __aeabi_dcmple
                0x08000edc                __aeabi_dcmpge
                0x08000ef0                __aeabi_dcmpgt
 .text          0x08000f04       0x2c C:/STM32_needs/gcc-arm-none-eabi/bin/../lib/gcc/arm-none-eabi/13.2.1/thumb/v7-m/nofp\libgcc.a(_arm_unorddf2.o)
                0x08000f04                __unorddf2
                0x08000f04                __aeabi_dcmpun
 .text          0x08000f30       0x50 C:/STM32_needs/gcc-arm-none-eabi/bin/../lib/gcc/arm-none-eabi/13.2.1/thumb/v7-m/nofp\libgcc.a(_arm_fixdfsi.o)
                0x08000f30                __aeabi_d2iz
                0x08000f30                __fixdfsi
 *(.text*)
 .text.deregister_tm_clones
                0x08000f80       0x1c C:/STM32_needs/gcc-arm-none-eabi/bin/../lib/gcc/arm-none-eabi/13.2.1/thumb/v7-m/nofp/crtbegin.o
 .text.register_tm_clones
                0x08000f9c       0x24 C:/STM32_needs/gcc-arm-none-eabi/bin/../lib/gcc/arm-none-eabi/13.2.1/thumb/v7-m/nofp/crtbegin.o
 .text.__do_global_dtors_aux
                0x08000fc0       0x28 C:/STM32_needs/gcc-arm-none-eabi/bin/../lib/gcc/arm-none-eabi/13.2.1/thumb/v7-m/nofp/crtbegin.o
 .text.frame_dummy
                0x08000fe8       0x24 C:/STM32_needs/gcc-arm-none-eabi/bin/../lib/gcc/arm-none-eabi/13.2.1/thumb/v7-m/nofp/crtbegin.o
 .text.MX_DMA_Init
                0x0800100c       0x34 CMakeFiles/Firmware.elf.dir/Core/Src/dma.c.obj
                0x0800100c                MX_DMA_Init
 .text.HAL_FSMC_MspInit
                0x08001040       0x6c CMakeFiles/Firmware.elf.dir/Core/Src/fsmc.c.obj
 .text.MX_FSMC_Init
                0x080010ac       0x78 CMakeFiles/Firmware.elf.dir/Core/Src/fsmc.c.obj
                0x080010ac                MX_FSMC_Init
 .text.HAL_SRAM_MspInit
                0x08001124        0x8 CMakeFiles/Firmware.elf.dir/Core/Src/fsmc.c.obj
                0x08001124                HAL_SRAM_MspInit
 .text.MX_GPIO_Init
                0x0800112c      0x144 CMakeFiles/Firmware.elf.dir/Core/Src/gpio.c.obj
                0x0800112c                MX_GPIO_Init
 .text.Error_Handler
                0x08001270        0x4 CMakeFiles/Firmware.elf.dir/Core/Src/main.c.obj
                0x08001270                Error_Handler
 .text.SystemClock_Config
                0x08001274       0x8e CMakeFiles/Firmware.elf.dir/Core/Src/main.c.obj
                0x08001274                SystemClock_Config
 *fill*         0x08001302        0x2 
 .text.main     0x08001304       0x54 CMakeFiles/Firmware.elf.dir/Core/Src/main.c.obj
                0x08001304                main
 .text.RetargetInit
                0x08001358       0x20 CMakeFiles/Firmware.elf.dir/Core/Src/retarget.c.obj
                0x08001358                RetargetInit
 .text._isatty  0x08001378       0x16 CMakeFiles/Firmware.elf.dir/Core/Src/retarget.c.obj
                0x08001378                _isatty
 *fill*         0x0800138e        0x2 
 .text._write   0x08001390       0x34 CMakeFiles/Firmware.elf.dir/Core/Src/retarget.c.obj
                0x08001390                _write
 .text._close   0x080013c4       0x18 CMakeFiles/Firmware.elf.dir/Core/Src/retarget.c.obj
                0x080013c4                _close
 .text._lseek   0x080013dc       0x10 CMakeFiles/Firmware.elf.dir/Core/Src/retarget.c.obj
                0x080013dc                _lseek
 .text._read    0x080013ec       0x30 CMakeFiles/Firmware.elf.dir/Core/Src/retarget.c.obj
                0x080013ec                _read
 .text._fstat   0x0800141c       0x1a CMakeFiles/Firmware.elf.dir/Core/Src/retarget.c.obj
                0x0800141c                _fstat
 *fill*         0x08001436        0x2 
 .text.MX_RTC_Init
                0x08001438       0x80 CMakeFiles/Firmware.elf.dir/Core/Src/rtc.c.obj
                0x08001438                MX_RTC_Init
 .text.HAL_RTC_MspInit
                0x080014b8       0x60 CMakeFiles/Firmware.elf.dir/Core/Src/rtc.c.obj
                0x080014b8                HAL_RTC_MspInit
 .text.MX_SDIO_SD_Init
                0x08001518       0x20 CMakeFiles/Firmware.elf.dir/Core/Src/sdio.c.obj
                0x08001518                MX_SDIO_SD_Init
 .text.HAL_SD_MspInit
                0x08001538       0x88 CMakeFiles/Firmware.elf.dir/Core/Src/sdio.c.obj
                0x08001538                HAL_SD_MspInit
 .text.MX_SPI1_Init
                0x080015c0       0x44 CMakeFiles/Firmware.elf.dir/Core/Src/spi.c.obj
                0x080015c0                MX_SPI1_Init
 .text.HAL_SPI_MspInit
                0x08001604       0x74 CMakeFiles/Firmware.elf.dir/Core/Src/spi.c.obj
                0x08001604                HAL_SPI_MspInit
 .text.HAL_MspInit
                0x08001678       0x58 CMakeFiles/Firmware.elf.dir/Core/Src/stm32f1xx_hal_msp.c.obj
                0x08001678                HAL_MspInit
 .text.NMI_Handler
                0x080016d0        0x2 CMakeFiles/Firmware.elf.dir/Core/Src/stm32f1xx_it.c.obj
                0x080016d0                NMI_Handler
 .text.HardFault_Handler
                0x080016d2        0x2 CMakeFiles/Firmware.elf.dir/Core/Src/stm32f1xx_it.c.obj
                0x080016d2                HardFault_Handler
 .text.MemManage_Handler
                0x080016d4        0x2 CMakeFiles/Firmware.elf.dir/Core/Src/stm32f1xx_it.c.obj
                0x080016d4                MemManage_Handler
 .text.BusFault_Handler
                0x080016d6        0x2 CMakeFiles/Firmware.elf.dir/Core/Src/stm32f1xx_it.c.obj
                0x080016d6                BusFault_Handler
 .text.UsageFault_Handler
                0x080016d8        0x2 CMakeFiles/Firmware.elf.dir/Core/Src/stm32f1xx_it.c.obj
                0x080016d8                UsageFault_Handler
 .text.SVC_Handler
                0x080016da        0x2 CMakeFiles/Firmware.elf.dir/Core/Src/stm32f1xx_it.c.obj
                0x080016da                SVC_Handler
 .text.DebugMon_Handler
                0x080016dc        0x2 CMakeFiles/Firmware.elf.dir/Core/Src/stm32f1xx_it.c.obj
                0x080016dc                DebugMon_Handler
 .text.PendSV_Handler
                0x080016de        0x2 CMakeFiles/Firmware.elf.dir/Core/Src/stm32f1xx_it.c.obj
                0x080016de                PendSV_Handler
 .text.SysTick_Handler
                0x080016e0        0x8 CMakeFiles/Firmware.elf.dir/Core/Src/stm32f1xx_it.c.obj
                0x080016e0                SysTick_Handler
 .text.RTC_IRQHandler
                0x080016e8       0x10 CMakeFiles/Firmware.elf.dir/Core/Src/stm32f1xx_it.c.obj
                0x080016e8                RTC_IRQHandler
 .text.RCC_IRQHandler
                0x080016f8        0x2 CMakeFiles/Firmware.elf.dir/Core/Src/stm32f1xx_it.c.obj
                0x080016f8                RCC_IRQHandler
 .text.EXTI0_IRQHandler
                0x080016fa        0xa CMakeFiles/Firmware.elf.dir/Core/Src/stm32f1xx_it.c.obj
                0x080016fa                EXTI0_IRQHandler
 .text.EXTI1_IRQHandler
                0x08001704        0xa CMakeFiles/Firmware.elf.dir/Core/Src/stm32f1xx_it.c.obj
                0x08001704                EXTI1_IRQHandler
 .text.EXTI4_IRQHandler
                0x0800170e        0xa CMakeFiles/Firmware.elf.dir/Core/Src/stm32f1xx_it.c.obj
                0x0800170e                EXTI4_IRQHandler
 .text.DMA1_Channel5_IRQHandler
                0x08001718       0x10 CMakeFiles/Firmware.elf.dir/Core/Src/stm32f1xx_it.c.obj
                0x08001718                DMA1_Channel5_IRQHandler
 .text.USB_LP_CAN1_RX0_IRQHandler
                0x08001728       0x10 CMakeFiles/Firmware.elf.dir/Core/Src/stm32f1xx_it.c.obj
                0x08001728                USB_LP_CAN1_RX0_IRQHandler
 .text.TIM4_IRQHandler
                0x08001738       0x10 CMakeFiles/Firmware.elf.dir/Core/Src/stm32f1xx_it.c.obj
                0x08001738                TIM4_IRQHandler
 .text.USART1_IRQHandler
                0x08001748       0x10 CMakeFiles/Firmware.elf.dir/Core/Src/stm32f1xx_it.c.obj
                0x08001748                USART1_IRQHandler
 .text.USART3_IRQHandler
                0x08001758       0x10 CMakeFiles/Firmware.elf.dir/Core/Src/stm32f1xx_it.c.obj
                0x08001758                USART3_IRQHandler
 .text.RTC_Alarm_IRQHandler
                0x08001768       0x10 CMakeFiles/Firmware.elf.dir/Core/Src/stm32f1xx_it.c.obj
                0x08001768                RTC_Alarm_IRQHandler
 .text._getpid  0x08001778        0x4 CMakeFiles/Firmware.elf.dir/Core/Src/syscalls.c.obj
                0x08001778                _getpid
 .text._kill    0x0800177c       0x10 CMakeFiles/Firmware.elf.dir/Core/Src/syscalls.c.obj
                0x0800177c                _kill
 .text._exit    0x0800178c        0xc CMakeFiles/Firmware.elf.dir/Core/Src/syscalls.c.obj
                0x0800178c                _exit
 .text._sbrk    0x08001798       0x48 CMakeFiles/Firmware.elf.dir/Core/Src/sysmem.c.obj
                0x08001798                _sbrk
 .text.SystemInit
                0x080017e0        0x2 CMakeFiles/Firmware.elf.dir/Core/Src/system_stm32f1xx.c.obj
                0x080017e0                SystemInit
 *fill*         0x080017e2        0x2 
 .text.MX_TIM4_Init
                0x080017e4       0x70 CMakeFiles/Firmware.elf.dir/Core/Src/tim.c.obj
                0x080017e4                MX_TIM4_Init
 .text.HAL_TIM_Base_MspInit
                0x08001854       0x40 CMakeFiles/Firmware.elf.dir/Core/Src/tim.c.obj
                0x08001854                HAL_TIM_Base_MspInit
 .text.MX_USART1_UART_Init
                0x08001894       0x34 CMakeFiles/Firmware.elf.dir/Core/Src/usart.c.obj
                0x08001894                MX_USART1_UART_Init
 .text.MX_USART3_UART_Init
                0x080018c8       0x34 CMakeFiles/Firmware.elf.dir/Core/Src/usart.c.obj
                0x080018c8                MX_USART3_UART_Init
 .text.HAL_UART_MspInit
                0x080018fc      0x130 CMakeFiles/Firmware.elf.dir/Core/Src/usart.c.obj
                0x080018fc                HAL_UART_MspInit
 .text.WS_TFT_FSMC_Addr_Init
                0x08001a2c       0x1c CMakeFiles/Firmware.elf.dir/Core/Src/ws_drive_tft.c.obj
                0x08001a2c                WS_TFT_FSMC_Addr_Init
 .text.WS_TFT_Set_Param
                0x08001a48       0x3c CMakeFiles/Firmware.elf.dir/Core/Src/ws_drive_tft.c.obj
                0x08001a48                WS_TFT_Set_Param
 .text.WS_TFT_Set_Windows
                0x08001a84       0x6c CMakeFiles/Firmware.elf.dir/Core/Src/ws_drive_tft.c.obj
                0x08001a84                WS_TFT_Set_Windows
 .text.WS_TFT_Clear
                0x08001af0       0x38 CMakeFiles/Firmware.elf.dir/Core/Src/ws_drive_tft.c.obj
                0x08001af0                WS_TFT_Clear
 .text.WS_Font16_Read_Date
                0x08001b28        0x4 CMakeFiles/Firmware.elf.dir/Core/Src/ws_drive_tft.c.obj
                0x08001b28                WS_Font16_Read_Date
 .text.WS_Font24_Read_Date
                0x08001b2c        0x4 CMakeFiles/Firmware.elf.dir/Core/Src/ws_drive_tft.c.obj
                0x08001b2c                WS_Font24_Read_Date
 .text.WS_Font32_Read_Date
                0x08001b30        0x4 CMakeFiles/Firmware.elf.dir/Core/Src/ws_drive_tft.c.obj
                0x08001b30                WS_Font32_Read_Date
 .text.WS_TFT_Dis_16X16_Date
                0x08001b34       0x80 CMakeFiles/Firmware.elf.dir/Core/Src/ws_drive_tft.c.obj
                0x08001b34                WS_TFT_Dis_16X16_Date
 .text.WS_TFT_Dis_24X24_Date
                0x08001bb4       0x78 CMakeFiles/Firmware.elf.dir/Core/Src/ws_drive_tft.c.obj
                0x08001bb4                WS_TFT_Dis_24X24_Date
 .text.WS_TFT_Dis_32X32_Date
                0x08001c2c       0x78 CMakeFiles/Firmware.elf.dir/Core/Src/ws_drive_tft.c.obj
                0x08001c2c                WS_TFT_Dis_32X32_Date
 .text.WS_TFT_Dis_5X7_String
                0x08001ca4       0x98 CMakeFiles/Firmware.elf.dir/Core/Src/ws_drive_tft.c.obj
                0x08001ca4                WS_TFT_Dis_5X7_String
 .text.WS_TFT_Dis_8X16_String
                0x08001d3c       0xdc CMakeFiles/Firmware.elf.dir/Core/Src/ws_drive_tft.c.obj
                0x08001d3c                WS_TFT_Dis_8X16_String
 .text.WS_TFT_Dis_12X24_String
                0x08001e18       0xf8 CMakeFiles/Firmware.elf.dir/Core/Src/ws_drive_tft.c.obj
                0x08001e18                WS_TFT_Dis_12X24_String
 .text.WS_TFT_Dis_16X32_String
                0x08001f10       0xdc CMakeFiles/Firmware.elf.dir/Core/Src/ws_drive_tft.c.obj
                0x08001f10                WS_TFT_Dis_16X32_String
 .text.WS_TFT_Init
                0x08001fec      0x308 CMakeFiles/Firmware.elf.dir/Core/Src/ws_drive_tft.c.obj
                0x08001fec                WS_TFT_Init
 .text.Reset_Handler
                0x080022f4       0x48 CMakeFiles/Firmware.elf.dir/Core/Startup/startup_stm32f103vetx.s.obj
                0x080022f4                Reset_Handler
 .text.Default_Handler
                0x0800233c        0x2 CMakeFiles/Firmware.elf.dir/Core/Startup/startup_stm32f103vetx.s.obj
                0x0800233c                EXTI2_IRQHandler
                0x0800233c                TIM8_TRG_COM_IRQHandler
                0x0800233c                TIM8_CC_IRQHandler
                0x0800233c                TIM1_CC_IRQHandler
                0x0800233c                TIM6_IRQHandler
                0x0800233c                PVD_IRQHandler
                0x0800233c                SDIO_IRQHandler
                0x0800233c                EXTI3_IRQHandler
                0x0800233c                I2C2_EV_IRQHandler
                0x0800233c                ADC1_2_IRQHandler
                0x0800233c                SPI1_IRQHandler
                0x0800233c                TAMPER_IRQHandler
                0x0800233c                TIM8_UP_IRQHandler
                0x0800233c                DMA2_Channel2_IRQHandler
                0x0800233c                DMA1_Channel4_IRQHandler
                0x0800233c                DMA1_Channel7_IRQHandler
                0x0800233c                CAN1_RX1_IRQHandler
                0x0800233c                UART5_IRQHandler
                0x0800233c                ADC3_IRQHandler
                0x0800233c                DMA2_Channel1_IRQHandler
                0x0800233c                I2C1_EV_IRQHandler
                0x0800233c                DMA1_Channel6_IRQHandler
                0x0800233c                UART4_IRQHandler
                0x0800233c                TIM3_IRQHandler
                0x0800233c                TIM1_TRG_COM_IRQHandler
                0x0800233c                DMA1_Channel1_IRQHandler
                0x0800233c                Default_Handler
                0x0800233c                EXTI15_10_IRQHandler
                0x0800233c                TIM7_IRQHandler
                0x0800233c                TIM5_IRQHandler
                0x0800233c                EXTI9_5_IRQHandler
                0x0800233c                SPI2_IRQHandler
                0x0800233c                USB_HP_CAN1_TX_IRQHandler
                0x0800233c                DMA1_Channel3_IRQHandler
                0x0800233c                FSMC_IRQHandler
                0x0800233c                TIM1_UP_IRQHandler
                0x0800233c                WWDG_IRQHandler
                0x0800233c                TIM2_IRQHandler
                0x0800233c                TIM1_BRK_IRQHandler
                0x0800233c                DMA2_Channel4_5_IRQHandler
                0x0800233c                USART2_IRQHandler
                0x0800233c                I2C2_ER_IRQHandler
                0x0800233c                DMA1_Channel2_IRQHandler
                0x0800233c                TIM8_BRK_IRQHandler
                0x0800233c                CAN1_SCE_IRQHandler
                0x0800233c                FLASH_IRQHandler
                0x0800233c                SPI3_IRQHandler
                0x0800233c                I2C1_ER_IRQHandler
                0x0800233c                USBWakeUp_IRQHandler
                0x0800233c                DMA2_Channel3_IRQHandler
 .text.HAL_GPIO_EXTI_Callback
                0x0800233e        0x2 CMakeFiles/Firmware.elf.dir/Core/apps/src/key.c.obj
                0x0800233e                HAL_GPIO_EXTI_Callback
 .text.Staring_Menu
                0x08002340       0xd8 CMakeFiles/Firmware.elf.dir/Core/apps/src/menu.c.obj
                0x08002340                Staring_Menu
 .text.HAL_InitTick
                0x08002418       0x4c CMakeFiles/Firmware.elf.dir/Drivers/STM32F1xx_HAL_Driver/Src/stm32f1xx_hal.c.obj
                0x08002418                HAL_InitTick
 .text.HAL_Init
                0x08002464       0x24 CMakeFiles/Firmware.elf.dir/Drivers/STM32F1xx_HAL_Driver/Src/stm32f1xx_hal.c.obj
                0x08002464                HAL_Init
 .text.HAL_IncTick
                0x08002488       0x18 CMakeFiles/Firmware.elf.dir/Drivers/STM32F1xx_HAL_Driver/Src/stm32f1xx_hal.c.obj
                0x08002488                HAL_IncTick
 .text.HAL_GetTick
                0x080024a0        0xc CMakeFiles/Firmware.elf.dir/Drivers/STM32F1xx_HAL_Driver/Src/stm32f1xx_hal.c.obj
                0x080024a0                HAL_GetTick
 .text.HAL_Delay
                0x080024ac       0x28 CMakeFiles/Firmware.elf.dir/Drivers/STM32F1xx_HAL_Driver/Src/stm32f1xx_hal.c.obj
                0x080024ac                HAL_Delay
 .text.__NVIC_SetPriority
                0x080024d4       0x28 CMakeFiles/Firmware.elf.dir/Drivers/STM32F1xx_HAL_Driver/Src/stm32f1xx_hal_cortex.c.obj
 .text.NVIC_EncodePriority
                0x080024fc       0x3e CMakeFiles/Firmware.elf.dir/Drivers/STM32F1xx_HAL_Driver/Src/stm32f1xx_hal_cortex.c.obj
 *fill*         0x0800253a        0x2 
 .text.HAL_NVIC_SetPriorityGrouping
                0x0800253c       0x24 CMakeFiles/Firmware.elf.dir/Drivers/STM32F1xx_HAL_Driver/Src/stm32f1xx_hal_cortex.c.obj
                0x0800253c                HAL_NVIC_SetPriorityGrouping
 .text.HAL_NVIC_SetPriority
                0x08002560       0x20 CMakeFiles/Firmware.elf.dir/Drivers/STM32F1xx_HAL_Driver/Src/stm32f1xx_hal_cortex.c.obj
                0x08002560                HAL_NVIC_SetPriority
 .text.HAL_NVIC_EnableIRQ
                0x08002580       0x1c CMakeFiles/Firmware.elf.dir/Drivers/STM32F1xx_HAL_Driver/Src/stm32f1xx_hal_cortex.c.obj
                0x08002580                HAL_NVIC_EnableIRQ
 .text.HAL_SYSTICK_Config
                0x0800259c       0x28 CMakeFiles/Firmware.elf.dir/Drivers/STM32F1xx_HAL_Driver/Src/stm32f1xx_hal_cortex.c.obj
                0x0800259c                HAL_SYSTICK_Config
 .text.HAL_DMA_Init
                0x080025c4       0x94 CMakeFiles/Firmware.elf.dir/Drivers/STM32F1xx_HAL_Driver/Src/stm32f1xx_hal_dma.c.obj
                0x080025c4                HAL_DMA_Init
 .text.HAL_DMA_Abort
                0x08002658       0x46 CMakeFiles/Firmware.elf.dir/Drivers/STM32F1xx_HAL_Driver/Src/stm32f1xx_hal_dma.c.obj
                0x08002658                HAL_DMA_Abort
 *fill*         0x0800269e        0x2 
 .text.HAL_DMA_Abort_IT
                0x080026a0      0x16c CMakeFiles/Firmware.elf.dir/Drivers/STM32F1xx_HAL_Driver/Src/stm32f1xx_hal_dma.c.obj
                0x080026a0                HAL_DMA_Abort_IT
 .text.HAL_DMA_IRQHandler
                0x0800280c      0x2ec CMakeFiles/Firmware.elf.dir/Drivers/STM32F1xx_HAL_Driver/Src/stm32f1xx_hal_dma.c.obj
                0x0800280c                HAL_DMA_IRQHandler
 .text.HAL_GPIO_Init
                0x08002af8      0x238 CMakeFiles/Firmware.elf.dir/Drivers/STM32F1xx_HAL_Driver/Src/stm32f1xx_hal_gpio.c.obj
                0x08002af8                HAL_GPIO_Init
 .text.HAL_GPIO_WritePin
                0x08002d30        0xc CMakeFiles/Firmware.elf.dir/Drivers/STM32F1xx_HAL_Driver/Src/stm32f1xx_hal_gpio.c.obj
                0x08002d30                HAL_GPIO_WritePin
 .text.HAL_GPIO_EXTI_IRQHandler
                0x08002d3c       0x1c CMakeFiles/Firmware.elf.dir/Drivers/STM32F1xx_HAL_Driver/Src/stm32f1xx_hal_gpio.c.obj
                0x08002d3c                HAL_GPIO_EXTI_IRQHandler
 .text.HAL_PCD_EP_DB_Receive
                0x08002d58      0x11c CMakeFiles/Firmware.elf.dir/Drivers/STM32F1xx_HAL_Driver/Src/stm32f1xx_hal_pcd.c.obj
 .text.HAL_PCD_Init
                0x08002e74      0x110 CMakeFiles/Firmware.elf.dir/Drivers/STM32F1xx_HAL_Driver/Src/stm32f1xx_hal_pcd.c.obj
                0x08002e74                HAL_PCD_Init
 .text.HAL_PCD_Start
                0x08002f84       0x32 CMakeFiles/Firmware.elf.dir/Drivers/STM32F1xx_HAL_Driver/Src/stm32f1xx_hal_pcd.c.obj
                0x08002f84                HAL_PCD_Start
 .text.HAL_PCD_EP_DB_Transmit
                0x08002fb6      0x424 CMakeFiles/Firmware.elf.dir/Drivers/STM32F1xx_HAL_Driver/Src/stm32f1xx_hal_pcd.c.obj
 .text.PCD_EP_ISR_Handler
                0x080033da      0x53e CMakeFiles/Firmware.elf.dir/Drivers/STM32F1xx_HAL_Driver/Src/stm32f1xx_hal_pcd.c.obj
 .text.HAL_PCD_SetAddress
                0x08003918       0x28 CMakeFiles/Firmware.elf.dir/Drivers/STM32F1xx_HAL_Driver/Src/stm32f1xx_hal_pcd.c.obj
                0x08003918                HAL_PCD_SetAddress
 .text.HAL_PCD_IRQHandler
                0x08003940      0x1b0 CMakeFiles/Firmware.elf.dir/Drivers/STM32F1xx_HAL_Driver/Src/stm32f1xx_hal_pcd.c.obj
                0x08003940                HAL_PCD_IRQHandler
 .text.HAL_PCD_EP_Open
                0x08003af0       0x7c CMakeFiles/Firmware.elf.dir/Drivers/STM32F1xx_HAL_Driver/Src/stm32f1xx_hal_pcd.c.obj
                0x08003af0                HAL_PCD_EP_Open
 .text.HAL_PCD_EP_Close
                0x08003b6c       0x64 CMakeFiles/Firmware.elf.dir/Drivers/STM32F1xx_HAL_Driver/Src/stm32f1xx_hal_pcd.c.obj
                0x08003b6c                HAL_PCD_EP_Close
 .text.HAL_PCD_EP_Receive
                0x08003bd0       0x3a CMakeFiles/Firmware.elf.dir/Drivers/STM32F1xx_HAL_Driver/Src/stm32f1xx_hal_pcd.c.obj
                0x08003bd0                HAL_PCD_EP_Receive
 .text.HAL_PCD_EP_GetRxCount
                0x08003c0a       0x12 CMakeFiles/Firmware.elf.dir/Drivers/STM32F1xx_HAL_Driver/Src/stm32f1xx_hal_pcd.c.obj
                0x08003c0a                HAL_PCD_EP_GetRxCount
 .text.HAL_PCD_EP_Transmit
                0x08003c1c       0x44 CMakeFiles/Firmware.elf.dir/Drivers/STM32F1xx_HAL_Driver/Src/stm32f1xx_hal_pcd.c.obj
                0x08003c1c                HAL_PCD_EP_Transmit
 .text.HAL_PCD_EP_SetStall
                0x08003c60       0x78 CMakeFiles/Firmware.elf.dir/Drivers/STM32F1xx_HAL_Driver/Src/stm32f1xx_hal_pcd.c.obj
                0x08003c60                HAL_PCD_EP_SetStall
 .text.HAL_PCD_EP_ClrStall
                0x08003cd8       0x76 CMakeFiles/Firmware.elf.dir/Drivers/STM32F1xx_HAL_Driver/Src/stm32f1xx_hal_pcd.c.obj
                0x08003cd8                HAL_PCD_EP_ClrStall
 .text.HAL_PCD_EP_Flush
                0x08003d4e       0x36 CMakeFiles/Firmware.elf.dir/Drivers/STM32F1xx_HAL_Driver/Src/stm32f1xx_hal_pcd.c.obj
                0x08003d4e                HAL_PCD_EP_Flush
 .text.HAL_PCDEx_PMAConfig
                0x08003d84       0x38 CMakeFiles/Firmware.elf.dir/Drivers/STM32F1xx_HAL_Driver/Src/stm32f1xx_hal_pcd_ex.c.obj
                0x08003d84                HAL_PCDEx_PMAConfig
 .text.HAL_PWR_EnableBkUpAccess
                0x08003dbc        0xc CMakeFiles/Firmware.elf.dir/Drivers/STM32F1xx_HAL_Driver/Src/stm32f1xx_hal_pwr.c.obj
                0x08003dbc                HAL_PWR_EnableBkUpAccess
 .text.RCC_Delay
                0x08003dc8       0x2c CMakeFiles/Firmware.elf.dir/Drivers/STM32F1xx_HAL_Driver/Src/stm32f1xx_hal_rcc.c.obj
 .text.HAL_RCC_OscConfig
                0x08003df4      0x410 CMakeFiles/Firmware.elf.dir/Drivers/STM32F1xx_HAL_Driver/Src/stm32f1xx_hal_rcc.c.obj
                0x08003df4                HAL_RCC_OscConfig
 .text.HAL_RCC_GetSysClockFreq
                0x08004204       0x54 CMakeFiles/Firmware.elf.dir/Drivers/STM32F1xx_HAL_Driver/Src/stm32f1xx_hal_rcc.c.obj
                0x08004204                HAL_RCC_GetSysClockFreq
 .text.HAL_RCC_ClockConfig
                0x08004258      0x16c CMakeFiles/Firmware.elf.dir/Drivers/STM32F1xx_HAL_Driver/Src/stm32f1xx_hal_rcc.c.obj
                0x08004258                HAL_RCC_ClockConfig
 .text.HAL_RCC_GetHCLKFreq
                0x080043c4        0xc CMakeFiles/Firmware.elf.dir/Drivers/STM32F1xx_HAL_Driver/Src/stm32f1xx_hal_rcc.c.obj
                0x080043c4                HAL_RCC_GetHCLKFreq
 .text.HAL_RCC_GetPCLK1Freq
                0x080043d0       0x20 CMakeFiles/Firmware.elf.dir/Drivers/STM32F1xx_HAL_Driver/Src/stm32f1xx_hal_rcc.c.obj
                0x080043d0                HAL_RCC_GetPCLK1Freq
 .text.HAL_RCC_GetPCLK2Freq
                0x080043f0       0x20 CMakeFiles/Firmware.elf.dir/Drivers/STM32F1xx_HAL_Driver/Src/stm32f1xx_hal_rcc.c.obj
                0x080043f0                HAL_RCC_GetPCLK2Freq
 .text.HAL_RCCEx_PeriphCLKConfig
                0x08004410      0x118 CMakeFiles/Firmware.elf.dir/Drivers/STM32F1xx_HAL_Driver/Src/stm32f1xx_hal_rcc_ex.c.obj
                0x08004410                HAL_RCCEx_PeriphCLKConfig
 .text.HAL_RCCEx_GetPeriphCLKFreq
                0x08004528       0xf4 CMakeFiles/Firmware.elf.dir/Drivers/STM32F1xx_HAL_Driver/Src/stm32f1xx_hal_rcc_ex.c.obj
                0x08004528                HAL_RCCEx_GetPeriphCLKFreq
 .text.RTC_ReadTimeCounter
                0x0800461c       0x2a CMakeFiles/Firmware.elf.dir/Drivers/STM32F1xx_HAL_Driver/Src/stm32f1xx_hal_rtc.c.obj
 .text.RTC_ReadAlarmCounter
                0x08004646        0xe CMakeFiles/Firmware.elf.dir/Drivers/STM32F1xx_HAL_Driver/Src/stm32f1xx_hal_rtc.c.obj
 .text.RTC_Bcd2ToByte
                0x08004654       0x12 CMakeFiles/Firmware.elf.dir/Drivers/STM32F1xx_HAL_Driver/Src/stm32f1xx_hal_rtc.c.obj
 *fill*         0x08004666        0x2 
 .text.RTC_WeekDayNum
                0x08004668       0x98 CMakeFiles/Firmware.elf.dir/Drivers/STM32F1xx_HAL_Driver/Src/stm32f1xx_hal_rtc.c.obj
 .text.RTC_EnterInitMode
                0x08004700       0x30 CMakeFiles/Firmware.elf.dir/Drivers/STM32F1xx_HAL_Driver/Src/stm32f1xx_hal_rtc.c.obj
 .text.RTC_ExitInitMode
                0x08004730       0x32 CMakeFiles/Firmware.elf.dir/Drivers/STM32F1xx_HAL_Driver/Src/stm32f1xx_hal_rtc.c.obj
 .text.RTC_WriteTimeCounter
                0x08004762       0x2a CMakeFiles/Firmware.elf.dir/Drivers/STM32F1xx_HAL_Driver/Src/stm32f1xx_hal_rtc.c.obj
 .text.RTC_WriteAlarmCounter
                0x0800478c       0x2a CMakeFiles/Firmware.elf.dir/Drivers/STM32F1xx_HAL_Driver/Src/stm32f1xx_hal_rtc.c.obj
 .text.HAL_RTC_SetTime
                0x080047b6       0xc2 CMakeFiles/Firmware.elf.dir/Drivers/STM32F1xx_HAL_Driver/Src/stm32f1xx_hal_rtc.c.obj
                0x080047b6                HAL_RTC_SetTime
 .text.HAL_RTC_SetDate
                0x08004878       0xd4 CMakeFiles/Firmware.elf.dir/Drivers/STM32F1xx_HAL_Driver/Src/stm32f1xx_hal_rtc.c.obj
                0x08004878                HAL_RTC_SetDate
 .text.HAL_RTC_AlarmAEventCallback
                0x0800494c        0x2 CMakeFiles/Firmware.elf.dir/Drivers/STM32F1xx_HAL_Driver/Src/stm32f1xx_hal_rtc.c.obj
                0x0800494c                HAL_RTC_AlarmAEventCallback
 *fill*         0x0800494e        0x2 
 .text.HAL_RTC_AlarmIRQHandler
                0x08004950       0x38 CMakeFiles/Firmware.elf.dir/Drivers/STM32F1xx_HAL_Driver/Src/stm32f1xx_hal_rtc.c.obj
                0x08004950                HAL_RTC_AlarmIRQHandler
 .text.HAL_RTC_WaitForSynchro
                0x08004988       0x38 CMakeFiles/Firmware.elf.dir/Drivers/STM32F1xx_HAL_Driver/Src/stm32f1xx_hal_rtc.c.obj
                0x08004988                HAL_RTC_WaitForSynchro
 .text.HAL_RTC_Init
                0x080049c0       0xb0 CMakeFiles/Firmware.elf.dir/Drivers/STM32F1xx_HAL_Driver/Src/stm32f1xx_hal_rtc.c.obj
                0x080049c0                HAL_RTC_Init
 .text.HAL_RTCEx_RTCEventCallback
                0x08004a70        0x2 CMakeFiles/Firmware.elf.dir/Drivers/STM32F1xx_HAL_Driver/Src/stm32f1xx_hal_rtc_ex.c.obj
                0x08004a70                HAL_RTCEx_RTCEventCallback
 .text.HAL_RTCEx_RTCEventErrorCallback
                0x08004a72        0x2 CMakeFiles/Firmware.elf.dir/Drivers/STM32F1xx_HAL_Driver/Src/stm32f1xx_hal_rtc_ex.c.obj
                0x08004a72                HAL_RTCEx_RTCEventErrorCallback
 .text.HAL_RTCEx_RTCIRQHandler
                0x08004a74       0x46 CMakeFiles/Firmware.elf.dir/Drivers/STM32F1xx_HAL_Driver/Src/stm32f1xx_hal_rtc_ex.c.obj
                0x08004a74                HAL_RTCEx_RTCIRQHandler
 *fill*         0x08004aba        0x2 
 .text.SD_PowerON
                0x08004abc       0xc0 CMakeFiles/Firmware.elf.dir/Drivers/STM32F1xx_HAL_Driver/Src/stm32f1xx_hal_sd.c.obj
 .text.SD_SendStatus
                0x08004b7c       0x2c CMakeFiles/Firmware.elf.dir/Drivers/STM32F1xx_HAL_Driver/Src/stm32f1xx_hal_sd.c.obj
 .text.HAL_SD_ReadBlocks
                0x08004ba8      0x248 CMakeFiles/Firmware.elf.dir/Drivers/STM32F1xx_HAL_Driver/Src/stm32f1xx_hal_sd.c.obj
                0x08004ba8                HAL_SD_ReadBlocks
 .text.HAL_SD_WriteBlocks
                0x08004df0      0x204 CMakeFiles/Firmware.elf.dir/Drivers/STM32F1xx_HAL_Driver/Src/stm32f1xx_hal_sd.c.obj
                0x08004df0                HAL_SD_WriteBlocks
 .text.HAL_SD_GetCardCSD
                0x08004ff4      0x1b8 CMakeFiles/Firmware.elf.dir/Drivers/STM32F1xx_HAL_Driver/Src/stm32f1xx_hal_sd.c.obj
                0x08004ff4                HAL_SD_GetCardCSD
 .text.SD_InitCard
                0x080051ac      0x100 CMakeFiles/Firmware.elf.dir/Drivers/STM32F1xx_HAL_Driver/Src/stm32f1xx_hal_sd.c.obj
 .text.HAL_SD_InitCard
                0x080052ac       0xa8 CMakeFiles/Firmware.elf.dir/Drivers/STM32F1xx_HAL_Driver/Src/stm32f1xx_hal_sd.c.obj
                0x080052ac                HAL_SD_InitCard
 .text.HAL_SD_Init
                0x08005354       0x36 CMakeFiles/Firmware.elf.dir/Drivers/STM32F1xx_HAL_Driver/Src/stm32f1xx_hal_sd.c.obj
                0x08005354                HAL_SD_Init
 .text.HAL_SD_GetCardInfo
                0x0800538a       0x24 CMakeFiles/Firmware.elf.dir/Drivers/STM32F1xx_HAL_Driver/Src/stm32f1xx_hal_sd.c.obj
                0x0800538a                HAL_SD_GetCardInfo
 .text.HAL_SD_GetCardState
                0x080053ae       0x22 CMakeFiles/Firmware.elf.dir/Drivers/STM32F1xx_HAL_Driver/Src/stm32f1xx_hal_sd.c.obj
                0x080053ae                HAL_SD_GetCardState
 .text.HAL_SPI_Init
                0x080053d0       0xb6 CMakeFiles/Firmware.elf.dir/Drivers/STM32F1xx_HAL_Driver/Src/stm32f1xx_hal_spi.c.obj
                0x080053d0                HAL_SPI_Init
 .text.HAL_SRAM_Init
                0x08005486       0x64 CMakeFiles/Firmware.elf.dir/Drivers/STM32F1xx_HAL_Driver/Src/stm32f1xx_hal_sram.c.obj
                0x08005486                HAL_SRAM_Init
 .text.TIM_TI1_ConfigInputStage
                0x080054ea       0x24 CMakeFiles/Firmware.elf.dir/Drivers/STM32F1xx_HAL_Driver/Src/stm32f1xx_hal_tim.c.obj
 .text.TIM_TI2_ConfigInputStage
                0x0800550e       0x26 CMakeFiles/Firmware.elf.dir/Drivers/STM32F1xx_HAL_Driver/Src/stm32f1xx_hal_tim.c.obj
 .text.TIM_ITRx_SetConfig
                0x08005534       0x10 CMakeFiles/Firmware.elf.dir/Drivers/STM32F1xx_HAL_Driver/Src/stm32f1xx_hal_tim.c.obj
 .text.HAL_TIM_PeriodElapsedCallback
                0x08005544        0x2 CMakeFiles/Firmware.elf.dir/Drivers/STM32F1xx_HAL_Driver/Src/stm32f1xx_hal_tim.c.obj
                0x08005544                HAL_TIM_PeriodElapsedCallback
 .text.HAL_TIM_OC_DelayElapsedCallback
                0x08005546        0x2 CMakeFiles/Firmware.elf.dir/Drivers/STM32F1xx_HAL_Driver/Src/stm32f1xx_hal_tim.c.obj
                0x08005546                HAL_TIM_OC_DelayElapsedCallback
 .text.HAL_TIM_IC_CaptureCallback
                0x08005548        0x2 CMakeFiles/Firmware.elf.dir/Drivers/STM32F1xx_HAL_Driver/Src/stm32f1xx_hal_tim.c.obj
                0x08005548                HAL_TIM_IC_CaptureCallback
 .text.HAL_TIM_PWM_PulseFinishedCallback
                0x0800554a        0x2 CMakeFiles/Firmware.elf.dir/Drivers/STM32F1xx_HAL_Driver/Src/stm32f1xx_hal_tim.c.obj
                0x0800554a                HAL_TIM_PWM_PulseFinishedCallback
 .text.HAL_TIM_TriggerCallback
                0x0800554c        0x2 CMakeFiles/Firmware.elf.dir/Drivers/STM32F1xx_HAL_Driver/Src/stm32f1xx_hal_tim.c.obj
                0x0800554c                HAL_TIM_TriggerCallback
 .text.HAL_TIM_IRQHandler
                0x0800554e      0x17a CMakeFiles/Firmware.elf.dir/Drivers/STM32F1xx_HAL_Driver/Src/stm32f1xx_hal_tim.c.obj
                0x0800554e                HAL_TIM_IRQHandler
 .text.TIM_Base_SetConfig
                0x080056c8       0x98 CMakeFiles/Firmware.elf.dir/Drivers/STM32F1xx_HAL_Driver/Src/stm32f1xx_hal_tim.c.obj
                0x080056c8                TIM_Base_SetConfig
 .text.HAL_TIM_Base_Init
                0x08005760       0x58 CMakeFiles/Firmware.elf.dir/Drivers/STM32F1xx_HAL_Driver/Src/stm32f1xx_hal_tim.c.obj
                0x08005760                HAL_TIM_Base_Init
 .text.TIM_ETR_SetConfig
                0x080057b8       0x18 CMakeFiles/Firmware.elf.dir/Drivers/STM32F1xx_HAL_Driver/Src/stm32f1xx_hal_tim.c.obj
                0x080057b8                TIM_ETR_SetConfig
 .text.HAL_TIM_ConfigClockSource
                0x080057d0       0xfe CMakeFiles/Firmware.elf.dir/Drivers/STM32F1xx_HAL_Driver/Src/stm32f1xx_hal_tim.c.obj
                0x080057d0                HAL_TIM_ConfigClockSource
 *fill*         0x080058ce        0x2 
 .text.HAL_TIMEx_MasterConfigSynchronization
                0x080058d0       0x7c CMakeFiles/Firmware.elf.dir/Drivers/STM32F1xx_HAL_Driver/Src/stm32f1xx_hal_tim_ex.c.obj
                0x080058d0                HAL_TIMEx_MasterConfigSynchronization
 .text.HAL_TIMEx_CommutCallback
                0x0800594c        0x2 CMakeFiles/Firmware.elf.dir/Drivers/STM32F1xx_HAL_Driver/Src/stm32f1xx_hal_tim_ex.c.obj
                0x0800594c                HAL_TIMEx_CommutCallback
 .text.HAL_TIMEx_BreakCallback
                0x0800594e        0x2 CMakeFiles/Firmware.elf.dir/Drivers/STM32F1xx_HAL_Driver/Src/stm32f1xx_hal_tim_ex.c.obj
                0x0800594e                HAL_TIMEx_BreakCallback
 .text.UART_EndRxTransfer
                0x08005950       0x5c CMakeFiles/Firmware.elf.dir/Drivers/STM32F1xx_HAL_Driver/Src/stm32f1xx_hal_uart.c.obj
 .text.UART_Transmit_IT
                0x080059ac       0x60 CMakeFiles/Firmware.elf.dir/Drivers/STM32F1xx_HAL_Driver/Src/stm32f1xx_hal_uart.c.obj
 .text.UART_SetConfig
                0x08005a0c       0x94 CMakeFiles/Firmware.elf.dir/Drivers/STM32F1xx_HAL_Driver/Src/stm32f1xx_hal_uart.c.obj
 .text.UART_WaitOnFlagUntilTimeout
                0x08005aa0       0x84 CMakeFiles/Firmware.elf.dir/Drivers/STM32F1xx_HAL_Driver/Src/stm32f1xx_hal_uart.c.obj
 .text.HAL_UART_Init
                0x08005b24       0x60 CMakeFiles/Firmware.elf.dir/Drivers/STM32F1xx_HAL_Driver/Src/stm32f1xx_hal_uart.c.obj
                0x08005b24                HAL_UART_Init
 .text.HAL_UART_Transmit
                0x08005b84       0xbe CMakeFiles/Firmware.elf.dir/Drivers/STM32F1xx_HAL_Driver/Src/stm32f1xx_hal_uart.c.obj
                0x08005b84                HAL_UART_Transmit
 .text.HAL_UART_Receive
                0x08005c42       0xca CMakeFiles/Firmware.elf.dir/Drivers/STM32F1xx_HAL_Driver/Src/stm32f1xx_hal_uart.c.obj
                0x08005c42                HAL_UART_Receive
 .text.HAL_UART_TxCpltCallback
                0x08005d0c        0x2 CMakeFiles/Firmware.elf.dir/Drivers/STM32F1xx_HAL_Driver/Src/stm32f1xx_hal_uart.c.obj
                0x08005d0c                HAL_UART_TxCpltCallback
 .text.UART_EndTransmit_IT
                0x08005d0e       0x1a CMakeFiles/Firmware.elf.dir/Drivers/STM32F1xx_HAL_Driver/Src/stm32f1xx_hal_uart.c.obj
 .text.HAL_UART_RxCpltCallback
                0x08005d28        0x2 CMakeFiles/Firmware.elf.dir/Drivers/STM32F1xx_HAL_Driver/Src/stm32f1xx_hal_uart.c.obj
                0x08005d28                HAL_UART_RxCpltCallback
 .text.HAL_UART_ErrorCallback
                0x08005d2a        0x2 CMakeFiles/Firmware.elf.dir/Drivers/STM32F1xx_HAL_Driver/Src/stm32f1xx_hal_uart.c.obj
                0x08005d2a                HAL_UART_ErrorCallback
 .text.UART_DMAAbortOnError
                0x08005d2c       0x10 CMakeFiles/Firmware.elf.dir/Drivers/STM32F1xx_HAL_Driver/Src/stm32f1xx_hal_uart.c.obj
 .text.HAL_UARTEx_RxEventCallback
                0x08005d3c        0x2 CMakeFiles/Firmware.elf.dir/Drivers/STM32F1xx_HAL_Driver/Src/stm32f1xx_hal_uart.c.obj
                0x08005d3c                HAL_UARTEx_RxEventCallback
 .text.UART_Receive_IT
                0x08005d3e       0xe6 CMakeFiles/Firmware.elf.dir/Drivers/STM32F1xx_HAL_Driver/Src/stm32f1xx_hal_uart.c.obj
 .text.HAL_UART_IRQHandler
                0x08005e24      0x284 CMakeFiles/Firmware.elf.dir/Drivers/STM32F1xx_HAL_Driver/Src/stm32f1xx_hal_uart.c.obj
                0x08005e24                HAL_UART_IRQHandler
 .text.FSMC_NORSRAM_Init
                0x080060a8       0x68 CMakeFiles/Firmware.elf.dir/Drivers/STM32F1xx_HAL_Driver/Src/stm32f1xx_ll_fsmc.c.obj
                0x080060a8                FSMC_NORSRAM_Init
 .text.FSMC_NORSRAM_Timing_Init
                0x08006110       0x50 CMakeFiles/Firmware.elf.dir/Drivers/STM32F1xx_HAL_Driver/Src/stm32f1xx_ll_fsmc.c.obj
                0x08006110                FSMC_NORSRAM_Timing_Init
 .text.FSMC_NORSRAM_Extended_Timing_Init
                0x08006160       0x44 CMakeFiles/Firmware.elf.dir/Drivers/STM32F1xx_HAL_Driver/Src/stm32f1xx_ll_fsmc.c.obj
                0x08006160                FSMC_NORSRAM_Extended_Timing_Init
 .text.SDMMC_GetCmdError
                0x080061a4       0x38 CMakeFiles/Firmware.elf.dir/Drivers/STM32F1xx_HAL_Driver/Src/stm32f1xx_ll_sdmmc.c.obj
 .text.SDIO_Init
                0x080061dc       0x32 CMakeFiles/Firmware.elf.dir/Drivers/STM32F1xx_HAL_Driver/Src/stm32f1xx_ll_sdmmc.c.obj
                0x080061dc                SDIO_Init
 .text.SDIO_ReadFIFO
                0x0800620e        0x6 CMakeFiles/Firmware.elf.dir/Drivers/STM32F1xx_HAL_Driver/Src/stm32f1xx_ll_sdmmc.c.obj
                0x0800620e                SDIO_ReadFIFO
 .text.SDIO_WriteFIFO
                0x08006214        0xa CMakeFiles/Firmware.elf.dir/Drivers/STM32F1xx_HAL_Driver/Src/stm32f1xx_ll_sdmmc.c.obj
                0x08006214                SDIO_WriteFIFO
 .text.SDIO_PowerState_ON
                0x0800621e        0x8 CMakeFiles/Firmware.elf.dir/Drivers/STM32F1xx_HAL_Driver/Src/stm32f1xx_ll_sdmmc.c.obj
                0x0800621e                SDIO_PowerState_ON
 .text.SDIO_GetPowerState
                0x08006226        0x8 CMakeFiles/Firmware.elf.dir/Drivers/STM32F1xx_HAL_Driver/Src/stm32f1xx_ll_sdmmc.c.obj
                0x08006226                SDIO_GetPowerState
 .text.SDIO_SendCommand
                0x0800622e       0x20 CMakeFiles/Firmware.elf.dir/Drivers/STM32F1xx_HAL_Driver/Src/stm32f1xx_ll_sdmmc.c.obj
                0x0800622e                SDIO_SendCommand
 .text.SDIO_GetCommandResponse
                0x0800624e        0x6 CMakeFiles/Firmware.elf.dir/Drivers/STM32F1xx_HAL_Driver/Src/stm32f1xx_ll_sdmmc.c.obj
                0x0800624e                SDIO_GetCommandResponse
 .text.SDIO_GetResponse
                0x08006254        0x6 CMakeFiles/Firmware.elf.dir/Drivers/STM32F1xx_HAL_Driver/Src/stm32f1xx_ll_sdmmc.c.obj
                0x08006254                SDIO_GetResponse
 .text.SDIO_ConfigData
                0x0800625a       0x24 CMakeFiles/Firmware.elf.dir/Drivers/STM32F1xx_HAL_Driver/Src/stm32f1xx_ll_sdmmc.c.obj
                0x0800625a                SDIO_ConfigData
 .text.SDMMC_CmdGoIdleState
                0x0800627e       0x26 CMakeFiles/Firmware.elf.dir/Drivers/STM32F1xx_HAL_Driver/Src/stm32f1xx_ll_sdmmc.c.obj
                0x0800627e                SDMMC_CmdGoIdleState
 .text.SDMMC_GetCmdResp1
                0x080062a4      0x154 CMakeFiles/Firmware.elf.dir/Drivers/STM32F1xx_HAL_Driver/Src/stm32f1xx_ll_sdmmc.c.obj
                0x080062a4                SDMMC_GetCmdResp1
 .text.SDMMC_CmdBlockLength
                0x080063f8       0x30 CMakeFiles/Firmware.elf.dir/Drivers/STM32F1xx_HAL_Driver/Src/stm32f1xx_ll_sdmmc.c.obj
                0x080063f8                SDMMC_CmdBlockLength
 .text.SDMMC_CmdReadSingleBlock
                0x08006428       0x30 CMakeFiles/Firmware.elf.dir/Drivers/STM32F1xx_HAL_Driver/Src/stm32f1xx_ll_sdmmc.c.obj
                0x08006428                SDMMC_CmdReadSingleBlock
 .text.SDMMC_CmdReadMultiBlock
                0x08006458       0x30 CMakeFiles/Firmware.elf.dir/Drivers/STM32F1xx_HAL_Driver/Src/stm32f1xx_ll_sdmmc.c.obj
                0x08006458                SDMMC_CmdReadMultiBlock
 .text.SDMMC_CmdWriteSingleBlock
                0x08006488       0x30 CMakeFiles/Firmware.elf.dir/Drivers/STM32F1xx_HAL_Driver/Src/stm32f1xx_ll_sdmmc.c.obj
                0x08006488                SDMMC_CmdWriteSingleBlock
 .text.SDMMC_CmdWriteMultiBlock
                0x080064b8       0x30 CMakeFiles/Firmware.elf.dir/Drivers/STM32F1xx_HAL_Driver/Src/stm32f1xx_ll_sdmmc.c.obj
                0x080064b8                SDMMC_CmdWriteMultiBlock
 .text.SDMMC_CmdStopTransfer
                0x080064e8       0x34 CMakeFiles/Firmware.elf.dir/Drivers/STM32F1xx_HAL_Driver/Src/stm32f1xx_ll_sdmmc.c.obj
                0x080064e8                SDMMC_CmdStopTransfer
 .text.SDMMC_CmdSelDesel
                0x0800651c       0x30 CMakeFiles/Firmware.elf.dir/Drivers/STM32F1xx_HAL_Driver/Src/stm32f1xx_ll_sdmmc.c.obj
                0x0800651c                SDMMC_CmdSelDesel
 .text.SDMMC_CmdAppCommand
                0x0800654c       0x30 CMakeFiles/Firmware.elf.dir/Drivers/STM32F1xx_HAL_Driver/Src/stm32f1xx_ll_sdmmc.c.obj
                0x0800654c                SDMMC_CmdAppCommand
 .text.SDMMC_CmdSendStatus
                0x0800657c       0x30 CMakeFiles/Firmware.elf.dir/Drivers/STM32F1xx_HAL_Driver/Src/stm32f1xx_ll_sdmmc.c.obj
                0x0800657c                SDMMC_CmdSendStatus
 .text.SDMMC_GetCmdResp2
                0x080065ac       0x5c CMakeFiles/Firmware.elf.dir/Drivers/STM32F1xx_HAL_Driver/Src/stm32f1xx_ll_sdmmc.c.obj
                0x080065ac                SDMMC_GetCmdResp2
 .text.SDMMC_CmdSendCID
                0x08006608       0x2a CMakeFiles/Firmware.elf.dir/Drivers/STM32F1xx_HAL_Driver/Src/stm32f1xx_ll_sdmmc.c.obj
                0x08006608                SDMMC_CmdSendCID
 .text.SDMMC_CmdSendCSD
                0x08006632       0x2a CMakeFiles/Firmware.elf.dir/Drivers/STM32F1xx_HAL_Driver/Src/stm32f1xx_ll_sdmmc.c.obj
                0x08006632                SDMMC_CmdSendCSD
 .text.SDMMC_GetCmdResp3
                0x0800665c       0x4c CMakeFiles/Firmware.elf.dir/Drivers/STM32F1xx_HAL_Driver/Src/stm32f1xx_ll_sdmmc.c.obj
                0x0800665c                SDMMC_GetCmdResp3
 .text.SDMMC_CmdAppOperCommand
                0x080066a8       0x32 CMakeFiles/Firmware.elf.dir/Drivers/STM32F1xx_HAL_Driver/Src/stm32f1xx_ll_sdmmc.c.obj
                0x080066a8                SDMMC_CmdAppOperCommand
 *fill*         0x080066da        0x2 
 .text.SDMMC_GetCmdResp6
                0x080066dc       0xa0 CMakeFiles/Firmware.elf.dir/Drivers/STM32F1xx_HAL_Driver/Src/stm32f1xx_ll_sdmmc.c.obj
                0x080066dc                SDMMC_GetCmdResp6
 .text.SDMMC_CmdSetRelAdd
                0x0800677c       0x30 CMakeFiles/Firmware.elf.dir/Drivers/STM32F1xx_HAL_Driver/Src/stm32f1xx_ll_sdmmc.c.obj
                0x0800677c                SDMMC_CmdSetRelAdd
 .text.SDMMC_GetCmdResp7
                0x080067ac       0x64 CMakeFiles/Firmware.elf.dir/Drivers/STM32F1xx_HAL_Driver/Src/stm32f1xx_ll_sdmmc.c.obj
                0x080067ac                SDMMC_GetCmdResp7
 .text.SDMMC_CmdOperCond
                0x08006810       0x2e CMakeFiles/Firmware.elf.dir/Drivers/STM32F1xx_HAL_Driver/Src/stm32f1xx_ll_sdmmc.c.obj
                0x08006810                SDMMC_CmdOperCond
 .text.USB_CoreInit
                0x0800683e        0xe CMakeFiles/Firmware.elf.dir/Drivers/STM32F1xx_HAL_Driver/Src/stm32f1xx_ll_usb.c.obj
                0x0800683e                USB_CoreInit
 .text.USB_EnableGlobalInt
                0x0800684c       0x12 CMakeFiles/Firmware.elf.dir/Drivers/STM32F1xx_HAL_Driver/Src/stm32f1xx_ll_usb.c.obj
                0x0800684c                USB_EnableGlobalInt
 .text.USB_DisableGlobalInt
                0x0800685e       0x14 CMakeFiles/Firmware.elf.dir/Drivers/STM32F1xx_HAL_Driver/Src/stm32f1xx_ll_usb.c.obj
                0x0800685e                USB_DisableGlobalInt
 .text.USB_SetCurrentMode
                0x08006872        0x4 CMakeFiles/Firmware.elf.dir/Drivers/STM32F1xx_HAL_Driver/Src/stm32f1xx_ll_usb.c.obj
                0x08006872                USB_SetCurrentMode
 .text.USB_DevInit
                0x08006876       0x22 CMakeFiles/Firmware.elf.dir/Drivers/STM32F1xx_HAL_Driver/Src/stm32f1xx_ll_usb.c.obj
                0x08006876                USB_DevInit
 .text.USB_FlushTxFifo
                0x08006898        0x4 CMakeFiles/Firmware.elf.dir/Drivers/STM32F1xx_HAL_Driver/Src/stm32f1xx_ll_usb.c.obj
                0x08006898                USB_FlushTxFifo
 .text.USB_FlushRxFifo
                0x0800689c        0x4 CMakeFiles/Firmware.elf.dir/Drivers/STM32F1xx_HAL_Driver/Src/stm32f1xx_ll_usb.c.obj
                0x0800689c                USB_FlushRxFifo
 .text.USB_ActivateEndpoint
                0x080068a0      0x3ca CMakeFiles/Firmware.elf.dir/Drivers/STM32F1xx_HAL_Driver/Src/stm32f1xx_ll_usb.c.obj
                0x080068a0                USB_ActivateEndpoint
 .text.USB_DeactivateEndpoint
                0x08006c6a      0x1d6 CMakeFiles/Firmware.elf.dir/Drivers/STM32F1xx_HAL_Driver/Src/stm32f1xx_ll_usb.c.obj
                0x08006c6a                USB_DeactivateEndpoint
 .text.USB_EPSetStall
                0x08006e40       0x4a CMakeFiles/Firmware.elf.dir/Drivers/STM32F1xx_HAL_Driver/Src/stm32f1xx_ll_usb.c.obj
                0x08006e40                USB_EPSetStall
 .text.USB_EPClearStall
                0x08006e8a       0xa2 CMakeFiles/Firmware.elf.dir/Drivers/STM32F1xx_HAL_Driver/Src/stm32f1xx_ll_usb.c.obj
                0x08006e8a                USB_EPClearStall
 .text.USB_SetDevAddress
                0x08006f2c        0xc CMakeFiles/Firmware.elf.dir/Drivers/STM32F1xx_HAL_Driver/Src/stm32f1xx_ll_usb.c.obj
                0x08006f2c                USB_SetDevAddress
 .text.USB_DevConnect
                0x08006f38        0x4 CMakeFiles/Firmware.elf.dir/Drivers/STM32F1xx_HAL_Driver/Src/stm32f1xx_ll_usb.c.obj
                0x08006f38                USB_DevConnect
 .text.USB_DevDisconnect
                0x08006f3c        0x4 CMakeFiles/Firmware.elf.dir/Drivers/STM32F1xx_HAL_Driver/Src/stm32f1xx_ll_usb.c.obj
                0x08006f3c                USB_DevDisconnect
 .text.USB_ReadInterrupts
                0x08006f40        0x8 CMakeFiles/Firmware.elf.dir/Drivers/STM32F1xx_HAL_Driver/Src/stm32f1xx_ll_usb.c.obj
                0x08006f40                USB_ReadInterrupts
 .text.USB_EP0_OutStart
                0x08006f48        0x4 CMakeFiles/Firmware.elf.dir/Drivers/STM32F1xx_HAL_Driver/Src/stm32f1xx_ll_usb.c.obj
                0x08006f48                USB_EP0_OutStart
 .text.USB_WritePMA
                0x08006f4c       0x26 CMakeFiles/Firmware.elf.dir/Drivers/STM32F1xx_HAL_Driver/Src/stm32f1xx_ll_usb.c.obj
                0x08006f4c                USB_WritePMA
 .text.USB_EPStartXfer
                0x08006f72      0x7ce CMakeFiles/Firmware.elf.dir/Drivers/STM32F1xx_HAL_Driver/Src/stm32f1xx_ll_usb.c.obj
                0x08006f72                USB_EPStartXfer
 .text.USB_ReadPMA
                0x08007740       0x30 CMakeFiles/Firmware.elf.dir/Drivers/STM32F1xx_HAL_Driver/Src/stm32f1xx_ll_usb.c.obj
                0x08007740                USB_ReadPMA
 .text.MX_FATFS_Init
                0x08007770       0xa4 CMakeFiles/Firmware.elf.dir/FATFS/App/fatfs.c.obj
                0x08007770                MX_FATFS_Init
 .text.BSP_SD_ReadBlocks
                0x08007814       0x20 CMakeFiles/Firmware.elf.dir/FATFS/Target/bsp_driver_sd.c.obj
                0x08007814                BSP_SD_ReadBlocks
 .text.BSP_SD_WriteBlocks
                0x08007834       0x20 CMakeFiles/Firmware.elf.dir/FATFS/Target/bsp_driver_sd.c.obj
                0x08007834                BSP_SD_WriteBlocks
 .text.BSP_SD_GetCardState
                0x08007854       0x14 CMakeFiles/Firmware.elf.dir/FATFS/Target/bsp_driver_sd.c.obj
                0x08007854                BSP_SD_GetCardState
 .text.BSP_SD_GetCardInfo
                0x08007868       0x10 CMakeFiles/Firmware.elf.dir/FATFS/Target/bsp_driver_sd.c.obj
                0x08007868                BSP_SD_GetCardInfo
 .text.BSP_SD_IsDetected
                0x08007878       0x10 CMakeFiles/Firmware.elf.dir/FATFS/Target/bsp_driver_sd.c.obj
                0x08007878                BSP_SD_IsDetected
 .text.BSP_SD_Init
                0x08007888       0x1c CMakeFiles/Firmware.elf.dir/FATFS/Target/bsp_driver_sd.c.obj
                0x08007888                BSP_SD_Init
 .text.USBD_MSC_GetHSCfgDesc
                0x080078a4        0xc CMakeFiles/Firmware.elf.dir/Middlewares/ST/STM32_USB_Device_Library/Class/MSC/Src/usbd_msc.c.obj
                0x080078a4                USBD_MSC_GetHSCfgDesc
 .text.USBD_MSC_GetFSCfgDesc
                0x080078b0        0xc CMakeFiles/Firmware.elf.dir/Middlewares/ST/STM32_USB_Device_Library/Class/MSC/Src/usbd_msc.c.obj
                0x080078b0                USBD_MSC_GetFSCfgDesc
 .text.USBD_MSC_GetOtherSpeedCfgDesc
                0x080078bc        0xc CMakeFiles/Firmware.elf.dir/Middlewares/ST/STM32_USB_Device_Library/Class/MSC/Src/usbd_msc.c.obj
                0x080078bc                USBD_MSC_GetOtherSpeedCfgDesc
 .text.USBD_MSC_GetDeviceQualifierDescriptor
                0x080078c8        0xc CMakeFiles/Firmware.elf.dir/Middlewares/ST/STM32_USB_Device_Library/Class/MSC/Src/usbd_msc.c.obj
                0x080078c8                USBD_MSC_GetDeviceQualifierDescriptor
 .text.USBD_MSC_Init
                0x080078d4       0x66 CMakeFiles/Firmware.elf.dir/Middlewares/ST/STM32_USB_Device_Library/Class/MSC/Src/usbd_msc.c.obj
                0x080078d4                USBD_MSC_Init
 .text.USBD_MSC_DeInit
                0x0800793a       0x32 CMakeFiles/Firmware.elf.dir/Middlewares/ST/STM32_USB_Device_Library/Class/MSC/Src/usbd_msc.c.obj
                0x0800793a                USBD_MSC_DeInit
 .text.USBD_MSC_Setup
                0x0800796c      0x198 CMakeFiles/Firmware.elf.dir/Middlewares/ST/STM32_USB_Device_Library/Class/MSC/Src/usbd_msc.c.obj
                0x0800796c                USBD_MSC_Setup
 .text.USBD_MSC_DataIn
                0x08007b04        0xa CMakeFiles/Firmware.elf.dir/Middlewares/ST/STM32_USB_Device_Library/Class/MSC/Src/usbd_msc.c.obj
                0x08007b04                USBD_MSC_DataIn
 .text.USBD_MSC_DataOut
                0x08007b0e        0xa CMakeFiles/Firmware.elf.dir/Middlewares/ST/STM32_USB_Device_Library/Class/MSC/Src/usbd_msc.c.obj
                0x08007b0e                USBD_MSC_DataOut
 .text.USBD_MSC_RegisterStorage
                0x08007b18        0xa CMakeFiles/Firmware.elf.dir/Middlewares/ST/STM32_USB_Device_Library/Class/MSC/Src/usbd_msc.c.obj
                0x08007b18                USBD_MSC_RegisterStorage
 .text.MSC_BOT_SendData
                0x08007b22       0x34 CMakeFiles/Firmware.elf.dir/Middlewares/ST/STM32_USB_Device_Library/Class/MSC/Src/usbd_msc_bot.c.obj
 .text.MSC_BOT_Abort
                0x08007b56       0x40 CMakeFiles/Firmware.elf.dir/Middlewares/ST/STM32_USB_Device_Library/Class/MSC/Src/usbd_msc_bot.c.obj
 .text.MSC_BOT_Init
                0x08007b96       0x3e CMakeFiles/Firmware.elf.dir/Middlewares/ST/STM32_USB_Device_Library/Class/MSC/Src/usbd_msc_bot.c.obj
                0x08007b96                MSC_BOT_Init
 .text.MSC_BOT_Reset
                0x08007bd4       0x1a CMakeFiles/Firmware.elf.dir/Middlewares/ST/STM32_USB_Device_Library/Class/MSC/Src/usbd_msc_bot.c.obj
                0x08007bd4                MSC_BOT_Reset
 .text.MSC_BOT_DeInit
                0x08007bee        0xa CMakeFiles/Firmware.elf.dir/Middlewares/ST/STM32_USB_Device_Library/Class/MSC/Src/usbd_msc_bot.c.obj
                0x08007bee                MSC_BOT_DeInit
 .text.MSC_BOT_SendCSW
                0x08007bf8       0x38 CMakeFiles/Firmware.elf.dir/Middlewares/ST/STM32_USB_Device_Library/Class/MSC/Src/usbd_msc_bot.c.obj
                0x08007bf8                MSC_BOT_SendCSW
 .text.MSC_BOT_DataIn
                0x08007c30       0x3a CMakeFiles/Firmware.elf.dir/Middlewares/ST/STM32_USB_Device_Library/Class/MSC/Src/usbd_msc_bot.c.obj
                0x08007c30                MSC_BOT_DataIn
 *fill*         0x08007c6a        0x2 
 .text.MSC_BOT_CBW_Decode
                0x08007c6c       0xa8 CMakeFiles/Firmware.elf.dir/Middlewares/ST/STM32_USB_Device_Library/Class/MSC/Src/usbd_msc_bot.c.obj
 .text.MSC_BOT_DataOut
                0x08007d14       0x30 CMakeFiles/Firmware.elf.dir/Middlewares/ST/STM32_USB_Device_Library/Class/MSC/Src/usbd_msc_bot.c.obj
                0x08007d14                MSC_BOT_DataOut
 .text.MSC_BOT_CplClrFeature
                0x08007d44       0x2a CMakeFiles/Firmware.elf.dir/Middlewares/ST/STM32_USB_Device_Library/Class/MSC/Src/usbd_msc_bot.c.obj
                0x08007d44                MSC_BOT_CplClrFeature
 *fill*         0x08007d6e        0x2 
 .text.SCSI_Inquiry
                0x08007d70       0x5c CMakeFiles/Firmware.elf.dir/Middlewares/ST/STM32_USB_Device_Library/Class/MSC/Src/usbd_msc_scsi.c.obj
 .text.SCSI_ModeSense6
                0x08007dcc       0x24 CMakeFiles/Firmware.elf.dir/Middlewares/ST/STM32_USB_Device_Library/Class/MSC/Src/usbd_msc_scsi.c.obj
 .text.SCSI_ModeSense10
                0x08007df0       0x24 CMakeFiles/Firmware.elf.dir/Middlewares/ST/STM32_USB_Device_Library/Class/MSC/Src/usbd_msc_scsi.c.obj
 .text.SCSI_RequestSense
                0x08007e14       0x66 CMakeFiles/Firmware.elf.dir/Middlewares/ST/STM32_USB_Device_Library/Class/MSC/Src/usbd_msc_scsi.c.obj
 .text.SCSI_StartStopUnit
                0x08007e7a        0xa CMakeFiles/Firmware.elf.dir/Middlewares/ST/STM32_USB_Device_Library/Class/MSC/Src/usbd_msc_scsi.c.obj
 .text.SCSI_SenseCode
                0x08007e84       0x2a CMakeFiles/Firmware.elf.dir/Middlewares/ST/STM32_USB_Device_Library/Class/MSC/Src/usbd_msc_scsi.c.obj
                0x08007e84                SCSI_SenseCode
 .text.SCSI_TestUnitReady
                0x08007eae       0x4a CMakeFiles/Firmware.elf.dir/Middlewares/ST/STM32_USB_Device_Library/Class/MSC/Src/usbd_msc_scsi.c.obj
 .text.SCSI_ReadFormatCapacity
                0x08007ef8       0x7c CMakeFiles/Firmware.elf.dir/Middlewares/ST/STM32_USB_Device_Library/Class/MSC/Src/usbd_msc_scsi.c.obj
 .text.SCSI_ReadCapacity10
                0x08007f74       0x60 CMakeFiles/Firmware.elf.dir/Middlewares/ST/STM32_USB_Device_Library/Class/MSC/Src/usbd_msc_scsi.c.obj
 .text.SCSI_CheckAddressRange
                0x08007fd4       0x22 CMakeFiles/Firmware.elf.dir/Middlewares/ST/STM32_USB_Device_Library/Class/MSC/Src/usbd_msc_scsi.c.obj
 .text.SCSI_ProcessRead
                0x08007ff6       0x96 CMakeFiles/Firmware.elf.dir/Middlewares/ST/STM32_USB_Device_Library/Class/MSC/Src/usbd_msc_scsi.c.obj
 .text.SCSI_Read10
                0x0800808c       0xba CMakeFiles/Firmware.elf.dir/Middlewares/ST/STM32_USB_Device_Library/Class/MSC/Src/usbd_msc_scsi.c.obj
 .text.SCSI_ProcessWrite
                0x08008146       0xa8 CMakeFiles/Firmware.elf.dir/Middlewares/ST/STM32_USB_Device_Library/Class/MSC/Src/usbd_msc_scsi.c.obj
 .text.SCSI_Write10
                0x080081ee       0xf6 CMakeFiles/Firmware.elf.dir/Middlewares/ST/STM32_USB_Device_Library/Class/MSC/Src/usbd_msc_scsi.c.obj
 .text.SCSI_Verify10
                0x080082e4       0x38 CMakeFiles/Firmware.elf.dir/Middlewares/ST/STM32_USB_Device_Library/Class/MSC/Src/usbd_msc_scsi.c.obj
 .text.SCSI_ProcessCmd
                0x0800831c       0xd6 CMakeFiles/Firmware.elf.dir/Middlewares/ST/STM32_USB_Device_Library/Class/MSC/Src/usbd_msc_scsi.c.obj
                0x0800831c                SCSI_ProcessCmd
 .text.USBD_Init
                0x080083f2       0x2e CMakeFiles/Firmware.elf.dir/Middlewares/ST/STM32_USB_Device_Library/Core/Src/usbd_core.c.obj
                0x080083f2                USBD_Init
 .text.USBD_RegisterClass
                0x08008420        0xe CMakeFiles/Firmware.elf.dir/Middlewares/ST/STM32_USB_Device_Library/Core/Src/usbd_core.c.obj
                0x08008420                USBD_RegisterClass
 .text.USBD_Start
                0x0800842e        0xa CMakeFiles/Firmware.elf.dir/Middlewares/ST/STM32_USB_Device_Library/Core/Src/usbd_core.c.obj
                0x0800842e                USBD_Start
 .text.USBD_SetClassConfig
                0x08008438       0x18 CMakeFiles/Firmware.elf.dir/Middlewares/ST/STM32_USB_Device_Library/Core/Src/usbd_core.c.obj
                0x08008438                USBD_SetClassConfig
 .text.USBD_ClrClassConfig
                0x08008450        0xe CMakeFiles/Firmware.elf.dir/Middlewares/ST/STM32_USB_Device_Library/Core/Src/usbd_core.c.obj
                0x08008450                USBD_ClrClassConfig
 .text.USBD_LL_SetupStage
                0x0800845e       0x5a CMakeFiles/Firmware.elf.dir/Middlewares/ST/STM32_USB_Device_Library/Core/Src/usbd_core.c.obj
                0x0800845e                USBD_LL_SetupStage
 .text.USBD_LL_DataOutStage
                0x080084b8       0x8c CMakeFiles/Firmware.elf.dir/Middlewares/ST/STM32_USB_Device_Library/Core/Src/usbd_core.c.obj
                0x080084b8                USBD_LL_DataOutStage
 .text.USBD_LL_DataInStage
                0x08008544       0xd0 CMakeFiles/Firmware.elf.dir/Middlewares/ST/STM32_USB_Device_Library/Core/Src/usbd_core.c.obj
                0x08008544                USBD_LL_DataInStage
 .text.USBD_LL_Reset
                0x08008614       0x50 CMakeFiles/Firmware.elf.dir/Middlewares/ST/STM32_USB_Device_Library/Core/Src/usbd_core.c.obj
                0x08008614                USBD_LL_Reset
 .text.USBD_LL_SetSpeed
                0x08008664        0x6 CMakeFiles/Firmware.elf.dir/Middlewares/ST/STM32_USB_Device_Library/Core/Src/usbd_core.c.obj
                0x08008664                USBD_LL_SetSpeed
 .text.USBD_LL_Suspend
                0x0800866a       0x12 CMakeFiles/Firmware.elf.dir/Middlewares/ST/STM32_USB_Device_Library/Core/Src/usbd_core.c.obj
                0x0800866a                USBD_LL_Suspend
 .text.USBD_LL_Resume
                0x0800867c       0x16 CMakeFiles/Firmware.elf.dir/Middlewares/ST/STM32_USB_Device_Library/Core/Src/usbd_core.c.obj
                0x0800867c                USBD_LL_Resume
 .text.USBD_LL_SOF
                0x08008692       0x1c CMakeFiles/Firmware.elf.dir/Middlewares/ST/STM32_USB_Device_Library/Core/Src/usbd_core.c.obj
                0x08008692                USBD_LL_SOF
 .text.USBD_GetLen
                0x080086ae       0x14 CMakeFiles/Firmware.elf.dir/Middlewares/ST/STM32_USB_Device_Library/Core/Src/usbd_ctlreq.c.obj
 .text.USBD_SetFeature
                0x080086c2       0x14 CMakeFiles/Firmware.elf.dir/Middlewares/ST/STM32_USB_Device_Library/Core/Src/usbd_ctlreq.c.obj
 .text.USBD_ParseSetupRequest
                0x080086d6       0x28 CMakeFiles/Firmware.elf.dir/Middlewares/ST/STM32_USB_Device_Library/Core/Src/usbd_ctlreq.c.obj
                0x080086d6                USBD_ParseSetupRequest
 .text.USBD_CtlError
                0x080086fe       0x14 CMakeFiles/Firmware.elf.dir/Middlewares/ST/STM32_USB_Device_Library/Core/Src/usbd_ctlreq.c.obj
                0x080086fe                USBD_CtlError
 .text.USBD_GetDescriptor
                0x08008712      0x186 CMakeFiles/Firmware.elf.dir/Middlewares/ST/STM32_USB_Device_Library/Core/Src/usbd_ctlreq.c.obj
 .text.USBD_SetAddress
                0x08008898       0x4e CMakeFiles/Firmware.elf.dir/Middlewares/ST/STM32_USB_Device_Library/Core/Src/usbd_ctlreq.c.obj
 *fill*         0x080088e6        0x2 
 .text.USBD_SetConfig
                0x080088e8       0xb0 CMakeFiles/Firmware.elf.dir/Middlewares/ST/STM32_USB_Device_Library/Core/Src/usbd_ctlreq.c.obj
 .text.USBD_GetConfig
                0x08008998       0x3e CMakeFiles/Firmware.elf.dir/Middlewares/ST/STM32_USB_Device_Library/Core/Src/usbd_ctlreq.c.obj
 .text.USBD_GetStatus
                0x080089d6       0x38 CMakeFiles/Firmware.elf.dir/Middlewares/ST/STM32_USB_Device_Library/Core/Src/usbd_ctlreq.c.obj
 .text.USBD_ClrFeature
                0x08008a0e       0x26 CMakeFiles/Firmware.elf.dir/Middlewares/ST/STM32_USB_Device_Library/Core/Src/usbd_ctlreq.c.obj
 .text.USBD_StdDevReq
                0x08008a34       0x68 CMakeFiles/Firmware.elf.dir/Middlewares/ST/STM32_USB_Device_Library/Core/Src/usbd_ctlreq.c.obj
                0x08008a34                USBD_StdDevReq
 .text.USBD_StdItfReq
                0x08008a9c       0x60 CMakeFiles/Firmware.elf.dir/Middlewares/ST/STM32_USB_Device_Library/Core/Src/usbd_ctlreq.c.obj
                0x08008a9c                USBD_StdItfReq
 .text.USBD_StdEPReq
                0x08008afc      0x1e2 CMakeFiles/Firmware.elf.dir/Middlewares/ST/STM32_USB_Device_Library/Core/Src/usbd_ctlreq.c.obj
                0x08008afc                USBD_StdEPReq
 .text.USBD_GetString
                0x08008cde       0x3a CMakeFiles/Firmware.elf.dir/Middlewares/ST/STM32_USB_Device_Library/Core/Src/usbd_ctlreq.c.obj
                0x08008cde                USBD_GetString
 .text.USBD_CtlSendData
                0x08008d18       0x1a CMakeFiles/Firmware.elf.dir/Middlewares/ST/STM32_USB_Device_Library/Core/Src/usbd_ioreq.c.obj
                0x08008d18                USBD_CtlSendData
 .text.USBD_CtlContinueSendData
                0x08008d32       0x10 CMakeFiles/Firmware.elf.dir/Middlewares/ST/STM32_USB_Device_Library/Core/Src/usbd_ioreq.c.obj
                0x08008d32                USBD_CtlContinueSendData
 .text.USBD_CtlContinueRx
                0x08008d42       0x10 CMakeFiles/Firmware.elf.dir/Middlewares/ST/STM32_USB_Device_Library/Core/Src/usbd_ioreq.c.obj
                0x08008d42                USBD_CtlContinueRx
 .text.USBD_CtlSendStatus
                0x08008d52       0x16 CMakeFiles/Firmware.elf.dir/Middlewares/ST/STM32_USB_Device_Library/Core/Src/usbd_ioreq.c.obj
                0x08008d52                USBD_CtlSendStatus
 .text.USBD_CtlReceiveStatus
                0x08008d68       0x16 CMakeFiles/Firmware.elf.dir/Middlewares/ST/STM32_USB_Device_Library/Core/Src/usbd_ioreq.c.obj
                0x08008d68                USBD_CtlReceiveStatus
 *fill*         0x08008d7e        0x2 
 .text.disk_status
                0x08008d80       0x18 CMakeFiles/Firmware.elf.dir/Middlewares/Third_Party/FatFs/src/diskio.c.obj
                0x08008d80                disk_status
 .text.disk_initialize
                0x08008d98       0x28 CMakeFiles/Firmware.elf.dir/Middlewares/Third_Party/FatFs/src/diskio.c.obj
                0x08008d98                disk_initialize
 .text.disk_read
                0x08008dc0       0x18 CMakeFiles/Firmware.elf.dir/Middlewares/Third_Party/FatFs/src/diskio.c.obj
                0x08008dc0                disk_read
 .text.disk_write
                0x08008dd8       0x18 CMakeFiles/Firmware.elf.dir/Middlewares/Third_Party/FatFs/src/diskio.c.obj
                0x08008dd8                disk_write
 .text.SD_initialize
                0x08008df0       0x24 CMakeFiles/Firmware.elf.dir/Middlewares/Third_Party/FatFs/src/drivers/sd_diskio.c.obj
                0x08008df0                SD_initialize
 .text.SD_status
                0x08008e14       0x24 CMakeFiles/Firmware.elf.dir/Middlewares/Third_Party/FatFs/src/drivers/sd_diskio.c.obj
                0x08008e14                SD_status
 .text.SD_read  0x08008e38       0x38 CMakeFiles/Firmware.elf.dir/Middlewares/Third_Party/FatFs/src/drivers/sd_diskio.c.obj
                0x08008e38                SD_read
 .text.SD_write
                0x08008e70       0x38 CMakeFiles/Firmware.elf.dir/Middlewares/Third_Party/FatFs/src/drivers/sd_diskio.c.obj
                0x08008e70                SD_write
 .text.SD_ioctl
                0x08008ea8       0x54 CMakeFiles/Firmware.elf.dir/Middlewares/Third_Party/FatFs/src/drivers/sd_diskio.c.obj
                0x08008ea8                SD_ioctl
 .text.clear_lock
                0x08008efc       0x44 CMakeFiles/Firmware.elf.dir/Middlewares/Third_Party/FatFs/src/ff.c.obj
 .text.get_ldnumber
                0x08008f40       0x52 CMakeFiles/Firmware.elf.dir/Middlewares/Third_Party/FatFs/src/ff.c.obj
 .text.sync_window
                0x08008f92       0x5e CMakeFiles/Firmware.elf.dir/Middlewares/Third_Party/FatFs/src/ff.c.obj
 .text.move_window
                0x08008ff0       0x3a CMakeFiles/Firmware.elf.dir/Middlewares/Third_Party/FatFs/src/ff.c.obj
 *fill*         0x0800902a        0x2 
 .text.check_fs
                0x0800902c       0x90 CMakeFiles/Firmware.elf.dir/Middlewares/Third_Party/FatFs/src/ff.c.obj
 .text.find_volume
                0x080090bc      0x3ac CMakeFiles/Firmware.elf.dir/Middlewares/Third_Party/FatFs/src/ff.c.obj
 .text.f_mount  0x08009468       0x60 CMakeFiles/Firmware.elf.dir/Middlewares/Third_Party/FatFs/src/ff.c.obj
                0x08009468                f_mount
 .text.FATFS_LinkDriverEx
                0x080094c8       0x54 CMakeFiles/Firmware.elf.dir/Middlewares/Third_Party/FatFs/src/ff_gen_drv.c.obj
                0x080094c8                FATFS_LinkDriverEx
 .text.FATFS_LinkDriver
                0x0800951c        0xa CMakeFiles/Firmware.elf.dir/Middlewares/Third_Party/FatFs/src/ff_gen_drv.c.obj
                0x0800951c                FATFS_LinkDriver
 *fill*         0x08009526        0x2 
 .text.MX_USB_DEVICE_Init
                0x08009528       0x54 CMakeFiles/Firmware.elf.dir/USB_DEVICE/App/usb_device.c.obj
                0x08009528                MX_USB_DEVICE_Init
 .text.USBD_FS_DeviceDescriptor
                0x0800957c        0xc CMakeFiles/Firmware.elf.dir/USB_DEVICE/App/usbd_desc.c.obj
                0x0800957c                USBD_FS_DeviceDescriptor
 .text.USBD_FS_LangIDStrDescriptor
                0x08009588        0xc CMakeFiles/Firmware.elf.dir/USB_DEVICE/App/usbd_desc.c.obj
                0x08009588                USBD_FS_LangIDStrDescriptor
 .text.IntToUnicode
                0x08009594       0x46 CMakeFiles/Firmware.elf.dir/USB_DEVICE/App/usbd_desc.c.obj
 *fill*         0x080095da        0x2 
 .text.Get_SerialNum
                0x080095dc       0x38 CMakeFiles/Firmware.elf.dir/USB_DEVICE/App/usbd_desc.c.obj
 .text.USBD_FS_SerialStrDescriptor
                0x08009614       0x14 CMakeFiles/Firmware.elf.dir/USB_DEVICE/App/usbd_desc.c.obj
                0x08009614                USBD_FS_SerialStrDescriptor
 .text.USBD_FS_ProductStrDescriptor
                0x08009628       0x24 CMakeFiles/Firmware.elf.dir/USB_DEVICE/App/usbd_desc.c.obj
                0x08009628                USBD_FS_ProductStrDescriptor
 .text.USBD_FS_ManufacturerStrDescriptor
                0x0800964c       0x1c CMakeFiles/Firmware.elf.dir/USB_DEVICE/App/usbd_desc.c.obj
                0x0800964c                USBD_FS_ManufacturerStrDescriptor
 .text.USBD_FS_ConfigStrDescriptor
                0x08009668       0x24 CMakeFiles/Firmware.elf.dir/USB_DEVICE/App/usbd_desc.c.obj
                0x08009668                USBD_FS_ConfigStrDescriptor
 .text.USBD_FS_InterfaceStrDescriptor
                0x0800968c       0x24 CMakeFiles/Firmware.elf.dir/USB_DEVICE/App/usbd_desc.c.obj
                0x0800968c                USBD_FS_InterfaceStrDescriptor
 .text.STORAGE_GetCapacity_FS
                0x080096b0       0x14 CMakeFiles/Firmware.elf.dir/USB_DEVICE/App/usbd_storage_if.c.obj
 .text.STORAGE_IsReady_FS
                0x080096c4        0x4 CMakeFiles/Firmware.elf.dir/USB_DEVICE/App/usbd_storage_if.c.obj
 .text.STORAGE_IsWriteProtected_FS
                0x080096c8        0x4 CMakeFiles/Firmware.elf.dir/USB_DEVICE/App/usbd_storage_if.c.obj
 .text.STORAGE_GetMaxLun_FS
                0x080096cc        0x4 CMakeFiles/Firmware.elf.dir/USB_DEVICE/App/usbd_storage_if.c.obj
 .text.STORAGE_Write_FS
                0x080096d0       0x44 CMakeFiles/Firmware.elf.dir/USB_DEVICE/App/usbd_storage_if.c.obj
 .text.STORAGE_Read_FS
                0x08009714       0x44 CMakeFiles/Firmware.elf.dir/USB_DEVICE/App/usbd_storage_if.c.obj
 .text.STORAGE_Init_FS
                0x08009758       0x18 CMakeFiles/Firmware.elf.dir/USB_DEVICE/App/usbd_storage_if.c.obj
 .text.USBD_Get_USB_Status
                0x08009770       0x14 CMakeFiles/Firmware.elf.dir/USB_DEVICE/Target/usbd_conf.c.obj
 .text.HAL_PCD_MspInit
                0x08009784       0x40 CMakeFiles/Firmware.elf.dir/USB_DEVICE/Target/usbd_conf.c.obj
                0x08009784                HAL_PCD_MspInit
 .text.HAL_PCD_SetupStageCallback
                0x080097c4       0x10 CMakeFiles/Firmware.elf.dir/USB_DEVICE/Target/usbd_conf.c.obj
                0x080097c4                HAL_PCD_SetupStageCallback
 .text.HAL_PCD_DataOutStageCallback
                0x080097d4       0x18 CMakeFiles/Firmware.elf.dir/USB_DEVICE/Target/usbd_conf.c.obj
                0x080097d4                HAL_PCD_DataOutStageCallback
 .text.HAL_PCD_DataInStageCallback
                0x080097ec       0x16 CMakeFiles/Firmware.elf.dir/USB_DEVICE/Target/usbd_conf.c.obj
                0x080097ec                HAL_PCD_DataInStageCallback
 .text.HAL_PCD_SOFCallback
                0x08009802        0xc CMakeFiles/Firmware.elf.dir/USB_DEVICE/Target/usbd_conf.c.obj
                0x08009802                HAL_PCD_SOFCallback
 .text.HAL_PCD_ResetCallback
                0x0800980e       0x24 CMakeFiles/Firmware.elf.dir/USB_DEVICE/Target/usbd_conf.c.obj
                0x0800980e                HAL_PCD_ResetCallback
 *fill*         0x08009832        0x2 
 .text.HAL_PCD_SuspendCallback
                0x08009834       0x20 CMakeFiles/Firmware.elf.dir/USB_DEVICE/Target/usbd_conf.c.obj
                0x08009834                HAL_PCD_SuspendCallback
 .text.HAL_PCD_ResumeCallback
                0x08009854        0xc CMakeFiles/Firmware.elf.dir/USB_DEVICE/Target/usbd_conf.c.obj
                0x08009854                HAL_PCD_ResumeCallback
 .text.USBD_LL_Init
                0x08009860       0x74 CMakeFiles/Firmware.elf.dir/USB_DEVICE/Target/usbd_conf.c.obj
                0x08009860                USBD_LL_Init
 .text.USBD_LL_Start
                0x080098d4       0x10 CMakeFiles/Firmware.elf.dir/USB_DEVICE/Target/usbd_conf.c.obj
                0x080098d4                USBD_LL_Start
 .text.USBD_LL_OpenEP
                0x080098e4       0x16 CMakeFiles/Firmware.elf.dir/USB_DEVICE/Target/usbd_conf.c.obj
                0x080098e4                USBD_LL_OpenEP
 .text.USBD_LL_CloseEP
                0x080098fa       0x10 CMakeFiles/Firmware.elf.dir/USB_DEVICE/Target/usbd_conf.c.obj
                0x080098fa                USBD_LL_CloseEP
 .text.USBD_LL_FlushEP
                0x0800990a       0x10 CMakeFiles/Firmware.elf.dir/USB_DEVICE/Target/usbd_conf.c.obj
                0x0800990a                USBD_LL_FlushEP
 .text.USBD_LL_StallEP
                0x0800991a       0x10 CMakeFiles/Firmware.elf.dir/USB_DEVICE/Target/usbd_conf.c.obj
                0x0800991a                USBD_LL_StallEP
 .text.USBD_LL_ClearStallEP
                0x0800992a       0x10 CMakeFiles/Firmware.elf.dir/USB_DEVICE/Target/usbd_conf.c.obj
                0x0800992a                USBD_LL_ClearStallEP
 .text.USBD_LL_IsStallEP
                0x0800993a       0x2e CMakeFiles/Firmware.elf.dir/USB_DEVICE/Target/usbd_conf.c.obj
                0x0800993a                USBD_LL_IsStallEP
 .text.USBD_LL_SetUSBAddress
                0x08009968       0x10 CMakeFiles/Firmware.elf.dir/USB_DEVICE/Target/usbd_conf.c.obj
                0x08009968                USBD_LL_SetUSBAddress
 .text.USBD_LL_Transmit
                0x08009978       0x10 CMakeFiles/Firmware.elf.dir/USB_DEVICE/Target/usbd_conf.c.obj
                0x08009978                USBD_LL_Transmit
 .text.USBD_LL_PrepareReceive
                0x08009988       0x10 CMakeFiles/Firmware.elf.dir/USB_DEVICE/Target/usbd_conf.c.obj
                0x08009988                USBD_LL_PrepareReceive
 .text.USBD_LL_GetRxDataSize
                0x08009998        0xc CMakeFiles/Firmware.elf.dir/USB_DEVICE/Target/usbd_conf.c.obj
                0x08009998                USBD_LL_GetRxDataSize
 .text.USBD_static_malloc
                0x080099a4        0x8 CMakeFiles/Firmware.elf.dir/USB_DEVICE/Target/usbd_conf.c.obj
                0x080099a4                USBD_static_malloc
 .text.USBD_static_free
                0x080099ac        0x2 CMakeFiles/Firmware.elf.dir/USB_DEVICE/Target/usbd_conf.c.obj
                0x080099ac                USBD_static_free
 .text.HAL_PCDEx_SetConnectionState
                0x080099ae        0x2 CMakeFiles/Firmware.elf.dir/USB_DEVICE/Target/usbd_conf.c.obj
                0x080099ae                HAL_PCDEx_SetConnectionState
 .text.stdio_exit_handler
                0x080099b0       0x18 C:/STM32_needs/gcc-arm-none-eabi/bin/../lib/gcc/arm-none-eabi/13.2.1/thumb/v7-m/nofp\libg.a(libc_a-findfp.o)
 .text.cleanup_stdio
                0x080099c8       0x40 C:/STM32_needs/gcc-arm-none-eabi/bin/../lib/gcc/arm-none-eabi/13.2.1/thumb/v7-m/nofp\libg.a(libc_a-findfp.o)
 .text.global_stdio_init.part.0
                0x08009a08       0xf0 C:/STM32_needs/gcc-arm-none-eabi/bin/../lib/gcc/arm-none-eabi/13.2.1/thumb/v7-m/nofp\libg.a(libc_a-findfp.o)
 .text.__sinit  0x08009af8       0x3c C:/STM32_needs/gcc-arm-none-eabi/bin/../lib/gcc/arm-none-eabi/13.2.1/thumb/v7-m/nofp\libg.a(libc_a-findfp.o)
                0x08009af8                __sinit
 .text.__sfp_lock_acquire
                0x08009b34        0xc C:/STM32_needs/gcc-arm-none-eabi/bin/../lib/gcc/arm-none-eabi/13.2.1/thumb/v7-m/nofp\libg.a(libc_a-findfp.o)
                0x08009b34                __sfp_lock_acquire
 .text.__sfp_lock_release
                0x08009b40        0xc C:/STM32_needs/gcc-arm-none-eabi/bin/../lib/gcc/arm-none-eabi/13.2.1/thumb/v7-m/nofp\libg.a(libc_a-findfp.o)
                0x08009b40                __sfp_lock_release
 .text._fwalk_sglue
                0x08009b4c       0x44 C:/STM32_needs/gcc-arm-none-eabi/bin/../lib/gcc/arm-none-eabi/13.2.1/thumb/v7-m/nofp\libg.a(libc_a-fwalk.o)
                0x08009b4c                _fwalk_sglue
 .text.printf   0x08009b90       0x28 C:/STM32_needs/gcc-arm-none-eabi/bin/../lib/gcc/arm-none-eabi/13.2.1/thumb/v7-m/nofp\libg.a(libc_a-printf.o)
                0x08009b90                printf
 .text._puts_r  0x08009bb8       0x98 C:/STM32_needs/gcc-arm-none-eabi/bin/../lib/gcc/arm-none-eabi/13.2.1/thumb/v7-m/nofp\libg.a(libc_a-puts.o)
                0x08009bb8                _puts_r
 .text.puts     0x08009c50       0x10 C:/STM32_needs/gcc-arm-none-eabi/bin/../lib/gcc/arm-none-eabi/13.2.1/thumb/v7-m/nofp\libg.a(libc_a-puts.o)
                0x08009c50                puts
 .text.setvbuf  0x08009c60      0x1a4 C:/STM32_needs/gcc-arm-none-eabi/bin/../lib/gcc/arm-none-eabi/13.2.1/thumb/v7-m/nofp\libg.a(libc_a-setvbuf.o)
                0x08009c60                setvbuf
 .text.sprintf  0x08009e04       0x44 C:/STM32_needs/gcc-arm-none-eabi/bin/../lib/gcc/arm-none-eabi/13.2.1/thumb/v7-m/nofp\libg.a(libc_a-sprintf.o)
                0x08009e04                sprintf
 .text.__sread  0x08009e48       0x24 C:/STM32_needs/gcc-arm-none-eabi/bin/../lib/gcc/arm-none-eabi/13.2.1/thumb/v7-m/nofp\libg.a(libc_a-stdio.o)
                0x08009e48                __sread
 .text.__swrite
                0x08009e6c       0x40 C:/STM32_needs/gcc-arm-none-eabi/bin/../lib/gcc/arm-none-eabi/13.2.1/thumb/v7-m/nofp\libg.a(libc_a-stdio.o)
                0x08009e6c                __swrite
 .text.__sseek  0x08009eac       0x24 C:/STM32_needs/gcc-arm-none-eabi/bin/../lib/gcc/arm-none-eabi/13.2.1/thumb/v7-m/nofp\libg.a(libc_a-stdio.o)
                0x08009eac                __sseek
 .text.__sclose
                0x08009ed0        0x8 C:/STM32_needs/gcc-arm-none-eabi/bin/../lib/gcc/arm-none-eabi/13.2.1/thumb/v7-m/nofp\libg.a(libc_a-stdio.o)
                0x08009ed0                __sclose
 .text.memset   0x08009ed8       0xa0 C:/STM32_needs/gcc-arm-none-eabi/bin/../lib/gcc/arm-none-eabi/13.2.1/thumb/v7-m/nofp\libg.a(libc_a-memset.o)
                0x08009ed8                memset
 .text._close_r
                0x08009f78       0x24 C:/STM32_needs/gcc-arm-none-eabi/bin/../lib/gcc/arm-none-eabi/13.2.1/thumb/v7-m/nofp\libg.a(libc_a-closer.o)
                0x08009f78                _close_r
 .text._lseek_r
                0x08009f9c       0x2c C:/STM32_needs/gcc-arm-none-eabi/bin/../lib/gcc/arm-none-eabi/13.2.1/thumb/v7-m/nofp\libg.a(libc_a-lseekr.o)
                0x08009f9c                _lseek_r
 .text._read_r  0x08009fc8       0x2c C:/STM32_needs/gcc-arm-none-eabi/bin/../lib/gcc/arm-none-eabi/13.2.1/thumb/v7-m/nofp\libg.a(libc_a-readr.o)
                0x08009fc8                _read_r
 .text._write_r
                0x08009ff4       0x2c C:/STM32_needs/gcc-arm-none-eabi/bin/../lib/gcc/arm-none-eabi/13.2.1/thumb/v7-m/nofp\libg.a(libc_a-writer.o)
                0x08009ff4                _write_r
 .text.__errno  0x0800a020        0xc C:/STM32_needs/gcc-arm-none-eabi/bin/../lib/gcc/arm-none-eabi/13.2.1/thumb/v7-m/nofp\libg.a(libc_a-errno.o)
                0x0800a020                __errno
 .text.__libc_init_array
                0x0800a02c       0x50 C:/STM32_needs/gcc-arm-none-eabi/bin/../lib/gcc/arm-none-eabi/13.2.1/thumb/v7-m/nofp\libg.a(libc_a-init.o)
                0x0800a02c                __libc_init_array
 .text.__retarget_lock_init_recursive
                0x0800a07c        0x4 C:/STM32_needs/gcc-arm-none-eabi/bin/../lib/gcc/arm-none-eabi/13.2.1/thumb/v7-m/nofp\libg.a(libc_a-lock.o)
                0x0800a07c                __retarget_lock_init_recursive
 .text.__retarget_lock_close_recursive
                0x0800a080        0x4 C:/STM32_needs/gcc-arm-none-eabi/bin/../lib/gcc/arm-none-eabi/13.2.1/thumb/v7-m/nofp\libg.a(libc_a-lock.o)
                0x0800a080                __retarget_lock_close_recursive
 .text.__retarget_lock_acquire_recursive
                0x0800a084        0x4 C:/STM32_needs/gcc-arm-none-eabi/bin/../lib/gcc/arm-none-eabi/13.2.1/thumb/v7-m/nofp\libg.a(libc_a-lock.o)
                0x0800a084                __retarget_lock_acquire_recursive
 .text.__retarget_lock_release_recursive
                0x0800a088        0x4 C:/STM32_needs/gcc-arm-none-eabi/bin/../lib/gcc/arm-none-eabi/13.2.1/thumb/v7-m/nofp\libg.a(libc_a-lock.o)
                0x0800a088                __retarget_lock_release_recursive
 .text.strlen   0x0800a08c       0x5c C:/STM32_needs/gcc-arm-none-eabi/bin/../lib/gcc/arm-none-eabi/13.2.1/thumb/v7-m/nofp\libg.a(libc_a-strlen-stub.o)
                0x0800a08c                strlen
 .text.startup.register_fini
                0x0800a0e8       0x14 C:/STM32_needs/gcc-arm-none-eabi/bin/../lib/gcc/arm-none-eabi/13.2.1/thumb/v7-m/nofp\libg.a(libc_a-__call_atexit.o)
 .text.atexit   0x0800a0fc        0xc C:/STM32_needs/gcc-arm-none-eabi/bin/../lib/gcc/arm-none-eabi/13.2.1/thumb/v7-m/nofp\libg.a(libc_a-atexit.o)
                0x0800a0fc                atexit
 .text._malloc_trim_r
                0x0800a108       0xb8 C:/STM32_needs/gcc-arm-none-eabi/bin/../lib/gcc/arm-none-eabi/13.2.1/thumb/v7-m/nofp\libg.a(libc_a-freer.o)
                0x0800a108                _malloc_trim_r
 .text._free_r  0x0800a1c0      0x1f8 C:/STM32_needs/gcc-arm-none-eabi/bin/../lib/gcc/arm-none-eabi/13.2.1/thumb/v7-m/nofp\libg.a(libc_a-freer.o)
                0x0800a1c0                _free_r
 .text.malloc   0x0800a3b8       0x10 C:/STM32_needs/gcc-arm-none-eabi/bin/../lib/gcc/arm-none-eabi/13.2.1/thumb/v7-m/nofp\libg.a(libc_a-malloc.o)
                0x0800a3b8                malloc
 .text._malloc_r
                0x0800a3c8      0x568 C:/STM32_needs/gcc-arm-none-eabi/bin/../lib/gcc/arm-none-eabi/13.2.1/thumb/v7-m/nofp\libg.a(libc_a-mallocr.o)
                0x0800a3c8                _malloc_r
 .text.__malloc_lock
                0x0800a930        0xc C:/STM32_needs/gcc-arm-none-eabi/bin/../lib/gcc/arm-none-eabi/13.2.1/thumb/v7-m/nofp\libg.a(libc_a-mlock.o)
                0x0800a930                __malloc_lock
 .text.__malloc_unlock
                0x0800a93c        0xc C:/STM32_needs/gcc-arm-none-eabi/bin/../lib/gcc/arm-none-eabi/13.2.1/thumb/v7-m/nofp\libg.a(libc_a-mlock.o)
                0x0800a93c                __malloc_unlock
 .text._svfprintf_r
                0x0800a948     0x1b2c C:/STM32_needs/gcc-arm-none-eabi/bin/../lib/gcc/arm-none-eabi/13.2.1/thumb/v7-m/nofp\libg.a(libc_a-svfprintf.o)
                0x0800a948                _svfprintf_r
 .text._vfprintf_r
                0x0800c474     0x1bf0 C:/STM32_needs/gcc-arm-none-eabi/bin/../lib/gcc/arm-none-eabi/13.2.1/thumb/v7-m/nofp\libg.a(libc_a-vfprintf.o)
                0x0800c474                _vfprintf_r
 .text.__sbprintf
                0x0800e064       0x80 C:/STM32_needs/gcc-arm-none-eabi/bin/../lib/gcc/arm-none-eabi/13.2.1/thumb/v7-m/nofp\libg.a(libc_a-vfprintf.o)
 .text.__sprint_r.part.0
                0x0800e0e4       0x78 C:/STM32_needs/gcc-arm-none-eabi/bin/../lib/gcc/arm-none-eabi/13.2.1/thumb/v7-m/nofp\libg.a(libc_a-vfiprintf.o)
 .text.__sprint_r
                0x0800e15c       0x14 C:/STM32_needs/gcc-arm-none-eabi/bin/../lib/gcc/arm-none-eabi/13.2.1/thumb/v7-m/nofp\libg.a(libc_a-vfiprintf.o)
                0x0800e15c                __sprint_r
 .text._vfiprintf_r
                0x0800e170      0xfe8 C:/STM32_needs/gcc-arm-none-eabi/bin/../lib/gcc/arm-none-eabi/13.2.1/thumb/v7-m/nofp\libg.a(libc_a-vfiprintf.o)
                0x0800e170                _vfiprintf_r
 .text.__sbprintf
                0x0800f158       0x80 C:/STM32_needs/gcc-arm-none-eabi/bin/../lib/gcc/arm-none-eabi/13.2.1/thumb/v7-m/nofp\libg.a(libc_a-vfiprintf.o)
 .text._fclose_r
                0x0800f1d8       0xc0 C:/STM32_needs/gcc-arm-none-eabi/bin/../lib/gcc/arm-none-eabi/13.2.1/thumb/v7-m/nofp\libg.a(libc_a-fclose.o)
                0x0800f1d8                _fclose_r
 .text.__sflush_r
                0x0800f298      0x128 C:/STM32_needs/gcc-arm-none-eabi/bin/../lib/gcc/arm-none-eabi/13.2.1/thumb/v7-m/nofp\libg.a(libc_a-fflush.o)
                0x0800f298                __sflush_r
 .text._fflush_r
                0x0800f3c0       0x54 C:/STM32_needs/gcc-arm-none-eabi/bin/../lib/gcc/arm-none-eabi/13.2.1/thumb/v7-m/nofp\libg.a(libc_a-fflush.o)
                0x0800f3c0                _fflush_r
 .text.__sfvwrite_r
                0x0800f414      0x2ec C:/STM32_needs/gcc-arm-none-eabi/bin/../lib/gcc/arm-none-eabi/13.2.1/thumb/v7-m/nofp\libg.a(libc_a-fvwrite.o)
                0x0800f414                __sfvwrite_r
 .text.__smakebuf_r
                0x0800f700       0xdc C:/STM32_needs/gcc-arm-none-eabi/bin/../lib/gcc/arm-none-eabi/13.2.1/thumb/v7-m/nofp\libg.a(libc_a-makebuf.o)
                0x0800f700                __smakebuf_r
 .text.__swhatbuf_r
                0x0800f7dc       0x60 C:/STM32_needs/gcc-arm-none-eabi/bin/../lib/gcc/arm-none-eabi/13.2.1/thumb/v7-m/nofp\libg.a(libc_a-makebuf.o)
                0x0800f7dc                __swhatbuf_r
 .text.__swsetup_r
                0x0800f83c       0xc4 C:/STM32_needs/gcc-arm-none-eabi/bin/../lib/gcc/arm-none-eabi/13.2.1/thumb/v7-m/nofp\libg.a(libc_a-wsetup.o)
                0x0800f83c                __swsetup_r
 .text.__fputwc
                0x0800f900       0x7c C:/STM32_needs/gcc-arm-none-eabi/bin/../lib/gcc/arm-none-eabi/13.2.1/thumb/v7-m/nofp\libg.a(libc_a-fputwc.o)
                0x0800f900                __fputwc
 .text._fputwc_r
                0x0800f97c       0x60 C:/STM32_needs/gcc-arm-none-eabi/bin/../lib/gcc/arm-none-eabi/13.2.1/thumb/v7-m/nofp\libg.a(libc_a-fputwc.o)
                0x0800f97c                _fputwc_r
 .text.memmove  0x0800f9dc       0xfc C:/STM32_needs/gcc-arm-none-eabi/bin/../lib/gcc/arm-none-eabi/13.2.1/thumb/v7-m/nofp\libg.a(libc_a-memmove.o)
                0x0800f9dc                memmove
 .text.strncpy  0x0800fad8       0x6c C:/STM32_needs/gcc-arm-none-eabi/bin/../lib/gcc/arm-none-eabi/13.2.1/thumb/v7-m/nofp\libg.a(libc_a-strncpy.o)
                0x0800fad8                strncpy
 .text.__locale_mb_cur_max
                0x0800fb44        0xc C:/STM32_needs/gcc-arm-none-eabi/bin/../lib/gcc/arm-none-eabi/13.2.1/thumb/v7-m/nofp\libg.a(libc_a-locale.o)
                0x0800fb44                __locale_mb_cur_max
 .text._localeconv_r