Archive member included to satisfy reference by file (symbol)

c:/stm32_needs/gcc-arm-none-eabi/bin/../lib/gcc/arm-none-eabi/10.3.1/../../../../arm-none-eabi/lib/thumb/v7-m/nofp\libg.a(lib_a-errno.o)
                              CMakeFiles/Bootloader.elf.dir/Core/Src/retarget.c.obj (__errno)
c:/stm32_needs/gcc-arm-none-eabi/bin/../lib/gcc/arm-none-eabi/10.3.1/../../../../arm-none-eabi/lib/thumb/v7-m/nofp\libg.a(lib_a-exit.o)
                              c:/stm32_needs/gcc-arm-none-eabi/bin/../lib/gcc/arm-none-eabi/10.3.1/../../../../arm-none-eabi/lib/thumb/v7-m/nofp/crt0.o (exit)
c:/stm32_needs/gcc-arm-none-eabi/bin/../lib/gcc/arm-none-eabi/10.3.1/../../../../arm-none-eabi/lib/thumb/v7-m/nofp\libg.a(lib_a-impure.o)
                              c:/stm32_needs/gcc-arm-none-eabi/bin/../lib/gcc/arm-none-eabi/10.3.1/../../../../arm-none-eabi/lib/thumb/v7-m/nofp\libg.a(lib_a-exit.o) (_global_impure_ptr)
c:/stm32_needs/gcc-arm-none-eabi/bin/../lib/gcc/arm-none-eabi/10.3.1/../../../../arm-none-eabi/lib/thumb/v7-m/nofp\libg.a(lib_a-init.o)
                              c:/stm32_needs/gcc-arm-none-eabi/bin/../lib/gcc/arm-none-eabi/10.3.1/../../../../arm-none-eabi/lib/thumb/v7-m/nofp/crt0.o (__libc_init_array)
c:/stm32_needs/gcc-arm-none-eabi/bin/../lib/gcc/arm-none-eabi/10.3.1/../../../../arm-none-eabi/lib/thumb/v7-m/nofp\libg.a(lib_a-memset.o)
                              c:/stm32_needs/gcc-arm-none-eabi/bin/../lib/gcc/arm-none-eabi/10.3.1/../../../../arm-none-eabi/lib/thumb/v7-m/nofp/crt0.o (memset)
c:/stm32_needs/gcc-arm-none-eabi/bin/../lib/gcc/arm-none-eabi/10.3.1/../../../../arm-none-eabi/lib/thumb/v7-m/nofp\libg.a(lib_a-setvbuf.o)
                              CMakeFiles/Bootloader.elf.dir/Core/Src/retarget.c.obj (setvbuf)
c:/stm32_needs/gcc-arm-none-eabi/bin/../lib/gcc/arm-none-eabi/10.3.1/../../../../arm-none-eabi/lib/thumb/v7-m/nofp\libg.a(lib_a-__call_atexit.o)
                              c:/stm32_needs/gcc-arm-none-eabi/bin/../lib/gcc/arm-none-eabi/10.3.1/../../../../arm-none-eabi/lib/thumb/v7-m/nofp\libg.a(lib_a-exit.o) (__call_exitprocs)
c:/stm32_needs/gcc-arm-none-eabi/bin/../lib/gcc/arm-none-eabi/10.3.1/../../../../arm-none-eabi/lib/thumb/v7-m/nofp\libg.a(lib_a-atexit.o)
                              c:/stm32_needs/gcc-arm-none-eabi/bin/../lib/gcc/arm-none-eabi/10.3.1/../../../../arm-none-eabi/lib/thumb/v7-m/nofp\libg.a(lib_a-__call_atexit.o) (atexit)
c:/stm32_needs/gcc-arm-none-eabi/bin/../lib/gcc/arm-none-eabi/10.3.1/../../../../arm-none-eabi/lib/thumb/v7-m/nofp\libg.a(lib_a-fflush.o)
                              c:/stm32_needs/gcc-arm-none-eabi/bin/../lib/gcc/arm-none-eabi/10.3.1/../../../../arm-none-eabi/lib/thumb/v7-m/nofp\libg.a(lib_a-setvbuf.o) (_fflush_r)
c:/stm32_needs/gcc-arm-none-eabi/bin/../lib/gcc/arm-none-eabi/10.3.1/../../../../arm-none-eabi/lib/thumb/v7-m/nofp\libg.a(lib_a-findfp.o)
                              c:/stm32_needs/gcc-arm-none-eabi/bin/../lib/gcc/arm-none-eabi/10.3.1/../../../../arm-none-eabi/lib/thumb/v7-m/nofp\libg.a(lib_a-setvbuf.o) (__sinit)
c:/stm32_needs/gcc-arm-none-eabi/bin/../lib/gcc/arm-none-eabi/10.3.1/../../../../arm-none-eabi/lib/thumb/v7-m/nofp\libg.a(lib_a-fini.o)
                              c:/stm32_needs/gcc-arm-none-eabi/bin/../lib/gcc/arm-none-eabi/10.3.1/../../../../arm-none-eabi/lib/thumb/v7-m/nofp\libg.a(lib_a-__call_atexit.o) (__libc_fini_array)
c:/stm32_needs/gcc-arm-none-eabi/bin/../lib/gcc/arm-none-eabi/10.3.1/../../../../arm-none-eabi/lib/thumb/v7-m/nofp\libg.a(lib_a-freer.o)
                              c:/stm32_needs/gcc-arm-none-eabi/bin/../lib/gcc/arm-none-eabi/10.3.1/../../../../arm-none-eabi/lib/thumb/v7-m/nofp\libg.a(lib_a-setvbuf.o) (_free_r)
c:/stm32_needs/gcc-arm-none-eabi/bin/../lib/gcc/arm-none-eabi/10.3.1/../../../../arm-none-eabi/lib/thumb/v7-m/nofp\libg.a(lib_a-fwalk.o)
                              c:/stm32_needs/gcc-arm-none-eabi/bin/../lib/gcc/arm-none-eabi/10.3.1/../../../../arm-none-eabi/lib/thumb/v7-m/nofp\libg.a(lib_a-findfp.o) (_fwalk)
c:/stm32_needs/gcc-arm-none-eabi/bin/../lib/gcc/arm-none-eabi/10.3.1/../../../../arm-none-eabi/lib/thumb/v7-m/nofp\libg.a(lib_a-lock.o)
                              c:/stm32_needs/gcc-arm-none-eabi/bin/../lib/gcc/arm-none-eabi/10.3.1/../../../../arm-none-eabi/lib/thumb/v7-m/nofp\libg.a(lib_a-findfp.o) (__retarget_lock_init_recursive)
c:/stm32_needs/gcc-arm-none-eabi/bin/../lib/gcc/arm-none-eabi/10.3.1/../../../../arm-none-eabi/lib/thumb/v7-m/nofp\libg.a(lib_a-makebuf.o)
                              c:/stm32_needs/gcc-arm-none-eabi/bin/../lib/gcc/arm-none-eabi/10.3.1/../../../../arm-none-eabi/lib/thumb/v7-m/nofp\libg.a(lib_a-setvbuf.o) (__swhatbuf_r)
c:/stm32_needs/gcc-arm-none-eabi/bin/../lib/gcc/arm-none-eabi/10.3.1/../../../../arm-none-eabi/lib/thumb/v7-m/nofp\libg.a(lib_a-malloc.o)
                              c:/stm32_needs/gcc-arm-none-eabi/bin/../lib/gcc/arm-none-eabi/10.3.1/../../../../arm-none-eabi/lib/thumb/v7-m/nofp\libg.a(lib_a-setvbuf.o) (malloc)
[...]
Memory Configuration

Name             Origin             Length             Attributes
RAM              0x20000000         0x00010000         xrw
FLASH            0x08000000         0x00080000         xr
*default*        0x00000000         0xffffffff

Linker script and memory map

LOAD c:/stm32_needs/gcc-arm-none-eabi/bin/../lib/gcc/arm-none-eabi/10.3.1/thumb/v7-m/nofp/crti.o
LOAD c:/stm32_needs/gcc-arm-none-eabi/bin/../lib/gcc/arm-none-eabi/10.3.1/thumb/v7-m/nofp/crtbegin.o
LOAD c:/stm32_needs/gcc-arm-none-eabi/bin/../lib/gcc/arm-none-eabi/10.3.1/../../../../arm-none-eabi/lib/thumb/v7-m/nofp/crt0.o
LOAD CMakeFiles/Bootloader.elf.dir/Core/Src/dma.c.obj
LOAD CMakeFiles/Bootloader.elf.dir/Core/Src/fsmc.c.obj
LOAD CMakeFiles/Bootloader.elf.dir/Core/Src/gpio.c.obj
LOAD CMakeFiles/Bootloader.elf.dir/Core/Src/ili9341.c.obj
LOAD CMakeFiles/Bootloader.elf.dir/Core/Src/main.c.obj
LOAD CMakeFiles/Bootloader.elf.dir/Core/Src/myInit.c.obj
LOAD CMakeFiles/Bootloader.elf.dir/Core/Src/retarget.c.obj
LOAD CMakeFiles/Bootloader.elf.dir/Core/Src/rtc.c.obj
LOAD CMakeFiles/Bootloader.elf.dir/Core/Src/sdio.c.obj
LOAD CMakeFiles/Bootloader.elf.dir/Core/Src/stm32f1xx_hal_msp.c.obj
LOAD CMakeFiles/Bootloader.elf.dir/Core/Src/stm32f1xx_it.c.obj
LOAD CMakeFiles/Bootloader.elf.dir/Core/Src/syscalls.c.obj
LOAD CMakeFiles/Bootloader.elf.dir/Core/Src/sysmem.c.obj
LOAD CMakeFiles/Bootloader.elf.dir/Core/Src/system_stm32f1xx.c.obj
LOAD CMakeFiles/Bootloader.elf.dir/Core/Src/usart.c.obj
LOAD CMakeFiles/Bootloader.elf.dir/Core/Startup/startup_stm32f103vetx.s.obj
LOAD CMakeFiles/Bootloader.elf.dir/Drivers/STM32F1xx_HAL_Driver/Src/stm32f1xx_hal.c.obj
LOAD CMakeFiles/Bootloader.elf.dir/Drivers/STM32F1xx_HAL_Driver/Src/stm32f1xx_hal_cortex.c.obj
LOAD CMakeFiles/Bootloader.elf.dir/Drivers/STM32F1xx_HAL_Driver/Src/stm32f1xx_hal_dma.c.obj
LOAD CMakeFiles/Bootloader.elf.dir/Drivers/STM32F1xx_HAL_Driver/Src/stm32f1xx_hal_exti.c.obj
LOAD CMakeFiles/Bootloader.elf.dir/Drivers/STM32F1xx_HAL_Driver/Src/stm32f1xx_hal_flash.c.obj
LOAD CMakeFiles/Bootloader.elf.dir/Drivers/STM32F1xx_HAL_Driver/Src/stm32f1xx_hal_flash_ex.c.obj
LOAD CMakeFiles/Bootloader.elf.dir/Drivers/STM32F1xx_HAL_Driver/Src/stm32f1xx_hal_gpio.c.obj
LOAD CMakeFiles/Bootloader.elf.dir/Drivers/STM32F1xx_HAL_Driver/Src/stm32f1xx_hal_gpio_ex.c.obj
LOAD CMakeFiles/Bootloader.elf.dir/Drivers/STM32F1xx_HAL_Driver/Src/stm32f1xx_hal_pcd.c.obj
LOAD CMakeFiles/Bootloader.elf.dir/Drivers/STM32F1xx_HAL_Driver/Src/stm32f1xx_hal_pcd_ex.c.obj
LOAD CMakeFiles/Bootloader.elf.dir/Drivers/STM32F1xx_HAL_Driver/Src/stm32f1xx_hal_pwr.c.obj
LOAD CMakeFiles/Bootloader.elf.dir/Drivers/STM32F1xx_HAL_Driver/Src/stm32f1xx_hal_rcc.c.obj
LOAD CMakeFiles/Bootloader.elf.dir/Drivers/STM32F1xx_HAL_Driver/Src/stm32f1xx_hal_rcc_ex.c.obj
LOAD CMakeFiles/Bootloader.elf.dir/Drivers/STM32F1xx_HAL_Driver/Src/stm32f1xx_hal_rtc.c.obj
LOAD CMakeFiles/Bootloader.elf.dir/Drivers/STM32F1xx_HAL_Driver/Src/stm32f1xx_hal_rtc_ex.c.obj
LOAD CMakeFiles/Bootloader.elf.dir/Drivers/STM32F1xx_HAL_Driver/Src/stm32f1xx_hal_sd.c.obj
LOAD CMakeFiles/Bootloader.elf.dir/Drivers/STM32F1xx_HAL_Driver/Src/stm32f1xx_hal_sram.c.obj
LOAD CMakeFiles/Bootloader.elf.dir/Drivers/STM32F1xx_HAL_Driver/Src/stm32f1xx_hal_tim.c.obj
LOAD CMakeFiles/Bootloader.elf.dir/Drivers/STM32F1xx_HAL_Driver/Src/stm32f1xx_hal_tim_ex.c.obj
LOAD CMakeFiles/Bootloader.elf.dir/Drivers/STM32F1xx_HAL_Driver/Src/stm32f1xx_hal_uart.c.obj
LOAD CMakeFiles/Bootloader.elf.dir/Drivers/STM32F1xx_HAL_Driver/Src/stm32f1xx_ll_fsmc.c.obj
LOAD CMakeFiles/Bootloader.elf.dir/Drivers/STM32F1xx_HAL_Driver/Src/stm32f1xx_ll_sdmmc.c.obj
LOAD CMakeFiles/Bootloader.elf.dir/Drivers/STM32F1xx_HAL_Driver/Src/stm32f1xx_ll_usb.c.obj
LOAD CMakeFiles/Bootloader.elf.dir/FATFS/App/fatfs.c.obj
LOAD CMakeFiles/Bootloader.elf.dir/FATFS/Target/bsp_driver_sd.c.obj
LOAD CMakeFiles/Bootloader.elf.dir/Middlewares/ST/STM32_USB_Device_Library/Class/MSC/Src/usbd_msc.c.obj
LOAD CMakeFiles/Bootloader.elf.dir/Middlewares/ST/STM32_USB_Device_Library/Class/MSC/Src/usbd_msc_bot.c.obj
LOAD CMakeFiles/Bootloader.elf.dir/Middlewares/ST/STM32_USB_Device_Library/Class/MSC/Src/usbd_msc_data.c.obj
LOAD CMakeFiles/Bootloader.elf.dir/Middlewares/ST/STM32_USB_Device_Library/Class/MSC/Src/usbd_msc_scsi.c.obj
LOAD CMakeFiles/Bootloader.elf.dir/Middlewares/ST/STM32_USB_Device_Library/Core/Src/usbd_core.c.obj
LOAD CMakeFiles/Bootloader.elf.dir/Middlewares/ST/STM32_USB_Device_Library/Core/Src/usbd_ctlreq.c.obj
LOAD CMakeFiles/Bootloader.elf.dir/Middlewares/ST/STM32_USB_Device_Library/Core/Src/usbd_ioreq.c.obj
LOAD CMakeFiles/Bootloader.elf.dir/Middlewares/Third_Party/FatFs/src/diskio.c.obj
LOAD CMakeFiles/Bootloader.elf.dir/Middlewares/Third_Party/FatFs/src/drivers/sd_diskio.c.obj
LOAD CMakeFiles/Bootloader.elf.dir/Middlewares/Third_Party/FatFs/src/ff.c.obj
LOAD CMakeFiles/Bootloader.elf.dir/Middlewares/Third_Party/FatFs/src/ff_gen_drv.c.obj
LOAD CMakeFiles/Bootloader.elf.dir/Middlewares/Third_Party/FatFs/src/option/syscall.c.obj
LOAD CMakeFiles/Bootloader.elf.dir/USB_DEVICE/App/usb_device.c.obj
LOAD CMakeFiles/Bootloader.elf.dir/USB_DEVICE/App/usbd_desc.c.obj
LOAD CMakeFiles/Bootloader.elf.dir/USB_DEVICE/App/usbd_storage_if.c.obj
LOAD CMakeFiles/Bootloader.elf.dir/USB_DEVICE/Target/usbd_conf.c.obj
START GROUP
LOAD c:/stm32_needs/gcc-arm-none-eabi/bin/../lib/gcc/arm-none-eabi/10.3.1/thumb/v7-m/nofp\libgcc.a
LOAD c:/stm32_needs/gcc-arm-none-eabi/bin/../lib/gcc/arm-none-eabi/10.3.1/../../../../arm-none-eabi/lib/thumb/v7-m/nofp\libg.a
LOAD c:/stm32_needs/gcc-arm-none-eabi/bin/../lib/gcc/arm-none-eabi/10.3.1/../../../../arm-none-eabi/lib/thumb/v7-m/nofp\libc.a
END GROUP
LOAD c:/stm32_needs/gcc-arm-none-eabi/bin/../lib/gcc/arm-none-eabi/10.3.1/thumb/v7-m/nofp/crtend.o
LOAD c:/stm32_needs/gcc-arm-none-eabi/bin/../lib/gcc/arm-none-eabi/10.3.1/thumb/v7-m/nofp/crtn.o
                0x20010000                _estack = (ORIGIN (RAM) + LENGTH (RAM))
                0x00000200                _Min_Heap_Size = 0x200
                0x00000400                _Min_Stack_Size = 0x400

.isr_vector     0x08000000      0x1e4
                0x08000000                . = ALIGN (0x4)
 *(.isr_vector)
 .isr_vector    0x08000000      0x1e4 CMakeFiles/Bootloader.elf.dir/Core/Startup/startup_stm32f103vetx.s.obj
                0x08000000                g_pfnVectors
                0x080001e4                . = ALIGN (0x4)

.text           0x080001e4     0x8870
                0x080001e4                . = ALIGN (0x4)
 *(.text)
 .text          0x080001e4       0x40 c:/stm32_needs/gcc-arm-none-eabi/bin/../lib/gcc/arm-none-eabi/10.3.1/thumb/v7-m/nofp/crtbegin.o
 *(.text*)
 .text.MX_DMA_Init
                0x08000224       0x44 CMakeFiles/Bootloader.elf.dir/Core/Src/dma.c.obj
                0x08000224                MX_DMA_Init
 .text.HAL_FSMC_MspInit
                0x08000268       0x6c CMakeFiles/Bootloader.elf.dir/Core/Src/fsmc.c.obj
 .text.MX_FSMC_Init
                0x080002d4       0x78 CMakeFiles/Bootloader.elf.dir/Core/Src/fsmc.c.obj
                0x080002d4                MX_FSMC_Init
 .text.HAL_SRAM_MspInit
                0x0800034c        0x8 CMakeFiles/Bootloader.elf.dir/Core/Src/fsmc.c.obj
                0x0800034c                HAL_SRAM_MspInit
 .text.MX_GPIO_Init
                0x08000354       0x9c CMakeFiles/Bootloader.elf.dir/Core/Src/gpio.c.obj
                0x08000354                MX_GPIO_Init
 .text.readData
                0x080003f0        0xc CMakeFiles/Bootloader.elf.dir/Core/Src/ili9341.c.obj
                0x080003f0                readData
 .text.LCD_DisplayDir
                0x080003fc       0x68 CMakeFiles/Bootloader.elf.dir/Core/Src/ili9341.c.obj
                0x080003fc                LCD_DisplayDir
 .text.setCursor
                0x08000464       0x5c CMakeFiles/Bootloader.elf.dir/Core/Src/ili9341.c.obj
                0x08000464                setCursor
 .text.LCD_Fill
                0x080004c0       0x24 CMakeFiles/Bootloader.elf.dir/Core/Src/ili9341.c.obj
                0x080004c0                LCD_Fill
 .text.ILI9341_Init
                0x080004e4      0x1f4 CMakeFiles/Bootloader.elf.dir/Core/Src/ili9341.c.obj
                0x080004e4                ILI9341_Init
 .text.Error_Handler
                0x080006d8        0x4 CMakeFiles/Bootloader.elf.dir/Core/Src/main.c.obj
                0x080006d8                Error_Handler
 .text.SystemClock_Config
                0x080006dc       0x8e CMakeFiles/Bootloader.elf.dir/Core/Src/main.c.obj
                0x080006dc                SystemClock_Config
 .text.main     0x0800076a       0x34 CMakeFiles/Bootloader.elf.dir/Core/Src/main.c.obj
                0x0800076a                main
 *fill*         0x0800079e        0x2 
 .text.myInit   0x080007a0       0x30 CMakeFiles/Bootloader.elf.dir/Core/Src/myInit.c.obj
                0x080007a0                myInit
 .text.RetargetInit
                0x080007d0       0x20 CMakeFiles/Bootloader.elf.dir/Core/Src/retarget.c.obj
                0x080007d0                RetargetInit
 .text._write   0x080007f0       0x34 CMakeFiles/Bootloader.elf.dir/Core/Src/retarget.c.obj
                0x080007f0                _write
 .text._close   0x08000824       0x18 CMakeFiles/Bootloader.elf.dir/Core/Src/retarget.c.obj
                0x08000824                _close
 .text._lseek   0x0800083c       0x10 CMakeFiles/Bootloader.elf.dir/Core/Src/retarget.c.obj
                0x0800083c                _lseek
 .text._read    0x0800084c       0x30 CMakeFiles/Bootloader.elf.dir/Core/Src/retarget.c.obj
                0x0800084c                _read
 .text._fstat   0x0800087c       0x1a CMakeFiles/Bootloader.elf.dir/Core/Src/retarget.c.obj
                0x0800087c                _fstat
 *fill*         0x08000896        0x2 
 .text.MX_RTC_Init
                0x08000898       0x2c CMakeFiles/Bootloader.elf.dir/Core/Src/rtc.c.obj
                0x08000898                MX_RTC_Init
 .text.HAL_RTC_MspInit
                0x080008c4       0x40 CMakeFiles/Bootloader.elf.dir/Core/Src/rtc.c.obj
                0x080008c4                HAL_RTC_MspInit
 .text.MX_SDIO_SD_Init
                0x08000904       0x24 CMakeFiles/Bootloader.elf.dir/Core/Src/sdio.c.obj
                0x08000904                MX_SDIO_SD_Init
 .text.HAL_SD_MspInit
                0x08000928       0x98 CMakeFiles/Bootloader.elf.dir/Core/Src/sdio.c.obj
                0x08000928                HAL_SD_MspInit
 .text.HAL_MspInit
                0x080009c0       0x44 CMakeFiles/Bootloader.elf.dir/Core/Src/stm32f1xx_hal_msp.c.obj
                0x080009c0                HAL_MspInit
 .text.NMI_Handler
                0x08000a04        0x2 CMakeFiles/Bootloader.elf.dir/Core/Src/stm32f1xx_it.c.obj
                0x08000a04                NMI_Handler
 .text.HardFault_Handler
                0x08000a06        0x2 CMakeFiles/Bootloader.elf.dir/Core/Src/stm32f1xx_it.c.obj
                0x08000a06                HardFault_Handler
 .text.MemManage_Handler
                0x08000a08        0x2 CMakeFiles/Bootloader.elf.dir/Core/Src/stm32f1xx_it.c.obj
                0x08000a08                MemManage_Handler
 .text.BusFault_Handler
                0x08000a0a        0x2 CMakeFiles/Bootloader.elf.dir/Core/Src/stm32f1xx_it.c.obj
                0x08000a0a                BusFault_Handler
 .text.UsageFault_Handler
                0x08000a0c        0x2 CMakeFiles/Bootloader.elf.dir/Core/Src/stm32f1xx_it.c.obj
                0x08000a0c                UsageFault_Handler
 .text.SVC_Handler
                0x08000a0e        0x2 CMakeFiles/Bootloader.elf.dir/Core/Src/stm32f1xx_it.c.obj
                0x08000a0e                SVC_Handler
 .text.DebugMon_Handler
                0x08000a10        0x2 CMakeFiles/Bootloader.elf.dir/Core/Src/stm32f1xx_it.c.obj
                0x08000a10                DebugMon_Handler
 .text.PendSV_Handler
                0x08000a12        0x2 CMakeFiles/Bootloader.elf.dir/Core/Src/stm32f1xx_it.c.obj
                0x08000a12                PendSV_Handler
 .text.SysTick_Handler
                0x08000a14        0x8 CMakeFiles/Bootloader.elf.dir/Core/Src/stm32f1xx_it.c.obj
                0x08000a14                SysTick_Handler
 .text.DMA1_Channel3_IRQHandler
                0x08000a1c       0x10 CMakeFiles/Bootloader.elf.dir/Core/Src/stm32f1xx_it.c.obj
                0x08000a1c                DMA1_Channel3_IRQHandler
 .text.DMA1_Channel5_IRQHandler
                0x08000a2c       0x10 CMakeFiles/Bootloader.elf.dir/Core/Src/stm32f1xx_it.c.obj
                0x08000a2c                DMA1_Channel5_IRQHandler
 .text.USB_HP_CAN1_TX_IRQHandler
                0x08000a3c       0x10 CMakeFiles/Bootloader.elf.dir/Core/Src/stm32f1xx_it.c.obj
                0x08000a3c                USB_HP_CAN1_TX_IRQHandler
 .text.USB_LP_CAN1_RX0_IRQHandler
                0x08000a4c       0x10 CMakeFiles/Bootloader.elf.dir/Core/Src/stm32f1xx_it.c.obj
                0x08000a4c                USB_LP_CAN1_RX0_IRQHandler
 .text.USART1_IRQHandler
                0x08000a5c       0x10 CMakeFiles/Bootloader.elf.dir/Core/Src/stm32f1xx_it.c.obj
                0x08000a5c                USART1_IRQHandler
 .text.USART3_IRQHandler
                0x08000a6c       0x10 CMakeFiles/Bootloader.elf.dir/Core/Src/stm32f1xx_it.c.obj
                0x08000a6c                USART3_IRQHandler
 .text.SDIO_IRQHandler
                0x08000a7c       0x10 CMakeFiles/Bootloader.elf.dir/Core/Src/stm32f1xx_it.c.obj
                0x08000a7c                SDIO_IRQHandler
 .text._sbrk    0x08000a8c       0x48 CMakeFiles/Bootloader.elf.dir/Core/Src/sysmem.c.obj
                0x08000a8c                _sbrk
 .text.SystemInit
                0x08000ad4        0x2 CMakeFiles/Bootloader.elf.dir/Core/Src/system_stm32f1xx.c.obj
                0x08000ad4                SystemInit
 *fill*         0x08000ad6        0x2 
 .text.MX_USART1_UART_Init
                0x08000ad8       0x34 CMakeFiles/Bootloader.elf.dir/Core/Src/usart.c.obj
                0x08000ad8                MX_USART1_UART_Init
 .text.MX_USART3_UART_Init
                0x08000b0c       0x34 CMakeFiles/Bootloader.elf.dir/Core/Src/usart.c.obj
                0x08000b0c                MX_USART3_UART_Init
 .text.HAL_UART_MspInit
                0x08000b40      0x160 CMakeFiles/Bootloader.elf.dir/Core/Src/usart.c.obj
                0x08000b40                HAL_UART_MspInit
 .text.Reset_Handler
                0x08000ca0       0x48 CMakeFiles/Bootloader.elf.dir/Core/Startup/startup_stm32f103vetx.s.obj
                0x08000ca0                Reset_Handler
 .text.Default_Handler
                0x08000ce8        0x2 CMakeFiles/Bootloader.elf.dir/Core/Startup/startup_stm32f103vetx.s.obj
                0x08000ce8                RTC_Alarm_IRQHandler
                0x08000ce8                EXTI2_IRQHandler
                0x08000ce8                TIM8_TRG_COM_IRQHandler
                0x08000ce8                TIM8_CC_IRQHandler
                0x08000ce8                TIM1_CC_IRQHandler
                0x08000ce8                TIM6_IRQHandler
                0x08000ce8                PVD_IRQHandler
                0x08000ce8                EXTI3_IRQHandler
                0x08000ce8                EXTI0_IRQHandler
                0x08000ce8                I2C2_EV_IRQHandler
                0x08000ce8                ADC1_2_IRQHandler
                0x08000ce8                SPI1_IRQHandler
                0x08000ce8                TAMPER_IRQHandler
                0x08000ce8                TIM8_UP_IRQHandler
                0x08000ce8                DMA2_Channel2_IRQHandler
                0x08000ce8                DMA1_Channel4_IRQHandler
                0x08000ce8                RTC_IRQHandler
                0x08000ce8                DMA1_Channel7_IRQHandler
                0x08000ce8                CAN1_RX1_IRQHandler
                0x08000ce8                UART5_IRQHandler
                0x08000ce8                ADC3_IRQHandler
                0x08000ce8                TIM4_IRQHandler
                0x08000ce8                DMA2_Channel1_IRQHandler
                0x08000ce8                I2C1_EV_IRQHandler
                0x08000ce8                DMA1_Channel6_IRQHandler
                0x08000ce8                UART4_IRQHandler
                0x08000ce8                TIM3_IRQHandler
                0x08000ce8                RCC_IRQHandler
                0x08000ce8                TIM1_TRG_COM_IRQHandler
                0x08000ce8                DMA1_Channel1_IRQHandler
                0x08000ce8                Default_Handler
                0x08000ce8                EXTI15_10_IRQHandler
                0x08000ce8                TIM7_IRQHandler
                0x08000ce8                TIM5_IRQHandler
                0x08000ce8                EXTI9_5_IRQHandler
                0x08000ce8                SPI2_IRQHandler
                0x08000ce8                EXTI4_IRQHandler
                0x08000ce8                FSMC_IRQHandler
                0x08000ce8                TIM1_UP_IRQHandler
                0x08000ce8                WWDG_IRQHandler
                0x08000ce8                TIM2_IRQHandler
                0x08000ce8                TIM1_BRK_IRQHandler
                0x08000ce8                EXTI1_IRQHandler
                0x08000ce8                DMA2_Channel4_5_IRQHandler
                0x08000ce8                USART2_IRQHandler
                0x08000ce8                I2C2_ER_IRQHandler
                0x08000ce8                DMA1_Channel2_IRQHandler
                0x08000ce8                TIM8_BRK_IRQHandler
                0x08000ce8                CAN1_SCE_IRQHandler
                0x08000ce8                FLASH_IRQHandler
                0x08000ce8                SPI3_IRQHandler
                0x08000ce8                I2C1_ER_IRQHandler
                0x08000ce8                USBWakeUp_IRQHandler
                0x08000ce8                DMA2_Channel3_IRQHandler
 *fill*         0x08000cea        0x2 
 .text.HAL_InitTick
                0x08000cec       0x4c CMakeFiles/Bootloader.elf.dir/Drivers/STM32F1xx_HAL_Driver/Src/stm32f1xx_hal.c.obj
                0x08000cec                HAL_InitTick
 .text.HAL_Init
                0x08000d38       0x24 CMakeFiles/Bootloader.elf.dir/Drivers/STM32F1xx_HAL_Driver/Src/stm32f1xx_hal.c.obj
                0x08000d38                HAL_Init
 .text.HAL_IncTick
                0x08000d5c       0x18 CMakeFiles/Bootloader.elf.dir/Drivers/STM32F1xx_HAL_Driver/Src/stm32f1xx_hal.c.obj
                0x08000d5c                HAL_IncTick
 .text.HAL_GetTick
                0x08000d74        0xc CMakeFiles/Bootloader.elf.dir/Drivers/STM32F1xx_HAL_Driver/Src/stm32f1xx_hal.c.obj
                0x08000d74                HAL_GetTick
 .text.HAL_Delay
                0x08000d80       0x28 CMakeFiles/Bootloader.elf.dir/Drivers/STM32F1xx_HAL_Driver/Src/stm32f1xx_hal.c.obj
                0x08000d80                HAL_Delay
 .text.HAL_NVIC_SetPriorityGrouping
                0x08000da8       0x24 CMakeFiles/Bootloader.elf.dir/Drivers/STM32F1xx_HAL_Driver/Src/stm32f1xx_hal_cortex.c.obj
                0x08000da8                HAL_NVIC_SetPriorityGrouping
 .text.HAL_NVIC_SetPriority
                0x08000dcc       0x70 CMakeFiles/Bootloader.elf.dir/Drivers/STM32F1xx_HAL_Driver/Src/stm32f1xx_hal_cortex.c.obj
                0x08000dcc                HAL_NVIC_SetPriority
 .text.HAL_NVIC_EnableIRQ
                0x08000e3c       0x1c CMakeFiles/Bootloader.elf.dir/Drivers/STM32F1xx_HAL_Driver/Src/stm32f1xx_hal_cortex.c.obj
                0x08000e3c                HAL_NVIC_EnableIRQ
 .text.HAL_SYSTICK_Config
                0x08000e58       0x28 CMakeFiles/Bootloader.elf.dir/Drivers/STM32F1xx_HAL_Driver/Src/stm32f1xx_hal_cortex.c.obj
                0x08000e58                HAL_SYSTICK_Config
 .text.HAL_DMA_Init
                0x08000e80       0x98 CMakeFiles/Bootloader.elf.dir/Drivers/STM32F1xx_HAL_Driver/Src/stm32f1xx_hal_dma.c.obj
                0x08000e80                HAL_DMA_Init
 .text.HAL_DMA_Abort
                0x08000f18       0x46 CMakeFiles/Bootloader.elf.dir/Drivers/STM32F1xx_HAL_Driver/Src/stm32f1xx_hal_dma.c.obj
                0x08000f18                HAL_DMA_Abort
 *fill*         0x08000f5e        0x2 
 .text.HAL_DMA_Abort_IT
                0x08000f60      0x16c CMakeFiles/Bootloader.elf.dir/Drivers/STM32F1xx_HAL_Driver/Src/stm32f1xx_hal_dma.c.obj
                0x08000f60                HAL_DMA_Abort_IT
 .text.HAL_DMA_IRQHandler
                0x080010cc      0x2ec CMakeFiles/Bootloader.elf.dir/Drivers/STM32F1xx_HAL_Driver/Src/stm32f1xx_hal_dma.c.obj
                0x080010cc                HAL_DMA_IRQHandler
 .text.HAL_GPIO_Init
                0x080013b8      0x240 CMakeFiles/Bootloader.elf.dir/Drivers/STM32F1xx_HAL_Driver/Src/stm32f1xx_hal_gpio.c.obj
                0x080013b8                HAL_GPIO_Init
 .text.HAL_GPIO_WritePin
                0x080015f8        0xc CMakeFiles/Bootloader.elf.dir/Drivers/STM32F1xx_HAL_Driver/Src/stm32f1xx_hal_gpio.c.obj
                0x080015f8                HAL_GPIO_WritePin
 .text.HAL_PCD_EP_DB_Receive
                0x08001604      0x11c CMakeFiles/Bootloader.elf.dir/Drivers/STM32F1xx_HAL_Driver/Src/stm32f1xx_hal_pcd.c.obj
 .text.HAL_PCD_Init
                0x08001720      0x110 CMakeFiles/Bootloader.elf.dir/Drivers/STM32F1xx_HAL_Driver/Src/stm32f1xx_hal_pcd.c.obj
                0x08001720                HAL_PCD_Init
 .text.HAL_PCD_Start
                0x08001830       0x32 CMakeFiles/Bootloader.elf.dir/Drivers/STM32F1xx_HAL_Driver/Src/stm32f1xx_hal_pcd.c.obj
                0x08001830                HAL_PCD_Start
 .text.HAL_PCD_EP_DB_Transmit
                0x08001862      0x424 CMakeFiles/Bootloader.elf.dir/Drivers/STM32F1xx_HAL_Driver/Src/stm32f1xx_hal_pcd.c.obj
 .text.PCD_EP_ISR_Handler
                0x08001c86      0x536 CMakeFiles/Bootloader.elf.dir/Drivers/STM32F1xx_HAL_Driver/Src/stm32f1xx_hal_pcd.c.obj
 .text.HAL_PCD_SetAddress
                0x080021bc       0x28 CMakeFiles/Bootloader.elf.dir/Drivers/STM32F1xx_HAL_Driver/Src/stm32f1xx_hal_pcd.c.obj
                0x080021bc                HAL_PCD_SetAddress
 .text.HAL_PCD_IRQHandler
                0x080021e4      0x1b0 CMakeFiles/Bootloader.elf.dir/Drivers/STM32F1xx_HAL_Driver/Src/stm32f1xx_hal_pcd.c.obj
                0x080021e4                HAL_PCD_IRQHandler
 .text.HAL_PCD_EP_Open
                0x08002394       0x7c CMakeFiles/Bootloader.elf.dir/Drivers/STM32F1xx_HAL_Driver/Src/stm32f1xx_hal_pcd.c.obj
                0x08002394                HAL_PCD_EP_Open
 .text.HAL_PCD_EP_Close
                0x08002410       0x64 CMakeFiles/Bootloader.elf.dir/Drivers/STM32F1xx_HAL_Driver/Src/stm32f1xx_hal_pcd.c.obj
                0x08002410                HAL_PCD_EP_Close
 .text.HAL_PCD_EP_Receive
                0x08002474       0x3a CMakeFiles/Bootloader.elf.dir/Drivers/STM32F1xx_HAL_Driver/Src/stm32f1xx_hal_pcd.c.obj
                0x08002474                HAL_PCD_EP_Receive
 .text.HAL_PCD_EP_GetRxCount
                0x080024ae       0x12 CMakeFiles/Bootloader.elf.dir/Drivers/STM32F1xx_HAL_Driver/Src/stm32f1xx_hal_pcd.c.obj
                0x080024ae                HAL_PCD_EP_GetRxCount
 .text.HAL_PCD_EP_Transmit
                0x080024c0       0x44 CMakeFiles/Bootloader.elf.dir/Drivers/STM32F1xx_HAL_Driver/Src/stm32f1xx_hal_pcd.c.obj
                0x080024c0                HAL_PCD_EP_Transmit
 .text.HAL_PCD_EP_SetStall
                0x08002504       0x78 CMakeFiles/Bootloader.elf.dir/Drivers/STM32F1xx_HAL_Driver/Src/stm32f1xx_hal_pcd.c.obj
                0x08002504                HAL_PCD_EP_SetStall
 .text.HAL_PCD_EP_ClrStall
                0x0800257c       0x76 CMakeFiles/Bootloader.elf.dir/Drivers/STM32F1xx_HAL_Driver/Src/stm32f1xx_hal_pcd.c.obj
                0x0800257c                HAL_PCD_EP_ClrStall
 .text.HAL_PCD_EP_Flush
                0x080025f2       0x36 CMakeFiles/Bootloader.elf.dir/Drivers/STM32F1xx_HAL_Driver/Src/stm32f1xx_hal_pcd.c.obj
                0x080025f2                HAL_PCD_EP_Flush
 .text.HAL_PCDEx_PMAConfig
                0x08002628       0x38 CMakeFiles/Bootloader.elf.dir/Drivers/STM32F1xx_HAL_Driver/Src/stm32f1xx_hal_pcd_ex.c.obj
                0x08002628                HAL_PCDEx_PMAConfig
 .text.HAL_PWR_EnableBkUpAccess
                0x08002660        0xc CMakeFiles/Bootloader.elf.dir/Drivers/STM32F1xx_HAL_Driver/Src/stm32f1xx_hal_pwr.c.obj
                0x08002660                HAL_PWR_EnableBkUpAccess
 .text.RCC_Delay
                0x0800266c       0x2c CMakeFiles/Bootloader.elf.dir/Drivers/STM32F1xx_HAL_Driver/Src/stm32f1xx_hal_rcc.c.obj
 .text.HAL_RCC_OscConfig
                0x08002698      0x410 CMakeFiles/Bootloader.elf.dir/Drivers/STM32F1xx_HAL_Driver/Src/stm32f1xx_hal_rcc.c.obj
                0x08002698                HAL_RCC_OscConfig
 .text.HAL_RCC_GetSysClockFreq
                0x08002aa8       0x54 CMakeFiles/Bootloader.elf.dir/Drivers/STM32F1xx_HAL_Driver/Src/stm32f1xx_hal_rcc.c.obj
                0x08002aa8                HAL_RCC_GetSysClockFreq
 .text.HAL_RCC_ClockConfig
                0x08002afc      0x16c CMakeFiles/Bootloader.elf.dir/Drivers/STM32F1xx_HAL_Driver/Src/stm32f1xx_hal_rcc.c.obj
                0x08002afc                HAL_RCC_ClockConfig
 .text.HAL_RCC_GetHCLKFreq
                0x08002c68        0xc CMakeFiles/Bootloader.elf.dir/Drivers/STM32F1xx_HAL_Driver/Src/stm32f1xx_hal_rcc.c.obj
                0x08002c68                HAL_RCC_GetHCLKFreq
 .text.HAL_RCC_GetPCLK1Freq
                0x08002c74       0x20 CMakeFiles/Bootloader.elf.dir/Drivers/STM32F1xx_HAL_Driver/Src/stm32f1xx_hal_rcc.c.obj
                0x08002c74                HAL_RCC_GetPCLK1Freq
 .text.HAL_RCC_GetPCLK2Freq
                0x08002c94       0x20 CMakeFiles/Bootloader.elf.dir/Drivers/STM32F1xx_HAL_Driver/Src/stm32f1xx_hal_rcc.c.obj
                0x08002c94                HAL_RCC_GetPCLK2Freq
 .text.HAL_RCCEx_PeriphCLKConfig
                0x08002cb4      0x118 CMakeFiles/Bootloader.elf.dir/Drivers/STM32F1xx_HAL_Driver/Src/stm32f1xx_hal_rcc_ex.c.obj
                0x08002cb4                HAL_RCCEx_PeriphCLKConfig
 .text.HAL_RCCEx_GetPeriphCLKFreq
                0x08002dcc       0xf4 CMakeFiles/Bootloader.elf.dir/Drivers/STM32F1xx_HAL_Driver/Src/stm32f1xx_hal_rcc_ex.c.obj
                0x08002dcc                HAL_RCCEx_GetPeriphCLKFreq
 .text.RTC_EnterInitMode
                0x08002ec0       0x30 CMakeFiles/Bootloader.elf.dir/Drivers/STM32F1xx_HAL_Driver/Src/stm32f1xx_hal_rtc.c.obj
 .text.RTC_ExitInitMode
                0x08002ef0       0x32 CMakeFiles/Bootloader.elf.dir/Drivers/STM32F1xx_HAL_Driver/Src/stm32f1xx_hal_rtc.c.obj
 .text.HAL_RTC_WaitForSynchro
                0x08002f22       0x38 CMakeFiles/Bootloader.elf.dir/Drivers/STM32F1xx_HAL_Driver/Src/stm32f1xx_hal_rtc.c.obj
                0x08002f22                HAL_RTC_WaitForSynchro
 *fill*         0x08002f5a        0x2 
 .text.HAL_RTC_Init
                0x08002f5c       0xb0 CMakeFiles/Bootloader.elf.dir/Drivers/STM32F1xx_HAL_Driver/Src/stm32f1xx_hal_rtc.c.obj
                0x08002f5c                HAL_RTC_Init
 .text.SD_PowerON
                0x0800300c       0xc0 CMakeFiles/Bootloader.elf.dir/Drivers/STM32F1xx_HAL_Driver/Src/stm32f1xx_hal_sd.c.obj
 .text.SD_Read_IT
                0x080030cc       0x38 CMakeFiles/Bootloader.elf.dir/Drivers/STM32F1xx_HAL_Driver/Src/stm32f1xx_hal_sd.c.obj
 .text.SD_Write_IT
                0x08003104       0x48 CMakeFiles/Bootloader.elf.dir/Drivers/STM32F1xx_HAL_Driver/Src/stm32f1xx_hal_sd.c.obj
 .text.SD_FindSCR
                0x0800314c      0x100 CMakeFiles/Bootloader.elf.dir/Drivers/STM32F1xx_HAL_Driver/Src/stm32f1xx_hal_sd.c.obj
 .text.SD_WideBus_Enable
                0x0800324c       0x4e CMakeFiles/Bootloader.elf.dir/Drivers/STM32F1xx_HAL_Driver/Src/stm32f1xx_hal_sd.c.obj
 .text.SD_WideBus_Disable
                0x0800329a       0x4e CMakeFiles/Bootloader.elf.dir/Drivers/STM32F1xx_HAL_Driver/Src/stm32f1xx_hal_sd.c.obj
 .text.SD_SendStatus
                0x080032e8       0x2c CMakeFiles/Bootloader.elf.dir/Drivers/STM32F1xx_HAL_Driver/Src/stm32f1xx_hal_sd.c.obj
 .text.HAL_SD_ReadBlocks
                0x08003314      0x248 CMakeFiles/Bootloader.elf.dir/Drivers/STM32F1xx_HAL_Driver/Src/stm32f1xx_hal_sd.c.obj
                0x08003314                HAL_SD_ReadBlocks
 .text.HAL_SD_WriteBlocks
                0x0800355c      0x204 CMakeFiles/Bootloader.elf.dir/Drivers/STM32F1xx_HAL_Driver/Src/stm32f1xx_hal_sd.c.obj
                0x0800355c                HAL_SD_WriteBlocks
 .text.HAL_SD_ErrorCallback
                0x08003760        0x2 CMakeFiles/Bootloader.elf.dir/Drivers/STM32F1xx_HAL_Driver/Src/stm32f1xx_hal_sd.c.obj
                0x08003760                HAL_SD_ErrorCallback
 *fill*         0x08003762        0x2 
 .text.HAL_SD_GetCardCSD
                0x08003764      0x1b8 CMakeFiles/Bootloader.elf.dir/Drivers/STM32F1xx_HAL_Driver/Src/stm32f1xx_hal_sd.c.obj
                0x08003764                HAL_SD_GetCardCSD
 .text.SD_InitCard
                0x0800391c      0x100 CMakeFiles/Bootloader.elf.dir/Drivers/STM32F1xx_HAL_Driver/Src/stm32f1xx_hal_sd.c.obj
 .text.HAL_SD_InitCard
                0x08003a1c       0xa8 CMakeFiles/Bootloader.elf.dir/Drivers/STM32F1xx_HAL_Driver/Src/stm32f1xx_hal_sd.c.obj
                0x08003a1c                HAL_SD_InitCard
 .text.HAL_SD_Init
                0x08003ac4       0x36 CMakeFiles/Bootloader.elf.dir/Drivers/STM32F1xx_HAL_Driver/Src/stm32f1xx_hal_sd.c.obj
                0x08003ac4                HAL_SD_Init
 .text.HAL_SD_GetCardInfo
                0x08003afa       0x24 CMakeFiles/Bootloader.elf.dir/Drivers/STM32F1xx_HAL_Driver/Src/stm32f1xx_hal_sd.c.obj
                0x08003afa                HAL_SD_GetCardInfo
 *fill*         0x08003b1e        0x2 
 .text.HAL_SD_ConfigWideBusOperation
                0x08003b20       0xc0 CMakeFiles/Bootloader.elf.dir/Drivers/STM32F1xx_HAL_Driver/Src/stm32f1xx_hal_sd.c.obj
                0x08003b20                HAL_SD_ConfigWideBusOperation
 .text.HAL_SD_GetCardState
                0x08003be0       0x22 CMakeFiles/Bootloader.elf.dir/Drivers/STM32F1xx_HAL_Driver/Src/stm32f1xx_hal_sd.c.obj
                0x08003be0                HAL_SD_GetCardState
 .text.SD_DMATxAbort
                0x08003c02       0x44 CMakeFiles/Bootloader.elf.dir/Drivers/STM32F1xx_HAL_Driver/Src/stm32f1xx_hal_sd.c.obj
 .text.SD_DMARxAbort
                0x08003c46       0x44 CMakeFiles/Bootloader.elf.dir/Drivers/STM32F1xx_HAL_Driver/Src/stm32f1xx_hal_sd.c.obj
 *fill*         0x08003c8a        0x2 
 .text.HAL_SD_IRQHandler
                0x08003c8c      0x1cc CMakeFiles/Bootloader.elf.dir/Drivers/STM32F1xx_HAL_Driver/Src/stm32f1xx_hal_sd.c.obj
                0x08003c8c                HAL_SD_IRQHandler
 .text.HAL_SRAM_Init
                0x08003e58       0x64 CMakeFiles/Bootloader.elf.dir/Drivers/STM32F1xx_HAL_Driver/Src/stm32f1xx_hal_sram.c.obj
                0x08003e58                HAL_SRAM_Init
 .text.UART_EndRxTransfer
                0x08003ebc       0x5c CMakeFiles/Bootloader.elf.dir/Drivers/STM32F1xx_HAL_Driver/Src/stm32f1xx_hal_uart.c.obj
 .text.UART_Transmit_IT
                0x08003f18       0x60 CMakeFiles/Bootloader.elf.dir/Drivers/STM32F1xx_HAL_Driver/Src/stm32f1xx_hal_uart.c.obj
 .text.UART_SetConfig
                0x08003f78       0x94 CMakeFiles/Bootloader.elf.dir/Drivers/STM32F1xx_HAL_Driver/Src/stm32f1xx_hal_uart.c.obj
 .text.UART_WaitOnFlagUntilTimeout
                0x0800400c       0x88 CMakeFiles/Bootloader.elf.dir/Drivers/STM32F1xx_HAL_Driver/Src/stm32f1xx_hal_uart.c.obj
 .text.HAL_UART_Init
                0x08004094       0x60 CMakeFiles/Bootloader.elf.dir/Drivers/STM32F1xx_HAL_Driver/Src/stm32f1xx_hal_uart.c.obj
                0x08004094                HAL_UART_Init
 .text.HAL_UART_Transmit
                0x080040f4       0xbe CMakeFiles/Bootloader.elf.dir/Drivers/STM32F1xx_HAL_Driver/Src/stm32f1xx_hal_uart.c.obj
                0x080040f4                HAL_UART_Transmit
 .text.HAL_UART_Receive
                0x080041b2       0xca CMakeFiles/Bootloader.elf.dir/Drivers/STM32F1xx_HAL_Driver/Src/stm32f1xx_hal_uart.c.obj
                0x080041b2                HAL_UART_Receive
 .text.HAL_UART_TxCpltCallback
                0x0800427c        0x2 CMakeFiles/Bootloader.elf.dir/Drivers/STM32F1xx_HAL_Driver/Src/stm32f1xx_hal_uart.c.obj
                0x0800427c                HAL_UART_TxCpltCallback
 .text.UART_EndTransmit_IT
                0x0800427e       0x1a CMakeFiles/Bootloader.elf.dir/Drivers/STM32F1xx_HAL_Driver/Src/stm32f1xx_hal_uart.c.obj
 .text.HAL_UART_RxCpltCallback
                0x08004298        0x2 CMakeFiles/Bootloader.elf.dir/Drivers/STM32F1xx_HAL_Driver/Src/stm32f1xx_hal_uart.c.obj
                0x08004298                HAL_UART_RxCpltCallback
 .text.HAL_UART_ErrorCallback
                0x0800429a        0x2 CMakeFiles/Bootloader.elf.dir/Drivers/STM32F1xx_HAL_Driver/Src/stm32f1xx_hal_uart.c.obj
                0x0800429a                HAL_UART_ErrorCallback
 .text.UART_DMAAbortOnError
                0x0800429c       0x10 CMakeFiles/Bootloader.elf.dir/Drivers/STM32F1xx_HAL_Driver/Src/stm32f1xx_hal_uart.c.obj
 .text.HAL_UARTEx_RxEventCallback
                0x080042ac        0x2 CMakeFiles/Bootloader.elf.dir/Drivers/STM32F1xx_HAL_Driver/Src/stm32f1xx_hal_uart.c.obj
                0x080042ac                HAL_UARTEx_RxEventCallback
 .text.UART_Receive_IT
                0x080042ae       0xe6 CMakeFiles/Bootloader.elf.dir/Drivers/STM32F1xx_HAL_Driver/Src/stm32f1xx_hal_uart.c.obj
 .text.HAL_UART_IRQHandler
                0x08004394      0x288 CMakeFiles/Bootloader.elf.dir/Drivers/STM32F1xx_HAL_Driver/Src/stm32f1xx_hal_uart.c.obj
                0x08004394                HAL_UART_IRQHandler
 .text.FSMC_NORSRAM_Init
                0x0800461c       0x68 CMakeFiles/Bootloader.elf.dir/Drivers/STM32F1xx_HAL_Driver/Src/stm32f1xx_ll_fsmc.c.obj
                0x0800461c                FSMC_NORSRAM_Init
 .text.FSMC_NORSRAM_Timing_Init
                0x08004684       0x50 CMakeFiles/Bootloader.elf.dir/Drivers/STM32F1xx_HAL_Driver/Src/stm32f1xx_ll_fsmc.c.obj
                0x08004684                FSMC_NORSRAM_Timing_Init
 .text.FSMC_NORSRAM_Extended_Timing_Init
                0x080046d4       0x44 CMakeFiles/Bootloader.elf.dir/Drivers/STM32F1xx_HAL_Driver/Src/stm32f1xx_ll_fsmc.c.obj
                0x080046d4                FSMC_NORSRAM_Extended_Timing_Init
 .text.SDMMC_GetCmdError
                0x08004718       0x38 CMakeFiles/Bootloader.elf.dir/Drivers/STM32F1xx_HAL_Driver/Src/stm32f1xx_ll_sdmmc.c.obj
 .text.SDIO_Init
                0x08004750       0x32 CMakeFiles/Bootloader.elf.dir/Drivers/STM32F1xx_HAL_Driver/Src/stm32f1xx_ll_sdmmc.c.obj
                0x08004750                SDIO_Init
 .text.SDIO_ReadFIFO
                0x08004782        0x6 CMakeFiles/Bootloader.elf.dir/Drivers/STM32F1xx_HAL_Driver/Src/stm32f1xx_ll_sdmmc.c.obj
                0x08004782                SDIO_ReadFIFO
 .text.SDIO_WriteFIFO
                0x08004788        0xa CMakeFiles/Bootloader.elf.dir/Drivers/STM32F1xx_HAL_Driver/Src/stm32f1xx_ll_sdmmc.c.obj
                0x08004788                SDIO_WriteFIFO
 .text.SDIO_PowerState_ON
                0x08004792        0x8 CMakeFiles/Bootloader.elf.dir/Drivers/STM32F1xx_HAL_Driver/Src/stm32f1xx_ll_sdmmc.c.obj
                0x08004792                SDIO_PowerState_ON
 .text.SDIO_GetPowerState
                0x0800479a        0x8 CMakeFiles/Bootloader.elf.dir/Drivers/STM32F1xx_HAL_Driver/Src/stm32f1xx_ll_sdmmc.c.obj
                0x0800479a                SDIO_GetPowerState
 .text.SDIO_SendCommand
                0x080047a2       0x24 CMakeFiles/Bootloader.elf.dir/Drivers/STM32F1xx_HAL_Driver/Src/stm32f1xx_ll_sdmmc.c.obj
                0x080047a2                SDIO_SendCommand
 .text.SDIO_GetCommandResponse
                0x080047c6        0x6 CMakeFiles/Bootloader.elf.dir/Drivers/STM32F1xx_HAL_Driver/Src/stm32f1xx_ll_sdmmc.c.obj
                0x080047c6                SDIO_GetCommandResponse
 .text.SDIO_GetResponse
                0x080047cc        0x6 CMakeFiles/Bootloader.elf.dir/Drivers/STM32F1xx_HAL_Driver/Src/stm32f1xx_ll_sdmmc.c.obj
                0x080047cc                SDIO_GetResponse
 .text.SDIO_ConfigData
                0x080047d2       0x24 CMakeFiles/Bootloader.elf.dir/Drivers/STM32F1xx_HAL_Driver/Src/stm32f1xx_ll_sdmmc.c.obj
                0x080047d2                SDIO_ConfigData
 .text.SDMMC_CmdGoIdleState
                0x080047f6       0x26 CMakeFiles/Bootloader.elf.dir/Drivers/STM32F1xx_HAL_Driver/Src/stm32f1xx_ll_sdmmc.c.obj
                0x080047f6                SDMMC_CmdGoIdleState
 .text.SDMMC_GetCmdResp1
                0x0800481c      0x154 CMakeFiles/Bootloader.elf.dir/Drivers/STM32F1xx_HAL_Driver/Src/stm32f1xx_ll_sdmmc.c.obj
                0x0800481c                SDMMC_GetCmdResp1
 .text.SDMMC_CmdBlockLength
                0x08004970       0x30 CMakeFiles/Bootloader.elf.dir/Drivers/STM32F1xx_HAL_Driver/Src/stm32f1xx_ll_sdmmc.c.obj
                0x08004970                SDMMC_CmdBlockLength
 .text.SDMMC_CmdReadSingleBlock
                0x080049a0       0x30 CMakeFiles/Bootloader.elf.dir/Drivers/STM32F1xx_HAL_Driver/Src/stm32f1xx_ll_sdmmc.c.obj
                0x080049a0                SDMMC_CmdReadSingleBlock
 .text.SDMMC_CmdReadMultiBlock
                0x080049d0       0x30 CMakeFiles/Bootloader.elf.dir/Drivers/STM32F1xx_HAL_Driver/Src/stm32f1xx_ll_sdmmc.c.obj
                0x080049d0                SDMMC_CmdReadMultiBlock
 .text.SDMMC_CmdWriteSingleBlock
                0x08004a00       0x30 CMakeFiles/Bootloader.elf.dir/Drivers/STM32F1xx_HAL_Driver/Src/stm32f1xx_ll_sdmmc.c.obj
                0x08004a00                SDMMC_CmdWriteSingleBlock
 .text.SDMMC_CmdWriteMultiBlock
                0x08004a30       0x30 CMakeFiles/Bootloader.elf.dir/Drivers/STM32F1xx_HAL_Driver/Src/stm32f1xx_ll_sdmmc.c.obj
                0x08004a30                SDMMC_CmdWriteMultiBlock
 .text.SDMMC_CmdStopTransfer
                0x08004a60       0x34 CMakeFiles/Bootloader.elf.dir/Drivers/STM32F1xx_HAL_Driver/Src/stm32f1xx_ll_sdmmc.c.obj
                0x08004a60                SDMMC_CmdStopTransfer
 .text.SDMMC_CmdSelDesel
                0x08004a94       0x30 CMakeFiles/Bootloader.elf.dir/Drivers/STM32F1xx_HAL_Driver/Src/stm32f1xx_ll_sdmmc.c.obj
                0x08004a94                SDMMC_CmdSelDesel
 .text.SDMMC_CmdAppCommand
                0x08004ac4       0x30 CMakeFiles/Bootloader.elf.dir/Drivers/STM32F1xx_HAL_Driver/Src/stm32f1xx_ll_sdmmc.c.obj
                0x08004ac4                SDMMC_CmdAppCommand
 .text.SDMMC_CmdBusWidth
                0x08004af4       0x30 CMakeFiles/Bootloader.elf.dir/Drivers/STM32F1xx_HAL_Driver/Src/stm32f1xx_ll_sdmmc.c.obj
                0x08004af4                SDMMC_CmdBusWidth
 .text.SDMMC_CmdSendSCR
                0x08004b24       0x30 CMakeFiles/Bootloader.elf.dir/Drivers/STM32F1xx_HAL_Driver/Src/stm32f1xx_ll_sdmmc.c.obj
                0x08004b24                SDMMC_CmdSendSCR
 .text.SDMMC_CmdSendStatus
                0x08004b54       0x30 CMakeFiles/Bootloader.elf.dir/Drivers/STM32F1xx_HAL_Driver/Src/stm32f1xx_ll_sdmmc.c.obj
                0x08004b54                SDMMC_CmdSendStatus
 .text.SDMMC_GetCmdResp2
                0x08004b84       0x5c CMakeFiles/Bootloader.elf.dir/Drivers/STM32F1xx_HAL_Driver/Src/stm32f1xx_ll_sdmmc.c.obj
                0x08004b84                SDMMC_GetCmdResp2
 .text.SDMMC_CmdSendCID
                0x08004be0       0x2a CMakeFiles/Bootloader.elf.dir/Drivers/STM32F1xx_HAL_Driver/Src/stm32f1xx_ll_sdmmc.c.obj
                0x08004be0                SDMMC_CmdSendCID
 .text.SDMMC_CmdSendCSD
                0x08004c0a       0x2a CMakeFiles/Bootloader.elf.dir/Drivers/STM32F1xx_HAL_Driver/Src/stm32f1xx_ll_sdmmc.c.obj
                0x08004c0a                SDMMC_CmdSendCSD
 .text.SDMMC_GetCmdResp3
                0x08004c34       0x4c CMakeFiles/Bootloader.elf.dir/Drivers/STM32F1xx_HAL_Driver/Src/stm32f1xx_ll_sdmmc.c.obj
                0x08004c34                SDMMC_GetCmdResp3
 .text.SDMMC_CmdAppOperCommand
                0x08004c80       0x32 CMakeFiles/Bootloader.elf.dir/Drivers/STM32F1xx_HAL_Driver/Src/stm32f1xx_ll_sdmmc.c.obj
                0x08004c80                SDMMC_CmdAppOperCommand
 *fill*         0x08004cb2        0x2 
 .text.SDMMC_GetCmdResp6
                0x08004cb4       0xa0 CMakeFiles/Bootloader.elf.dir/Drivers/STM32F1xx_HAL_Driver/Src/stm32f1xx_ll_sdmmc.c.obj
                0x08004cb4                SDMMC_GetCmdResp6
 .text.SDMMC_CmdSetRelAdd
                0x08004d54       0x30 CMakeFiles/Bootloader.elf.dir/Drivers/STM32F1xx_HAL_Driver/Src/stm32f1xx_ll_sdmmc.c.obj
                0x08004d54                SDMMC_CmdSetRelAdd
 .text.SDMMC_GetCmdResp7
                0x08004d84       0x64 CMakeFiles/Bootloader.elf.dir/Drivers/STM32F1xx_HAL_Driver/Src/stm32f1xx_ll_sdmmc.c.obj
                0x08004d84                SDMMC_GetCmdResp7
 .text.SDMMC_CmdOperCond
                0x08004de8       0x2e CMakeFiles/Bootloader.elf.dir/Drivers/STM32F1xx_HAL_Driver/Src/stm32f1xx_ll_sdmmc.c.obj
                0x08004de8                SDMMC_CmdOperCond
 .text.USB_CoreInit
                0x08004e16        0xe CMakeFiles/Bootloader.elf.dir/Drivers/STM32F1xx_HAL_Driver/Src/stm32f1xx_ll_usb.c.obj
                0x08004e16                USB_CoreInit
 .text.USB_EnableGlobalInt
                0x08004e24       0x12 CMakeFiles/Bootloader.elf.dir/Drivers/STM32F1xx_HAL_Driver/Src/stm32f1xx_ll_usb.c.obj
                0x08004e24                USB_EnableGlobalInt
 .text.USB_DisableGlobalInt
                0x08004e36       0x14 CMakeFiles/Bootloader.elf.dir/Drivers/STM32F1xx_HAL_Driver/Src/stm32f1xx_ll_usb.c.obj
                0x08004e36                USB_DisableGlobalInt
 .text.USB_SetCurrentMode
                0x08004e4a        0x4 CMakeFiles/Bootloader.elf.dir/Drivers/STM32F1xx_HAL_Driver/Src/stm32f1xx_ll_usb.c.obj
                0x08004e4a                USB_SetCurrentMode
 .text.USB_DevInit
                0x08004e4e       0x22 CMakeFiles/Bootloader.elf.dir/Drivers/STM32F1xx_HAL_Driver/Src/stm32f1xx_ll_usb.c.obj
                0x08004e4e                USB_DevInit
 .text.USB_FlushTxFifo
                0x08004e70        0x4 CMakeFiles/Bootloader.elf.dir/Drivers/STM32F1xx_HAL_Driver/Src/stm32f1xx_ll_usb.c.obj
                0x08004e70                USB_FlushTxFifo
 .text.USB_FlushRxFifo
                0x08004e74        0x4 CMakeFiles/Bootloader.elf.dir/Drivers/STM32F1xx_HAL_Driver/Src/stm32f1xx_ll_usb.c.obj
                0x08004e74                USB_FlushRxFifo
 .text.USB_ActivateEndpoint
                0x08004e78      0x3ca CMakeFiles/Bootloader.elf.dir/Drivers/STM32F1xx_HAL_Driver/Src/stm32f1xx_ll_usb.c.obj
                0x08004e78                USB_ActivateEndpoint
 .text.USB_DeactivateEndpoint
                0x08005242      0x1d6 CMakeFiles/Bootloader.elf.dir/Drivers/STM32F1xx_HAL_Driver/Src/stm32f1xx_ll_usb.c.obj
                0x08005242                USB_DeactivateEndpoint
 .text.USB_EPSetStall
                0x08005418       0x4a CMakeFiles/Bootloader.elf.dir/Drivers/STM32F1xx_HAL_Driver/Src/stm32f1xx_ll_usb.c.obj
                0x08005418                USB_EPSetStall
 .text.USB_EPClearStall
                0x08005462       0xa2 CMakeFiles/Bootloader.elf.dir/Drivers/STM32F1xx_HAL_Driver/Src/stm32f1xx_ll_usb.c.obj
                0x08005462                USB_EPClearStall
 .text.USB_SetDevAddress
                0x08005504        0xc CMakeFiles/Bootloader.elf.dir/Drivers/STM32F1xx_HAL_Driver/Src/stm32f1xx_ll_usb.c.obj
                0x08005504                USB_SetDevAddress
 .text.USB_DevConnect
                0x08005510        0x4 CMakeFiles/Bootloader.elf.dir/Drivers/STM32F1xx_HAL_Driver/Src/stm32f1xx_ll_usb.c.obj
                0x08005510                USB_DevConnect
 .text.USB_DevDisconnect
                0x08005514        0x4 CMakeFiles/Bootloader.elf.dir/Drivers/STM32F1xx_HAL_Driver/Src/stm32f1xx_ll_usb.c.obj
                0x08005514                USB_DevDisconnect
 .text.USB_ReadInterrupts
                0x08005518        0x8 CMakeFiles/Bootloader.elf.dir/Drivers/STM32F1xx_HAL_Driver/Src/stm32f1xx_ll_usb.c.obj
                0x08005518                USB_ReadInterrupts
 .text.USB_EP0_OutStart
                0x08005520        0x4 CMakeFiles/Bootloader.elf.dir/Drivers/STM32F1xx_HAL_Driver/Src/stm32f1xx_ll_usb.c.obj
                0x08005520                USB_EP0_OutStart
 .text.USB_WritePMA
                0x08005524       0x28 CMakeFiles/Bootloader.elf.dir/Drivers/STM32F1xx_HAL_Driver/Src/stm32f1xx_ll_usb.c.obj
                0x08005524                USB_WritePMA
 .text.USB_EPStartXfer
                0x0800554c      0x7ce CMakeFiles/Bootloader.elf.dir/Drivers/STM32F1xx_HAL_Driver/Src/stm32f1xx_ll_usb.c.obj
                0x0800554c                USB_EPStartXfer
 .text.USB_ReadPMA
                0x08005d1a       0x30 CMakeFiles/Bootloader.elf.dir/Drivers/STM32F1xx_HAL_Driver/Src/stm32f1xx_ll_usb.c.obj
                0x08005d1a                USB_ReadPMA
 *fill*         0x08005d4a        0x2 
 .text.MX_FATFS_Init
                0x08005d4c       0x1c CMakeFiles/Bootloader.elf.dir/FATFS/App/fatfs.c.obj
                0x08005d4c                MX_FATFS_Init
 .text.BSP_SD_ReadBlocks
                0x08005d68       0x20 CMakeFiles/Bootloader.elf.dir/FATFS/Target/bsp_driver_sd.c.obj
                0x08005d68                BSP_SD_ReadBlocks
 .text.BSP_SD_WriteBlocks
                0x08005d88       0x20 CMakeFiles/Bootloader.elf.dir/FATFS/Target/bsp_driver_sd.c.obj
                0x08005d88                BSP_SD_WriteBlocks
 .text.BSP_SD_GetCardState
                0x08005da8       0x14 CMakeFiles/Bootloader.elf.dir/FATFS/Target/bsp_driver_sd.c.obj
                0x08005da8                BSP_SD_GetCardState
 .text.BSP_SD_GetCardInfo
                0x08005dbc       0x10 CMakeFiles/Bootloader.elf.dir/FATFS/Target/bsp_driver_sd.c.obj
                0x08005dbc                BSP_SD_GetCardInfo
 .text.BSP_SD_AbortCallback
                0x08005dcc        0x2 CMakeFiles/Bootloader.elf.dir/FATFS/Target/bsp_driver_sd.c.obj
                0x08005dcc                BSP_SD_AbortCallback
 .text.HAL_SD_AbortCallback
                0x08005dce        0x8 CMakeFiles/Bootloader.elf.dir/FATFS/Target/bsp_driver_sd.c.obj
                0x08005dce                HAL_SD_AbortCallback
 .text.BSP_SD_WriteCpltCallback
                0x08005dd6        0x2 CMakeFiles/Bootloader.elf.dir/FATFS/Target/bsp_driver_sd.c.obj
                0x08005dd6                BSP_SD_WriteCpltCallback
 .text.HAL_SD_TxCpltCallback
                0x08005dd8        0x8 CMakeFiles/Bootloader.elf.dir/FATFS/Target/bsp_driver_sd.c.obj
                0x08005dd8                HAL_SD_TxCpltCallback
 .text.BSP_SD_ReadCpltCallback
                0x08005de0        0x2 CMakeFiles/Bootloader.elf.dir/FATFS/Target/bsp_driver_sd.c.obj
                0x08005de0                BSP_SD_ReadCpltCallback
 .text.HAL_SD_RxCpltCallback
                0x08005de2        0x8 CMakeFiles/Bootloader.elf.dir/FATFS/Target/bsp_driver_sd.c.obj
                0x08005de2                HAL_SD_RxCpltCallback
 .text.BSP_SD_IsDetected
                0x08005dea       0x10 CMakeFiles/Bootloader.elf.dir/FATFS/Target/bsp_driver_sd.c.obj
                0x08005dea                BSP_SD_IsDetected
 *fill*         0x08005dfa        0x2 
 .text.BSP_SD_Init
                0x08005dfc       0x34 CMakeFiles/Bootloader.elf.dir/FATFS/Target/bsp_driver_sd.c.obj
                0x08005dfc                BSP_SD_Init
 .text.USBD_MSC_GetHSCfgDesc
                0x08005e30        0xc CMakeFiles/Bootloader.elf.dir/Middlewares/ST/STM32_USB_Device_Library/Class/MSC/Src/usbd_msc.c.obj
                0x08005e30                USBD_MSC_GetHSCfgDesc
 .text.USBD_MSC_GetFSCfgDesc
                0x08005e3c        0xc CMakeFiles/Bootloader.elf.dir/Middlewares/ST/STM32_USB_Device_Library/Class/MSC/Src/usbd_msc.c.obj
                0x08005e3c                USBD_MSC_GetFSCfgDesc
 .text.USBD_MSC_GetOtherSpeedCfgDesc
                0x08005e48        0xc CMakeFiles/Bootloader.elf.dir/Middlewares/ST/STM32_USB_Device_Library/Class/MSC/Src/usbd_msc.c.obj
                0x08005e48                USBD_MSC_GetOtherSpeedCfgDesc
 .text.USBD_MSC_GetDeviceQualifierDescriptor
                0x08005e54        0xc CMakeFiles/Bootloader.elf.dir/Middlewares/ST/STM32_USB_Device_Library/Class/MSC/Src/usbd_msc.c.obj
                0x08005e54                USBD_MSC_GetDeviceQualifierDescriptor
 .text.USBD_MSC_Init
                0x08005e60       0x66 CMakeFiles/Bootloader.elf.dir/Middlewares/ST/STM32_USB_Device_Library/Class/MSC/Src/usbd_msc.c.obj
                0x08005e60                USBD_MSC_Init
 .text.USBD_MSC_DeInit
                0x08005ec6       0x32 CMakeFiles/Bootloader.elf.dir/Middlewares/ST/STM32_USB_Device_Library/Class/MSC/Src/usbd_msc.c.obj
                0x08005ec6                USBD_MSC_DeInit
 .text.USBD_MSC_Setup
                0x08005ef8      0x198 CMakeFiles/Bootloader.elf.dir/Middlewares/ST/STM32_USB_Device_Library/Class/MSC/Src/usbd_msc.c.obj
                0x08005ef8                USBD_MSC_Setup
 .text.USBD_MSC_DataIn
                0x08006090        0xa CMakeFiles/Bootloader.elf.dir/Middlewares/ST/STM32_USB_Device_Library/Class/MSC/Src/usbd_msc.c.obj
                0x08006090                USBD_MSC_DataIn
 .text.USBD_MSC_DataOut
                0x0800609a        0xa CMakeFiles/Bootloader.elf.dir/Middlewares/ST/STM32_USB_Device_Library/Class/MSC/Src/usbd_msc.c.obj
                0x0800609a                USBD_MSC_DataOut
 .text.USBD_MSC_RegisterStorage
                0x080060a4        0xa CMakeFiles/Bootloader.elf.dir/Middlewares/ST/STM32_USB_Device_Library/Class/MSC/Src/usbd_msc.c.obj
                0x080060a4                USBD_MSC_RegisterStorage
 .text.MSC_BOT_SendData
                0x080060ae       0x34 CMakeFiles/Bootloader.elf.dir/Middlewares/ST/STM32_USB_Device_Library/Class/MSC/Src/usbd_msc_bot.c.obj
 .text.MSC_BOT_Abort
                0x080060e2       0x40 CMakeFiles/Bootloader.elf.dir/Middlewares/ST/STM32_USB_Device_Library/Class/MSC/Src/usbd_msc_bot.c.obj
 .text.MSC_BOT_Init
                0x08006122       0x3e CMakeFiles/Bootloader.elf.dir/Middlewares/ST/STM32_USB_Device_Library/Class/MSC/Src/usbd_msc_bot.c.obj
                0x08006122                MSC_BOT_Init
 .text.MSC_BOT_Reset
                0x08006160       0x1a CMakeFiles/Bootloader.elf.dir/Middlewares/ST/STM32_USB_Device_Library/Class/MSC/Src/usbd_msc_bot.c.obj
                0x08006160                MSC_BOT_Reset
 .text.MSC_BOT_DeInit
                0x0800617a        0xa CMakeFiles/Bootloader.elf.dir/Middlewares/ST/STM32_USB_Device_Library/Class/MSC/Src/usbd_msc_bot.c.obj
                0x0800617a                MSC_BOT_DeInit
 .text.MSC_BOT_SendCSW
                0x08006184       0x38 CMakeFiles/Bootloader.elf.dir/Middlewares/ST/STM32_USB_Device_Library/Class/MSC/Src/usbd_msc_bot.c.obj
                0x08006184                MSC_BOT_SendCSW
 .text.MSC_BOT_DataIn
                0x080061bc       0x3a CMakeFiles/Bootloader.elf.dir/Middlewares/ST/STM32_USB_Device_Library/Class/MSC/Src/usbd_msc_bot.c.obj
                0x080061bc                MSC_BOT_DataIn
 *fill*         0x080061f6        0x2 
 .text.MSC_BOT_CBW_Decode
                0x080061f8       0xa8 CMakeFiles/Bootloader.elf.dir/Middlewares/ST/STM32_USB_Device_Library/Class/MSC/Src/usbd_msc_bot.c.obj
 .text.MSC_BOT_DataOut
                0x080062a0       0x32 CMakeFiles/Bootloader.elf.dir/Middlewares/ST/STM32_USB_Device_Library/Class/MSC/Src/usbd_msc_bot.c.obj
                0x080062a0                MSC_BOT_DataOut
 .text.MSC_BOT_CplClrFeature
                0x080062d2       0x2a CMakeFiles/Bootloader.elf.dir/Middlewares/ST/STM32_USB_Device_Library/Class/MSC/Src/usbd_msc_bot.c.obj
                0x080062d2                MSC_BOT_CplClrFeature
 .text.SCSI_Inquiry
                0x080062fc       0x5c CMakeFiles/Bootloader.elf.dir/Middlewares/ST/STM32_USB_Device_Library/Class/MSC/Src/usbd_msc_scsi.c.obj
 .text.SCSI_ModeSense6
                0x08006358       0x24 CMakeFiles/Bootloader.elf.dir/Middlewares/ST/STM32_USB_Device_Library/Class/MSC/Src/usbd_msc_scsi.c.obj
 .text.SCSI_ModeSense10
                0x0800637c       0x24 CMakeFiles/Bootloader.elf.dir/Middlewares/ST/STM32_USB_Device_Library/Class/MSC/Src/usbd_msc_scsi.c.obj
 .text.SCSI_RequestSense
                0x080063a0       0x66 CMakeFiles/Bootloader.elf.dir/Middlewares/ST/STM32_USB_Device_Library/Class/MSC/Src/usbd_msc_scsi.c.obj
 .text.SCSI_StartStopUnit
                0x08006406        0xa CMakeFiles/Bootloader.elf.dir/Middlewares/ST/STM32_USB_Device_Library/Class/MSC/Src/usbd_msc_scsi.c.obj
 .text.SCSI_SenseCode
                0x08006410       0x2a CMakeFiles/Bootloader.elf.dir/Middlewares/ST/STM32_USB_Device_Library/Class/MSC/Src/usbd_msc_scsi.c.obj
                0x08006410                SCSI_SenseCode
 .text.SCSI_TestUnitReady
                0x0800643a       0x4a CMakeFiles/Bootloader.elf.dir/Middlewares/ST/STM32_USB_Device_Library/Class/MSC/Src/usbd_msc_scsi.c.obj
 .text.SCSI_ReadFormatCapacity
                0x08006484       0x7c CMakeFiles/Bootloader.elf.dir/Middlewares/ST/STM32_USB_Device_Library/Class/MSC/Src/usbd_msc_scsi.c.obj
 .text.SCSI_ReadCapacity10
                0x08006500       0x60 CMakeFiles/Bootloader.elf.dir/Middlewares/ST/STM32_USB_Device_Library/Class/MSC/Src/usbd_msc_scsi.c.obj
 .text.SCSI_CheckAddressRange
                0x08006560       0x22 CMakeFiles/Bootloader.elf.dir/Middlewares/ST/STM32_USB_Device_Library/Class/MSC/Src/usbd_msc_scsi.c.obj
 .text.SCSI_ProcessRead
                0x08006582       0x96 CMakeFiles/Bootloader.elf.dir/Middlewares/ST/STM32_USB_Device_Library/Class/MSC/Src/usbd_msc_scsi.c.obj
 .text.SCSI_Read10
                0x08006618       0xba CMakeFiles/Bootloader.elf.dir/Middlewares/ST/STM32_USB_Device_Library/Class/MSC/Src/usbd_msc_scsi.c.obj
 .text.SCSI_ProcessWrite
                0x080066d2       0xa8 CMakeFiles/Bootloader.elf.dir/Middlewares/ST/STM32_USB_Device_Library/Class/MSC/Src/usbd_msc_scsi.c.obj
 .text.SCSI_Write10
                0x0800677a       0xf6 CMakeFiles/Bootloader.elf.dir/Middlewares/ST/STM32_USB_Device_Library/Class/MSC/Src/usbd_msc_scsi.c.obj
 .text.SCSI_Verify10
                0x08006870       0x38 CMakeFiles/Bootloader.elf.dir/Middlewares/ST/STM32_USB_Device_Library/Class/MSC/Src/usbd_msc_scsi.c.obj
 .text.SCSI_ProcessCmd
                0x080068a8       0xd6 CMakeFiles/Bootloader.elf.dir/Middlewares/ST/STM32_USB_Device_Library/Class/MSC/Src/usbd_msc_scsi.c.obj
                0x080068a8                SCSI_ProcessCmd
 .text.USBD_Init
                0x0800697e       0x2e CMakeFiles/Bootloader.elf.dir/Middlewares/ST/STM32_USB_Device_Library/Core/Src/usbd_core.c.obj
                0x0800697e                USBD_Init
 .text.USBD_RegisterClass
                0x080069ac        0xe CMakeFiles/Bootloader.elf.dir/Middlewares/ST/STM32_USB_Device_Library/Core/Src/usbd_core.c.obj
                0x080069ac                USBD_RegisterClass
 .text.USBD_Start
                0x080069ba        0xa CMakeFiles/Bootloader.elf.dir/Middlewares/ST/STM32_USB_Device_Library/Core/Src/usbd_core.c.obj
                0x080069ba                USBD_Start
 .text.USBD_SetClassConfig
                0x080069c4       0x18 CMakeFiles/Bootloader.elf.dir/Middlewares/ST/STM32_USB_Device_Library/Core/Src/usbd_core.c.obj
                0x080069c4                USBD_SetClassConfig
 .text.USBD_ClrClassConfig
                0x080069dc        0xe CMakeFiles/Bootloader.elf.dir/Middlewares/ST/STM32_USB_Device_Library/Core/Src/usbd_core.c.obj
                0x080069dc                USBD_ClrClassConfig
 .text.USBD_LL_SetupStage
                0x080069ea       0x5a CMakeFiles/Bootloader.elf.dir/Middlewares/ST/STM32_USB_Device_Library/Core/Src/usbd_core.c.obj
                0x080069ea                USBD_LL_SetupStage
 .text.USBD_LL_DataOutStage
                0x08006a44       0x8c CMakeFiles/Bootloader.elf.dir/Middlewares/ST/STM32_USB_Device_Library/Core/Src/usbd_core.c.obj
                0x08006a44                USBD_LL_DataOutStage
 .text.USBD_LL_DataInStage
                0x08006ad0       0xd0 CMakeFiles/Bootloader.elf.dir/Middlewares/ST/STM32_USB_Device_Library/Core/Src/usbd_core.c.obj
                0x08006ad0                USBD_LL_DataInStage
 .text.USBD_LL_Reset
                0x08006ba0       0x50 CMakeFiles/Bootloader.elf.dir/Middlewares/ST/STM32_USB_Device_Library/Core/Src/usbd_core.c.obj
                0x08006ba0                USBD_LL_Reset
 .text.USBD_LL_SetSpeed
                0x08006bf0        0x6 CMakeFiles/Bootloader.elf.dir/Middlewares/ST/STM32_USB_Device_Library/Core/Src/usbd_core.c.obj
                0x08006bf0                USBD_LL_SetSpeed
 .text.USBD_LL_Suspend
                0x08006bf6       0x12 CMakeFiles/Bootloader.elf.dir/Middlewares/ST/STM32_USB_Device_Library/Core/Src/usbd_core.c.obj
                0x08006bf6                USBD_LL_Suspend
 .text.USBD_LL_Resume
                0x08006c08       0x16 CMakeFiles/Bootloader.elf.dir/Middlewares/ST/STM32_USB_Device_Library/Core/Src/usbd_core.c.obj
                0x08006c08                USBD_LL_Resume
 .text.USBD_LL_SOF
                0x08006c1e       0x1c CMakeFiles/Bootloader.elf.dir/Middlewares/ST/STM32_USB_Device_Library/Core/Src/usbd_core.c.obj
                0x08006c1e                USBD_LL_SOF
 .text.USBD_GetLen
                0x08006c3a       0x14 CMakeFiles/Bootloader.elf.dir/Middlewares/ST/STM32_USB_Device_Library/Core/Src/usbd_ctlreq.c.obj
 .text.USBD_SetFeature
                0x08006c4e       0x14 CMakeFiles/Bootloader.elf.dir/Middlewares/ST/STM32_USB_Device_Library/Core/Src/usbd_ctlreq.c.obj
 .text.USBD_ParseSetupRequest
                0x08006c62       0x28 CMakeFiles/Bootloader.elf.dir/Middlewares/ST/STM32_USB_Device_Library/Core/Src/usbd_ctlreq.c.obj
                0x08006c62                USBD_ParseSetupRequest
 .text.USBD_CtlError
                0x08006c8a       0x14 CMakeFiles/Bootloader.elf.dir/Middlewares/ST/STM32_USB_Device_Library/Core/Src/usbd_ctlreq.c.obj
                0x08006c8a                USBD_CtlError
 .text.USBD_GetDescriptor
                0x08006c9e      0x186 CMakeFiles/Bootloader.elf.dir/Middlewares/ST/STM32_USB_Device_Library/Core/Src/usbd_ctlreq.c.obj
 .text.USBD_SetAddress
                0x08006e24       0x4e CMakeFiles/Bootloader.elf.dir/Middlewares/ST/STM32_USB_Device_Library/Core/Src/usbd_ctlreq.c.obj
 *fill*         0x08006e72        0x2 
 .text.USBD_SetConfig
                0x08006e74       0xb0 CMakeFiles/Bootloader.elf.dir/Middlewares/ST/STM32_USB_Device_Library/Core/Src/usbd_ctlreq.c.obj
 .text.USBD_GetConfig
                0x08006f24       0x3e CMakeFiles/Bootloader.elf.dir/Middlewares/ST/STM32_USB_Device_Library/Core/Src/usbd_ctlreq.c.obj
 .text.USBD_GetStatus
                0x08006f62       0x38 CMakeFiles/Bootloader.elf.dir/Middlewares/ST/STM32_USB_Device_Library/Core/Src/usbd_ctlreq.c.obj
 .text.USBD_ClrFeature
                0x08006f9a       0x26 CMakeFiles/Bootloader.elf.dir/Middlewares/ST/STM32_USB_Device_Library/Core/Src/usbd_ctlreq.c.obj
 .text.USBD_StdDevReq
                0x08006fc0       0x68 CMakeFiles/Bootloader.elf.dir/Middlewares/ST/STM32_USB_Device_Library/Core/Src/usbd_ctlreq.c.obj
                0x08006fc0                USBD_StdDevReq
 .text.USBD_StdItfReq
                0x08007028       0x60 CMakeFiles/Bootloader.elf.dir/Middlewares/ST/STM32_USB_Device_Library/Core/Src/usbd_ctlreq.c.obj
                0x08007028                USBD_StdItfReq
 .text.USBD_StdEPReq
                0x08007088      0x1e2 CMakeFiles/Bootloader.elf.dir/Middlewares/ST/STM32_USB_Device_Library/Core/Src/usbd_ctlreq.c.obj
                0x08007088                USBD_StdEPReq
 .text.USBD_GetString
                0x0800726a       0x3a CMakeFiles/Bootloader.elf.dir/Middlewares/ST/STM32_USB_Device_Library/Core/Src/usbd_ctlreq.c.obj
                0x0800726a                USBD_GetString
 .text.USBD_CtlSendData
                0x080072a4       0x1a CMakeFiles/Bootloader.elf.dir/Middlewares/ST/STM32_USB_Device_Library/Core/Src/usbd_ioreq.c.obj
                0x080072a4                USBD_CtlSendData
 .text.USBD_CtlContinueSendData
                0x080072be       0x10 CMakeFiles/Bootloader.elf.dir/Middlewares/ST/STM32_USB_Device_Library/Core/Src/usbd_ioreq.c.obj
                0x080072be                USBD_CtlContinueSendData
 .text.USBD_CtlContinueRx
                0x080072ce       0x10 CMakeFiles/Bootloader.elf.dir/Middlewares/ST/STM32_USB_Device_Library/Core/Src/usbd_ioreq.c.obj
                0x080072ce                USBD_CtlContinueRx
 .text.USBD_CtlSendStatus
                0x080072de       0x16 CMakeFiles/Bootloader.elf.dir/Middlewares/ST/STM32_USB_Device_Library/Core/Src/usbd_ioreq.c.obj
                0x080072de                USBD_CtlSendStatus
 .text.USBD_CtlReceiveStatus
                0x080072f4       0x16 CMakeFiles/Bootloader.elf.dir/Middlewares/ST/STM32_USB_Device_Library/Core/Src/usbd_ioreq.c.obj
                0x080072f4                USBD_CtlReceiveStatus
 *fill*         0x0800730a        0x2 
 .text.SD_initialize
                0x0800730c       0x24 CMakeFiles/Bootloader.elf.dir/Middlewares/Third_Party/FatFs/src/drivers/sd_diskio.c.obj
                0x0800730c                SD_initialize
 .text.SD_status
                0x08007330       0x24 CMakeFiles/Bootloader.elf.dir/Middlewares/Third_Party/FatFs/src/drivers/sd_diskio.c.obj
                0x08007330                SD_status
 .text.SD_read  0x08007354       0x38 CMakeFiles/Bootloader.elf.dir/Middlewares/Third_Party/FatFs/src/drivers/sd_diskio.c.obj
                0x08007354                SD_read
 .text.SD_write
                0x0800738c       0x38 CMakeFiles/Bootloader.elf.dir/Middlewares/Third_Party/FatFs/src/drivers/sd_diskio.c.obj
                0x0800738c                SD_write
 .text.SD_ioctl
                0x080073c4       0x54 CMakeFiles/Bootloader.elf.dir/Middlewares/Third_Party/FatFs/src/drivers/sd_diskio.c.obj
                0x080073c4                SD_ioctl
 .text.FATFS_LinkDriverEx
                0x08007418       0x54 CMakeFiles/Bootloader.elf.dir/Middlewares/Third_Party/FatFs/src/ff_gen_drv.c.obj
                0x08007418                FATFS_LinkDriverEx
 .text.FATFS_LinkDriver
                0x0800746c        0xa CMakeFiles/Bootloader.elf.dir/Middlewares/Third_Party/FatFs/src/ff_gen_drv.c.obj
                0x0800746c                FATFS_LinkDriver
 *fill*         0x08007476        0x2 
 .text.MX_USB_DEVICE_Init
                0x08007478       0x54 CMakeFiles/Bootloader.elf.dir/USB_DEVICE/App/usb_device.c.obj
                0x08007478                MX_USB_DEVICE_Init
 .text.USBD_FS_DeviceDescriptor
                0x080074cc        0xc CMakeFiles/Bootloader.elf.dir/USB_DEVICE/App/usbd_desc.c.obj
                0x080074cc                USBD_FS_DeviceDescriptor
 .text.USBD_FS_LangIDStrDescriptor
                0x080074d8        0xc CMakeFiles/Bootloader.elf.dir/USB_DEVICE/App/usbd_desc.c.obj
                0x080074d8                USBD_FS_LangIDStrDescriptor
 .text.IntToUnicode
                0x080074e4       0x46 CMakeFiles/Bootloader.elf.dir/USB_DEVICE/App/usbd_desc.c.obj
 *fill*         0x0800752a        0x2 
 .text.Get_SerialNum
                0x0800752c       0x38 CMakeFiles/Bootloader.elf.dir/USB_DEVICE/App/usbd_desc.c.obj
 .text.USBD_FS_SerialStrDescriptor
                0x08007564       0x14 CMakeFiles/Bootloader.elf.dir/USB_DEVICE/App/usbd_desc.c.obj
                0x08007564                USBD_FS_SerialStrDescriptor
 .text.USBD_FS_ProductStrDescriptor
                0x08007578       0x24 CMakeFiles/Bootloader.elf.dir/USB_DEVICE/App/usbd_desc.c.obj
                0x08007578                USBD_FS_ProductStrDescriptor
 .text.USBD_FS_ManufacturerStrDescriptor
                0x0800759c       0x1c CMakeFiles/Bootloader.elf.dir/USB_DEVICE/App/usbd_desc.c.obj
                0x0800759c                USBD_FS_ManufacturerStrDescriptor
 .text.USBD_FS_ConfigStrDescriptor
                0x080075b8       0x24 CMakeFiles/Bootloader.elf.dir/USB_DEVICE/App/usbd_desc.c.obj
                0x080075b8                USBD_FS_ConfigStrDescriptor
 .text.USBD_FS_InterfaceStrDescriptor
                0x080075dc       0x24 CMakeFiles/Bootloader.elf.dir/USB_DEVICE/App/usbd_desc.c.obj
                0x080075dc                USBD_FS_InterfaceStrDescriptor
 .text.STORAGE_GetCapacity_FS
                0x08007600       0x14 CMakeFiles/Bootloader.elf.dir/USB_DEVICE/App/usbd_storage_if.c.obj
 .text.STORAGE_IsReady_FS
                0x08007614        0x4 CMakeFiles/Bootloader.elf.dir/USB_DEVICE/App/usbd_storage_if.c.obj
 .text.STORAGE_IsWriteProtected_FS
                0x08007618        0x4 CMakeFiles/Bootloader.elf.dir/USB_DEVICE/App/usbd_storage_if.c.obj
 .text.STORAGE_GetMaxLun_FS
                0x0800761c        0x4 CMakeFiles/Bootloader.elf.dir/USB_DEVICE/App/usbd_storage_if.c.obj
 .text.STORAGE_Write_FS
                0x08007620       0x34 CMakeFiles/Bootloader.elf.dir/USB_DEVICE/App/usbd_storage_if.c.obj
 .text.STORAGE_Read_FS
                0x08007654       0x34 CMakeFiles/Bootloader.elf.dir/USB_DEVICE/App/usbd_storage_if.c.obj
 .text.STORAGE_Init_FS
                0x08007688        0xe CMakeFiles/Bootloader.elf.dir/USB_DEVICE/App/usbd_storage_if.c.obj
 .text.USBD_Get_USB_Status
                0x08007696       0x14 CMakeFiles/Bootloader.elf.dir/USB_DEVICE/Target/usbd_conf.c.obj
 *fill*         0x080076aa        0x2 
 .text.HAL_PCD_MspInit
                0x080076ac       0x50 CMakeFiles/Bootloader.elf.dir/USB_DEVICE/Target/usbd_conf.c.obj
                0x080076ac                HAL_PCD_MspInit
 .text.HAL_PCD_SetupStageCallback
                0x080076fc       0x10 CMakeFiles/Bootloader.elf.dir/USB_DEVICE/Target/usbd_conf.c.obj
                0x080076fc                HAL_PCD_SetupStageCallback
 .text.HAL_PCD_DataOutStageCallback
                0x0800770c       0x18 CMakeFiles/Bootloader.elf.dir/USB_DEVICE/Target/usbd_conf.c.obj
                0x0800770c                HAL_PCD_DataOutStageCallback
 .text.HAL_PCD_DataInStageCallback
                0x08007724       0x16 CMakeFiles/Bootloader.elf.dir/USB_DEVICE/Target/usbd_conf.c.obj
                0x08007724                HAL_PCD_DataInStageCallback
 .text.HAL_PCD_SOFCallback
                0x0800773a        0xc CMakeFiles/Bootloader.elf.dir/USB_DEVICE/Target/usbd_conf.c.obj
                0x0800773a                HAL_PCD_SOFCallback
 .text.HAL_PCD_ResetCallback
                0x08007746       0x24 CMakeFiles/Bootloader.elf.dir/USB_DEVICE/Target/usbd_conf.c.obj
                0x08007746                HAL_PCD_ResetCallback
 *fill*         0x0800776a        0x2 
 .text.HAL_PCD_SuspendCallback
                0x0800776c       0x20 CMakeFiles/Bootloader.elf.dir/USB_DEVICE/Target/usbd_conf.c.obj
                0x0800776c                HAL_PCD_SuspendCallback
 .text.HAL_PCD_ResumeCallback
                0x0800778c        0xc CMakeFiles/Bootloader.elf.dir/USB_DEVICE/Target/usbd_conf.c.obj
                0x0800778c                HAL_PCD_ResumeCallback
 .text.USBD_LL_Init
                0x08007798       0x74 CMakeFiles/Bootloader.elf.dir/USB_DEVICE/Target/usbd_conf.c.obj
                0x08007798                USBD_LL_Init
 .text.USBD_LL_Start
                0x0800780c       0x10 CMakeFiles/Bootloader.elf.dir/USB_DEVICE/Target/usbd_conf.c.obj
                0x0800780c                USBD_LL_Start
 .text.USBD_LL_OpenEP
                0x0800781c       0x16 CMakeFiles/Bootloader.elf.dir/USB_DEVICE/Target/usbd_conf.c.obj
                0x0800781c                USBD_LL_OpenEP
 .text.USBD_LL_CloseEP
                0x08007832       0x10 CMakeFiles/Bootloader.elf.dir/USB_DEVICE/Target/usbd_conf.c.obj
                0x08007832                USBD_LL_CloseEP
 .text.USBD_LL_FlushEP
                0x08007842       0x10 CMakeFiles/Bootloader.elf.dir/USB_DEVICE/Target/usbd_conf.c.obj
                0x08007842                USBD_LL_FlushEP
 .text.USBD_LL_StallEP
                0x08007852       0x10 CMakeFiles/Bootloader.elf.dir/USB_DEVICE/Target/usbd_conf.c.obj
                0x08007852                USBD_LL_StallEP
 .text.USBD_LL_ClearStallEP
                0x08007862       0x10 CMakeFiles/Bootloader.elf.dir/USB_DEVICE/Target/usbd_conf.c.obj
                0x08007862                USBD_LL_ClearStallEP
 .text.USBD_LL_IsStallEP
                0x08007872       0x2e CMakeFiles/Bootloader.elf.dir/USB_DEVICE/Target/usbd_conf.c.obj
                0x08007872                USBD_LL_IsStallEP
 .text.USBD_LL_SetUSBAddress
                0x080078a0       0x10 CMakeFiles/Bootloader.elf.dir/USB_DEVICE/Target/usbd_conf.c.obj
                0x080078a0                USBD_LL_SetUSBAddress
 .text.USBD_LL_Transmit
                0x080078b0       0x10 CMakeFiles/Bootloader.elf.dir/USB_DEVICE/Target/usbd_conf.c.obj
                0x080078b0                USBD_LL_Transmit
 .text.USBD_LL_PrepareReceive
                0x080078c0       0x10 CMakeFiles/Bootloader.elf.dir/USB_DEVICE/Target/usbd_conf.c.obj
                0x080078c0                USBD_LL_PrepareReceive
 .text.USBD_LL_GetRxDataSize
                0x080078d0        0xc CMakeFiles/Bootloader.elf.dir/USB_DEVICE/Target/usbd_conf.c.obj
                0x080078d0                USBD_LL_GetRxDataSize
 .text.USBD_static_malloc
                0x080078dc        0x8 CMakeFiles/Bootloader.elf.dir/USB_DEVICE/Target/usbd_conf.c.obj
                0x080078dc                USBD_static_malloc
 .text.USBD_static_free
                0x080078e4        0x2 CMakeFiles/Bootloader.elf.dir/USB_DEVICE/Target/usbd_conf.c.obj
                0x080078e4                USBD_static_free
 .text.HAL_PCDEx_SetConnectionState
                0x080078e6        0x2 CMakeFiles/Bootloader.elf.dir/USB_DEVICE/Target/usbd_conf.c.obj
                0x080078e6                HAL_PCDEx_SetConnectionState
 .text.__errno  0x080078e8        0xc c:/stm32_needs/gcc-arm-none-eabi/bin/../lib/gcc/arm-none-eabi/10.3.1/../../../../arm-none-eabi/lib/thumb/v7-m/nofp\libg.a(lib_a-errno.o)
                0x080078e8                __errno
 .text.__libc_init_array
                0x080078f4       0x48 c:/stm32_needs/gcc-arm-none-eabi/bin/../lib/gcc/arm-none-eabi/10.3.1/../../../../arm-none-eabi/lib/thumb/v7-m/nofp\libg.a(lib_a-init.o)
                0x080078f4                __libc_init_array
 .text.memset   0x0800793c       0xa4 c:/stm32_needs/gcc-arm-none-eabi/bin/../lib/gcc/arm-none-eabi/10.3.1/../../../../arm-none-eabi/lib/thumb/v7-m/nofp\libg.a(lib_a-memset.o)
                0x0800793c                memset
 .text.setvbuf  0x080079e0      0x1b0 c:/stm32_needs/gcc-arm-none-eabi/bin/../lib/gcc/arm-none-eabi/10.3.1/../../../../arm-none-eabi/lib/thumb/v7-m/nofp\libg.a(lib_a-setvbuf.o)
                0x080079e0                setvbuf
 .text.startup.register_fini
                0x08007b90       0x14 c:/stm32_needs/gcc-arm-none-eabi/bin/../lib/gcc/arm-none-eabi/10.3.1/../../../../arm-none-eabi/lib/thumb/v7-m/nofp\libg.a(lib_a-__call_atexit.o)
 .text.atexit   0x08007ba4        0xc c:/stm32_needs/gcc-arm-none-eabi/bin/../lib/gcc/arm-none-eabi/10.3.1/../../../../arm-none-eabi/lib/thumb/v7-m/nofp\libg.a(lib_a-atexit.o)
                0x08007ba4                atexit
 .text.__sflush_r
                0x08007bb0      0x124 c:/stm32_needs/gcc-arm-none-eabi/bin/../lib/gcc/arm-none-eabi/10.3.1/../../../../arm-none-eabi/lib/thumb/v7-m/nofp\libg.a(lib_a-fflush.o)
                0x08007bb0                __sflush_r
 .text._fflush_r
                0x08007cd4       0x5c c:/stm32_needs/gcc-arm-none-eabi/bin/../lib/gcc/arm-none-eabi/10.3.1/../../../../arm-none-eabi/lib/thumb/v7-m/nofp\libg.a(lib_a-fflush.o)
                0x08007cd4                _fflush_r
 .text._cleanup_r
                0x08007d30        0xc c:/stm32_needs/gcc-arm-none-eabi/bin/../lib/gcc/arm-none-eabi/10.3.1/../../../../arm-none-eabi/lib/thumb/v7-m/nofp\libg.a(lib_a-findfp.o)
                0x08007d30                _cleanup_r
 .text.__sinit  0x08007d3c      0x10c c:/stm32_needs/gcc-arm-none-eabi/bin/../lib/gcc/arm-none-eabi/10.3.1/../../../../arm-none-eabi/lib/thumb/v7-m/nofp\libg.a(lib_a-findfp.o)
                0x08007d3c                __sinit
 .text.__sfp_lock_acquire
                0x08007e48        0xc c:/stm32_needs/gcc-arm-none-eabi/bin/../lib/gcc/arm-none-eabi/10.3.1/../../../../arm-none-eabi/lib/thumb/v7-m/nofp\libg.a(lib_a-findfp.o)
                0x08007e48                __sfp_lock_acquire
 .text.__sfp_lock_release
                0x08007e54        0xc c:/stm32_needs/gcc-arm-none-eabi/bin/../lib/gcc/arm-none-eabi/10.3.1/../../../../arm-none-eabi/lib/thumb/v7-m/nofp\libg.a(lib_a-findfp.o)
                0x08007e54                __sfp_lock_release
 .text.__libc_fini_array
                0x08007e60       0x2c c:/stm32_needs/gcc-arm-none-eabi/bin/../lib/gcc/arm-none-eabi/10.3.1/../../../../arm-none-eabi/lib/thumb/v7-m/nofp\libg.a(lib_a-fini.o)
                0x08007e60                __libc_fini_array
 .text._malloc_trim_r
                0x08007e8c       0xa0 c:/stm32_needs/gcc-arm-none-eabi/bin/../lib/gcc/arm-none-eabi/10.3.1/../../../../arm-none-eabi/lib/thumb/v7-m/nofp\libg.a(lib_a-freer.o)
                0x08007e8c                _malloc_trim_r
 .text._free_r  0x08007f2c      0x200 c:/stm32_needs/gcc-arm-none-eabi/bin/../lib/gcc/arm-none-eabi/10.3.1/../../../../arm-none-eabi/lib/thumb/v7-m/nofp\libg.a(lib_a-freer.o)
                0x08007f2c                _free_r
 .text._fwalk_reent
                0x0800812c       0x48 c:/stm32_needs/gcc-arm-none-eabi/bin/../lib/gcc/arm-none-eabi/10.3.1/../../../../arm-none-eabi/lib/thumb/v7-m/nofp\libg.a(lib_a-fwalk.o)
                0x0800812c                _fwalk_reent
 .text.__retarget_lock_init_recursive
                0x08008174        0x4 c:/stm32_needs/gcc-arm-none-eabi/bin/../lib/gcc/arm-none-eabi/10.3.1/../../../../arm-none-eabi/lib/thumb/v7-m/nofp\libg.a(lib_a-lock.o)
                0x08008174                __retarget_lock_init_recursive
 .text.__retarget_lock_close_recursive
                0x08008178        0x4 c:/stm32_needs/gcc-arm-none-eabi/bin/../lib/gcc/arm-none-eabi/10.3.1/../../../../arm-none-eabi/lib/thumb/v7-m/nofp\libg.a(lib_a-lock.o)
                0x08008178                __retarget_lock_close_recursive
 .text.__retarget_lock_acquire_recursive
                0x0800817c        0x4 c:/stm32_needs/gcc-arm-none-eabi/bin/../lib/gcc/arm-none-eabi/10.3.1/../../../../arm-none-eabi/lib/thumb/v7-m/nofp\libg.a(lib_a-lock.o)
                0x0800817c                __retarget_lock_acquire_recursive
 .text.__retarget_lock_release_recursive
                0x08008180        0x4 c:/stm32_needs/gcc-arm-none-eabi/bin/../lib/gcc/arm-none-eabi/10.3.1/../../../../arm-none-eabi/lib/thumb/v7-m/nofp\libg.a(lib_a-lock.o)
                0x08008180                __retarget_lock_release_recursive
 .text.__swhatbuf_r
                0x08008184       0x60 c:/stm32_needs/gcc-arm-none-eabi/bin/../lib/gcc/arm-none-eabi/10.3.1/../../../../arm-none-eabi/lib/thumb/v7-m/nofp\libg.a(lib_a-makebuf.o)
                0x08008184                __swhatbuf_r
 .text.malloc   0x080081e4       0x10 c:/stm32_needs/gcc-arm-none-eabi/bin/../lib/gcc/arm-none-eabi/10.3.1/../../../../arm-none-eabi/lib/thumb/v7-m/nofp\libg.a(lib_a-malloc.o)
                0x080081e4                malloc
 .text._malloc_r
                0x080081f4      0x558 c:/stm32_needs/gcc-arm-none-eabi/bin/../lib/gcc/arm-none-eabi/10.3.1/../../../../arm-none-eabi/lib/thumb/v7-m/nofp\libg.a(lib_a-mallocr.o)
                0x080081f4                _malloc_r
 .text.__malloc_lock
                0x0800874c        0xc c:/stm32_needs/gcc-arm-none-eabi/bin/../lib/gcc/arm-none-eabi/10.3.1/../../../../arm-none-eabi/lib/thumb/v7-m/nofp\libg.a(lib_a-mlock.o)
                0x0800874c                __malloc_lock
 .text.__malloc_unlock
                0x08008758        0xc c:/stm32_needs/gcc-arm-none-eabi/bin/../lib/gcc/arm-none-eabi/10.3.1/../../../../arm-none-eabi/lib/thumb/v7-m/nofp\libg.a(lib_a-mlock.o)
                0x08008758                __malloc_unlock
 .text._sbrk_r  0x08008764       0x24 c:/stm32_needs/gcc-arm-none-eabi/bin/../lib/gcc/arm-none-eabi/10.3.1/../../../../arm-none-eabi/lib/thumb/v7-m/nofp\libg.a(lib_a-sbrkr.o)
                0x08008764                _sbrk_r
 .text.__sread  0x08008788       0x24 c:/stm32_needs/gcc-arm-none-eabi/bin/../lib/gcc/arm-none-eabi/10.3.1/../../../../arm-none-eabi/lib/thumb/v7-m/nofp\libg.a(lib_a-stdio.o)
                0x08008788                __sread
 .text.__swrite
                0x080087ac       0x40 c:/stm32_needs/gcc-arm-none-eabi/bin/../lib/gcc/arm-none-eabi/10.3.1/../../../../arm-none-eabi/lib/thumb/v7-m/nofp\libg.a(lib_a-stdio.o)
                0x080087ac                __swrite
 .text.__sseek  0x080087ec       0x20 c:/stm32_needs/gcc-arm-none-eabi/bin/../lib/gcc/arm-none-eabi/10.3.1/../../../../arm-none-eabi/lib/thumb/v7-m/nofp\libg.a(lib_a-stdio.o)
                0x080087ec                __sseek
 .text.__sclose
                0x0800880c        0x8 c:/stm32_needs/gcc-arm-none-eabi/bin/../lib/gcc/arm-none-eabi/10.3.1/../../../../arm-none-eabi/lib/thumb/v7-m/nofp\libg.a(lib_a-stdio.o)
                0x0800880c                __sclose
 .text._write_r
                0x08008814       0x2c c:/stm32_needs/gcc-arm-none-eabi/bin/../lib/gcc/arm-none-eabi/10.3.1/../../../../arm-none-eabi/lib/thumb/v7-m/nofp\libg.a(lib_a-writer.o)
                0x08008814                _write_r
 .text.__register_exitproc
                0x08008840       0x8c c:/stm32_needs/gcc-arm-none-eabi/bin/../lib/gcc/arm-none-eabi/10.3.1/../../../../arm-none-eabi/lib/thumb/v7-m/nofp\libg.a(lib_a-__atexit.o)
                0x08008840                __register_exitproc
 .text._close_r
                0x080088cc       0x24 c:/stm32_needs/gcc-arm-none-eabi/bin/../lib/gcc/arm-none-eabi/10.3.1/../../../../arm-none-eabi/lib/thumb/v7-m/nofp\libg.a(lib_a-closer.o)
                0x080088cc                _close_r
 .text._fclose_r
                0x080088f0       0xcc c:/stm32_needs/gcc-arm-none-eabi/bin/../lib/gcc/arm-none-eabi/10.3.1/../../../../arm-none-eabi/lib/thumb/v7-m/nofp\libg.a(lib_a-fclose.o)
                0x080088f0                _fclose_r
 .text._fstat_r
                0x080089bc       0x28 c:/stm32_needs/gcc-arm-none-eabi/bin/../lib/gcc/arm-none-eabi/10.3.1/../../../../arm-none-eabi/lib/thumb/v7-m/nofp\libg.a(lib_a-fstatr.o)
                0x080089bc                _fstat_r
 .text._lseek_r
                0x080089e4       0x2c c:/stm32_needs/gcc-arm-none-eabi/bin/../lib/gcc/arm-none-eabi/10.3.1/../../../../arm-none-eabi/lib/thumb/v7-m/nofp\libg.a(lib_a-lseekr.o)
                0x080089e4                _lseek_r
 .text._read_r  0x08008a10       0x2c c:/stm32_needs/gcc-arm-none-eabi/bin/../lib/gcc/arm-none-eabi/10.3.1/../../../../arm-none-eabi/lib/thumb/v7-m/nofp\libg.a(lib_a-readr.o)
                0x08008a10                _read_r
 *(.glue_7)
 .glue_7        0x08008a3c        0x0 linker stubs
 *(.glue_7t)
 .glue_7t       0x08008a3c        0x0 linker stubs
 *(.eh_frame)
 .eh_frame      0x08008a3c        0x0 c:/stm32_needs/gcc-arm-none-eabi/bin/../lib/gcc/arm-none-eabi/10.3.1/thumb/v7-m/nofp/crtbegin.o
 *(.init)
 .init          0x08008a3c        0x4 c:/stm32_needs/gcc-arm-none-eabi/bin/../lib/gcc/arm-none-eabi/10.3.1/thumb/v7-m/nofp/crti.o
                0x08008a3c                _init
 .init          0x08008a40        0x8 c:/stm32_needs/gcc-arm-none-eabi/bin/../lib/gcc/arm-none-eabi/10.3.1/thumb/v7-m/nofp/crtn.o
 *(.fini)
 .fini          0x08008a48        0x4 c:/stm32_needs/gcc-arm-none-eabi/bin/../lib/gcc/arm-none-eabi/10.3.1/thumb/v7-m/nofp/crti.o
                0x08008a48                _fini
 .fini          0x08008a4c        0x8 c:/stm32_needs/gcc-arm-none-eabi/bin/../lib/gcc/arm-none-eabi/10.3.1/thumb/v7-m/nofp/crtn.o
                0x08008a54                . = ALIGN (0x4)
                0x08008a54                _etext = .

.vfp11_veneer   0x08008a54        0x0
 .vfp11_veneer  0x08008a54        0x0 linker stubs

.v4_bx          0x08008a54        0x0
 .v4_bx         0x08008a54        0x0 linker stubs

.iplt           0x08008a54        0x0
 .iplt          0x08008a54        0x0 c:/stm32_needs/gcc-arm-none-eabi/bin/../lib/gcc/arm-none-eabi/10.3.1/thumb/v7-m/nofp/crtbegin.o

.rodata         0x08008a54       0xd8
                0x08008a54                . = ALIGN (0x4)
 *(.rodata)
 *(.rodata*)
 .rodata.AHBPrescTable
                0x08008a54       0x10 CMakeFiles/Bootloader.elf.dir/Core/Src/system_stm32f1xx.c.obj
                0x08008a54                AHBPrescTable
 .rodata.APBPrescTable
                0x08008a64        0x8 CMakeFiles/Bootloader.elf.dir/Core/Src/system_stm32f1xx.c.obj
                0x08008a64                APBPrescTable
 .rodata.aPLLMULFactorTable.1
                0x08008a6c       0x10 CMakeFiles/Bootloader.elf.dir/Drivers/STM32F1xx_HAL_Driver/Src/stm32f1xx_hal_rcc.c.obj
 .rodata.aPredivFactorTable.0
                0x08008a7c        0x2 CMakeFiles/Bootloader.elf.dir/Drivers/STM32F1xx_HAL_Driver/Src/stm32f1xx_hal_rcc.c.obj
 *fill*         0x08008a7e        0x2 
 .rodata.aPLLMULFactorTable.1
                0x08008a80       0x10 CMakeFiles/Bootloader.elf.dir/Drivers/STM32F1xx_HAL_Driver/Src/stm32f1xx_hal_rcc_ex.c.obj
 .rodata.aPredivFactorTable.0
                0x08008a90        0x2 CMakeFiles/Bootloader.elf.dir/Drivers/STM32F1xx_HAL_Driver/Src/stm32f1xx_hal_rcc_ex.c.obj
 *fill*         0x08008a92        0x2 
 .rodata.MSC_Mode_Sense10_data
                0x08008a94        0x8 CMakeFiles/Bootloader.elf.dir/Middlewares/ST/STM32_USB_Device_Library/Class/MSC/Src/usbd_msc_data.c.obj
                0x08008a94                MSC_Mode_Sense10_data
 .rodata.MSC_Mode_Sense6_data
                0x08008a9c        0x8 CMakeFiles/Bootloader.elf.dir/Middlewares/ST/STM32_USB_Device_Library/Class/MSC/Src/usbd_msc_data.c.obj
                0x08008a9c                MSC_Mode_Sense6_data
 .rodata.MSC_Page00_Inquiry_Data
                0x08008aa4        0x7 CMakeFiles/Bootloader.elf.dir/Middlewares/ST/STM32_USB_Device_Library/Class/MSC/Src/usbd_msc_data.c.obj
                0x08008aa4                MSC_Page00_Inquiry_Data
 *fill*         0x08008aab        0x1 
 .rodata.SD_Driver
                0x08008aac       0x14 CMakeFiles/Bootloader.elf.dir/Middlewares/Third_Party/FatFs/src/drivers/sd_diskio.c.obj
                0x08008aac                SD_Driver
 .rodata.USBD_FS_ProductStrDescriptor.str1.4
                0x08008ac0       0x13 CMakeFiles/Bootloader.elf.dir/USB_DEVICE/App/usbd_desc.c.obj
 *fill*         0x08008ad3        0x1 
 .rodata.USBD_FS_ManufacturerStrDescriptor.str1.4
                0x08008ad4       0x13 CMakeFiles/Bootloader.elf.dir/USB_DEVICE/App/usbd_desc.c.obj
 *fill*         0x08008ae7        0x1 
 .rodata.USBD_FS_ConfigStrDescriptor.str1.4
                0x08008ae8        0xb CMakeFiles/Bootloader.elf.dir/USB_DEVICE/App/usbd_desc.c.obj
 *fill*         0x08008af3        0x1 
 .rodata.USBD_FS_InterfaceStrDescriptor.str1.4
                0x08008af4        0xe CMakeFiles/Bootloader.elf.dir/USB_DEVICE/App/usbd_desc.c.obj
 *fill*         0x08008b02        0x2 
 .rodata.STORAGE_Inquirydata_FS
                0x08008b04       0x24 CMakeFiles/Bootloader.elf.dir/USB_DEVICE/App/usbd_storage_if.c.obj
                0x08008b04                STORAGE_Inquirydata_FS
 .rodata._global_impure_ptr
                0x08008b28        0x4 c:/stm32_needs/gcc-arm-none-eabi/bin/../lib/gcc/arm-none-eabi/10.3.1/../../../../arm-none-eabi/lib/thumb/v7-m/nofp\libg.a(lib_a-impure.o)
                0x08008b28                _global_impure_ptr
                0x08008b2c                . = ALIGN (0x4)

.rel.dyn        0x08008b2c        0x0
 .rel.iplt      0x08008b2c        0x0 c:/stm32_needs/gcc-arm-none-eabi/bin/../lib/gcc/arm-none-eabi/10.3.1/thumb/v7-m/nofp/crtbegin.o

.ARM.extab      0x08008b2c        0x0
                0x08008b2c                . = ALIGN (0x4)
 *(.ARM.extab* .gnu.linkonce.armextab.*)
                0x08008b2c                . = ALIGN (0x4)

.ARM            0x08008b2c        0x0
                0x08008b2c                . = ALIGN (0x4)
                0x08008b2c                __exidx_start = .
 *(.ARM.exidx*)
                0x08008b2c                __exidx_end = .
                0x08008b2c                . = ALIGN (0x4)

.preinit_array  0x08008b2c        0x0
                0x08008b2c                . = ALIGN (0x4)
                0x08008b2c                PROVIDE (__preinit_array_start = .)
 *(.preinit_array*)
                0x08008b2c                PROVIDE (__preinit_array_end = .)
                0x08008b2c                . = ALIGN (0x4)

.init_array     0x08008b2c        0x8
                0x08008b2c                . = ALIGN (0x4)
                0x08008b2c                PROVIDE (__init_array_start = .)
 *(SORT_BY_NAME(.init_array.*))
 .init_array.00000
                0x08008b2c        0x4 c:/stm32_needs/gcc-arm-none-eabi/bin/../lib/gcc/arm-none-eabi/10.3.1/../../../../arm-none-eabi/lib/thumb/v7-m/nofp\libg.a(lib_a-__call_atexit.o)
 *(.init_array*)
 .init_array    0x08008b30        0x4 c:/stm32_needs/gcc-arm-none-eabi/bin/../lib/gcc/arm-none-eabi/10.3.1/thumb/v7-m/nofp/crtbegin.o
                0x08008b34                PROVIDE (__init_array_end = .)
                0x08008b34                . = ALIGN (0x4)

.fini_array     0x08008b34        0x4
                0x08008b34                . = ALIGN (0x4)
                0x08008b34                PROVIDE (__fini_array_start = .)
 *(SORT_BY_NAME(.fini_array.*))
 *(.fini_array*)
 .fini_array    0x08008b34        0x4 c:/stm32_needs/gcc-arm-none-eabi/bin/../lib/gcc/arm-none-eabi/10.3.1/thumb/v7-m/nofp/crtbegin.o
                0x08008b38                PROVIDE (__fini_array_end = .)
                0x08008b38                . = ALIGN (0x4)
                0x08008b38                _sidata = LOADADDR (.data)

.data           0x20000000      0x964 load address 0x08008b38
                0x20000000                . = ALIGN (0x4)
                0x20000000                _sdata = .
 *(.data)
 *(.data*)
 .data.SystemCoreClock
                0x20000000        0x4 CMakeFiles/Bootloader.elf.dir/Core/Src/system_stm32f1xx.c.obj
                0x20000000                SystemCoreClock
 .data.uwTickFreq
                0x20000004        0x1 CMakeFiles/Bootloader.elf.dir/Drivers/STM32F1xx_HAL_Driver/Src/stm32f1xx_hal.c.obj
                0x20000004                uwTickFreq
 *fill*         0x20000005        0x3 
 .data.uwTickPrio
                0x20000008        0x4 CMakeFiles/Bootloader.elf.dir/Drivers/STM32F1xx_HAL_Driver/Src/stm32f1xx_hal.c.obj
                0x20000008                uwTickPrio
 .data.USBD_MSC
                0x2000000c       0x38 CMakeFiles/Bootloader.elf.dir/Middlewares/ST/STM32_USB_Device_Library/Class/MSC/Src/usbd_msc.c.obj
                0x2000000c                USBD_MSC
 .data.USBD_MSC_CfgFSDesc
                0x20000044       0x20 CMakeFiles/Bootloader.elf.dir/Middlewares/ST/STM32_USB_Device_Library/Class/MSC/Src/usbd_msc.c.obj
                0x20000044                USBD_MSC_CfgFSDesc
 .data.USBD_MSC_CfgHSDesc
                0x20000064       0x20 CMakeFiles/Bootloader.elf.dir/Middlewares/ST/STM32_USB_Device_Library/Class/MSC/Src/usbd_msc.c.obj
                0x20000064                USBD_MSC_CfgHSDesc
 .data.USBD_MSC_DeviceQualifierDesc
                0x20000084        0xa CMakeFiles/Bootloader.elf.dir/Middlewares/ST/STM32_USB_Device_Library/Class/MSC/Src/usbd_msc.c.obj
                0x20000084                USBD_MSC_DeviceQualifierDesc
 *fill*         0x2000008e        0x2 
 .data.USBD_MSC_OtherSpeedCfgDesc
                0x20000090       0x20 CMakeFiles/Bootloader.elf.dir/Middlewares/ST/STM32_USB_Device_Library/Class/MSC/Src/usbd_msc.c.obj
                0x20000090                USBD_MSC_OtherSpeedCfgDesc
 .data.Stat     0x200000b0        0x1 CMakeFiles/Bootloader.elf.dir/Middlewares/Third_Party/FatFs/src/drivers/sd_diskio.c.obj
 *fill*         0x200000b1        0x3 
 .data.FS_Desc  0x200000b4       0x1c CMakeFiles/Bootloader.elf.dir/USB_DEVICE/App/usbd_desc.c.obj
                0x200000b4                FS_Desc
 .data.USBD_FS_DeviceDesc
                0x200000d0       0x12 CMakeFiles/Bootloader.elf.dir/USB_DEVICE/App/usbd_desc.c.obj
                0x200000d0                USBD_FS_DeviceDesc
 *fill*         0x200000e2        0x2 
 .data.USBD_LangIDDesc
                0x200000e4        0x4 CMakeFiles/Bootloader.elf.dir/USB_DEVICE/App/usbd_desc.c.obj
                0x200000e4                USBD_LangIDDesc
 .data.USBD_StringSerial
                0x200000e8       0x1a CMakeFiles/Bootloader.elf.dir/USB_DEVICE/App/usbd_desc.c.obj
                0x200000e8                USBD_StringSerial
 *fill*         0x20000102        0x2 
 .data.USBD_Storage_Interface_fops_FS
                0x20000104       0x20 CMakeFiles/Bootloader.elf.dir/USB_DEVICE/App/usbd_storage_if.c.obj
                0x20000104                USBD_Storage_Interface_fops_FS
 .data._impure_ptr
                0x20000124        0x4 c:/stm32_needs/gcc-arm-none-eabi/bin/../lib/gcc/arm-none-eabi/10.3.1/../../../../arm-none-eabi/lib/thumb/v7-m/nofp\libg.a(lib_a-impure.o)
                0x20000124                _impure_ptr
 .data.impure_data
                0x20000128      0x428 c:/stm32_needs/gcc-arm-none-eabi/bin/../lib/gcc/arm-none-eabi/10.3.1/../../../../arm-none-eabi/lib/thumb/v7-m/nofp\libg.a(lib_a-impure.o)
 .data.__atexit_recursive_mutex
                0x20000550        0x4 c:/stm32_needs/gcc-arm-none-eabi/bin/../lib/gcc/arm-none-eabi/10.3.1/../../../../arm-none-eabi/lib/thumb/v7-m/nofp\libg.a(lib_a-__call_atexit.o)
                0x20000550                __atexit_recursive_mutex
 .data.__malloc_av_
                0x20000554      0x408 c:/stm32_needs/gcc-arm-none-eabi/bin/../lib/gcc/arm-none-eabi/10.3.1/../../../../arm-none-eabi/lib/thumb/v7-m/nofp\libg.a(lib_a-mallocr.o)
                0x20000554                __malloc_av_
 .data.__malloc_sbrk_base
                0x2000095c        0x4 c:/stm32_needs/gcc-arm-none-eabi/bin/../lib/gcc/arm-none-eabi/10.3.1/../../../../arm-none-eabi/lib/thumb/v7-m/nofp\libg.a(lib_a-mallocr.o)
                0x2000095c                __malloc_sbrk_base
 .data.__malloc_trim_threshold
                0x20000960        0x4 c:/stm32_needs/gcc-arm-none-eabi/bin/../lib/gcc/arm-none-eabi/10.3.1/../../../../arm-none-eabi/lib/thumb/v7-m/nofp\libg.a(lib_a-mallocr.o)
                0x20000960                __malloc_trim_threshold
 *(.RamFunc)
 *(.RamFunc*)
                0x20000964                . = ALIGN (0x4)
                0x20000964                _edata = .

.igot.plt       0x20000964        0x0 load address 0x0800949c
 .igot.plt      0x20000964        0x0 c:/stm32_needs/gcc-arm-none-eabi/bin/../lib/gcc/arm-none-eabi/10.3.1/thumb/v7-m/nofp/crtbegin.o
                0x20000964                . = ALIGN (0x4)

.bss            0x20000964      0xcb0 load address 0x0800949c
                0x20000964                _sbss = .
                0x20000964                __bss_start__ = _sbss
 *(.bss)
 .bss           0x20000964       0x1c c:/stm32_needs/gcc-arm-none-eabi/bin/../lib/gcc/arm-none-eabi/10.3.1/thumb/v7-m/nofp/crtbegin.o
 *(.bss*)
 .bss.FSMC_Initialized
                0x20000980        0x4 CMakeFiles/Bootloader.elf.dir/Core/Src/fsmc.c.obj
 .bss.hsram1    0x20000984       0x48 CMakeFiles/Bootloader.elf.dir/Core/Src/fsmc.c.obj
                0x20000984                hsram1
 .bss.xLCD      0x200009cc        0xa CMakeFiles/Bootloader.elf.dir/Core/Src/ili9341.c.obj
                0x200009cc                xLCD
 *fill*         0x200009d6        0x2 
 .bss.gHuart    0x200009d8        0x4 CMakeFiles/Bootloader.elf.dir/Core/Src/retarget.c.obj
                0x200009d8                gHuart
 .bss.hrtc      0x200009dc       0x14 CMakeFiles/Bootloader.elf.dir/Core/Src/rtc.c.obj
                0x200009dc                hrtc
 .bss.hsd       0x200009f0       0x84 CMakeFiles/Bootloader.elf.dir/Core/Src/sdio.c.obj
                0x200009f0                hsd
 .bss.__sbrk_heap_end
                0x20000a74        0x4 CMakeFiles/Bootloader.elf.dir/Core/Src/sysmem.c.obj
 .bss.hdma_usart1_rx
                0x20000a78       0x44 CMakeFiles/Bootloader.elf.dir/Core/Src/usart.c.obj
                0x20000a78                hdma_usart1_rx
 .bss.hdma_usart3_rx
                0x20000abc       0x44 CMakeFiles/Bootloader.elf.dir/Core/Src/usart.c.obj
                0x20000abc                hdma_usart3_rx
 .bss.huart1    0x20000b00       0x48 CMakeFiles/Bootloader.elf.dir/Core/Src/usart.c.obj
                0x20000b00                huart1
 .bss.huart3    0x20000b48       0x48 CMakeFiles/Bootloader.elf.dir/Core/Src/usart.c.obj
                0x20000b48                huart3
 .bss.uwTick    0x20000b90        0x4 CMakeFiles/Bootloader.elf.dir/Drivers/STM32F1xx_HAL_Driver/Src/stm32f1xx_hal.c.obj
                0x20000b90                uwTick
 .bss.SDPath    0x20000b94        0x4 CMakeFiles/Bootloader.elf.dir/FATFS/App/fatfs.c.obj
                0x20000b94                SDPath
 .bss.retSD     0x20000b98        0x1 CMakeFiles/Bootloader.elf.dir/FATFS/App/fatfs.c.obj
                0x20000b98                retSD
 .bss.cfgidx.0  0x20000b99        0x1 CMakeFiles/Bootloader.elf.dir/Middlewares/ST/STM32_USB_Device_Library/Core/Src/usbd_ctlreq.c.obj
 *fill*         0x20000b9a        0x2 
 .bss.disk      0x20000b9c        0xc CMakeFiles/Bootloader.elf.dir/Middlewares/Third_Party/FatFs/src/ff_gen_drv.c.obj
                0x20000b9c                disk
 .bss.hUsbDeviceFS
                0x20000ba8      0x2c4 CMakeFiles/Bootloader.elf.dir/USB_DEVICE/App/usb_device.c.obj
                0x20000ba8                hUsbDeviceFS
 .bss.USBD_StrDesc
                0x20000e6c      0x200 CMakeFiles/Bootloader.elf.dir/USB_DEVICE/App/usbd_desc.c.obj
                0x20000e6c                USBD_StrDesc
 .bss.hpcd_USB_FS
                0x2000106c      0x2f0 CMakeFiles/Bootloader.elf.dir/USB_DEVICE/Target/usbd_conf.c.obj
                0x2000106c                hpcd_USB_FS
 .bss.mem.0     0x2000135c      0x270 CMakeFiles/Bootloader.elf.dir/USB_DEVICE/Target/usbd_conf.c.obj
 .bss.__lock___atexit_recursive_mutex