Archive member included to satisfy reference by file (symbol)

C:/STM32_needs/gcc-arm-none-eabi/bin/../lib/gcc/arm-none-eabi/13.2.1/thumb/v7-m/nofp\libg.a(libc_a-exit.o)
                              C:/STM32_needs/gcc-arm-none-eabi/bin/../lib/gcc/arm-none-eabi/13.2.1/thumb/v7-m/nofp/crt0.o (exit)
C:/STM32_needs/gcc-arm-none-eabi/bin/../lib/gcc/arm-none-eabi/13.2.1/thumb/v7-m/nofp\libg.a(libc_a-findfp.o)
                              C:/STM32_needs/gcc-arm-none-eabi/bin/../lib/gcc/arm-none-eabi/13.2.1/thumb/v7-m/nofp\libg.a(libc_a-exit.o) (__stdio_exit_handler)
C:/STM32_needs/gcc-arm-none-eabi/bin/../lib/gcc/arm-none-eabi/13.2.1/thumb/v7-m/nofp\libg.a(libc_a-fwalk.o)
                              C:/STM32_needs/gcc-arm-none-eabi/bin/../lib/gcc/arm-none-eabi/13.2.1/thumb/v7-m/nofp\libg.a(libc_a-findfp.o) (_fwalk_sglue)
C:/STM32_needs/gcc-arm-none-eabi/bin/../lib/gcc/arm-none-eabi/13.2.1/thumb/v7-m/nofp\libg.a(libc_a-setvbuf.o)
                              CMakeFiles/Bootloader.elf.dir/Core/Src/retarget.c.obj (setvbuf)
C:/STM32_needs/gcc-arm-none-eabi/bin/../lib/gcc/arm-none-eabi/13.2.1/thumb/v7-m/nofp\libg.a(libc_a-stdio.o)
                              C:/STM32_needs/gcc-arm-none-eabi/bin/../lib/gcc/arm-none-eabi/13.2.1/thumb/v7-m/nofp\libg.a(libc_a-findfp.o) (__sread)
C:/STM32_needs/gcc-arm-none-eabi/bin/../lib/gcc/arm-none-eabi/13.2.1/thumb/v7-m/nofp\libg.a(libc_a-memset.o)
                              C:/STM32_needs/gcc-arm-none-eabi/bin/../lib/gcc/arm-none-eabi/13.2.1/thumb/v7-m/nofp/crt0.o (memset)
C:/STM32_needs/gcc-arm-none-eabi/bin/../lib/gcc/arm-none-eabi/13.2.1/thumb/v7-m/nofp\libg.a(libc_a-closer.o)
                              C:/STM32_needs/gcc-arm-none-eabi/bin/../lib/gcc/arm-none-eabi/13.2.1/thumb/v7-m/nofp\libg.a(libc_a-stdio.o) (_close_r)
C:/STM32_needs/gcc-arm-none-eabi/bin/../lib/gcc/arm-none-eabi/13.2.1/thumb/v7-m/nofp\libg.a(libc_a-reent.o)
                              C:/STM32_needs/gcc-arm-none-eabi/bin/../lib/gcc/arm-none-eabi/13.2.1/thumb/v7-m/nofp\libg.a(libc_a-closer.o) (errno)
C:/STM32_needs/gcc-arm-none-eabi/bin/../lib/gcc/arm-none-eabi/13.2.1/thumb/v7-m/nofp\libg.a(libc_a-impure.o)
                              CMakeFiles/Bootloader.elf.dir/Core/Src/retarget.c.obj (_impure_ptr)
C:/STM32_needs/gcc-arm-none-eabi/bin/../lib/gcc/arm-none-eabi/13.2.1/thumb/v7-m/nofp\libg.a(libc_a-lseekr.o)
                              C:/STM32_needs/gcc-arm-none-eabi/bin/../lib/gcc/arm-none-eabi/13.2.1/thumb/v7-m/nofp\libg.a(libc_a-stdio.o) (_lseek_r)
C:/STM32_needs/gcc-arm-none-eabi/bin/../lib/gcc/arm-none-eabi/13.2.1/thumb/v7-m/nofp\libg.a(libc_a-readr.o)
                              C:/STM32_needs/gcc-arm-none-eabi/bin/../lib/gcc/arm-none-eabi/13.2.1/thumb/v7-m/nofp\libg.a(libc_a-stdio.o) (_read_r)
C:/STM32_needs/gcc-arm-none-eabi/bin/../lib/gcc/arm-none-eabi/13.2.1/thumb/v7-m/nofp\libg.a(libc_a-writer.o)
                              C:/STM32_needs/gcc-arm-none-eabi/bin/../lib/gcc/arm-none-eabi/13.2.1/thumb/v7-m/nofp\libg.a(libc_a-stdio.o) (_write_r)
C:/STM32_needs/gcc-arm-none-eabi/bin/../lib/gcc/arm-none-eabi/13.2.1/thumb/v7-m/nofp\libg.a(libc_a-errno.o)
                              CMakeFiles/Bootloader.elf.dir/Core/Src/retarget.c.obj (__errno)
C:/STM32_needs/gcc-arm-none-eabi/bin/../lib/gcc/arm-none-eabi/13.2.1/thumb/v7-m/nofp\libg.a(libc_a-init.o)
                              C:/STM32_needs/gcc-arm-none-eabi/bin/../lib/gcc/arm-none-eabi/13.2.1/thumb/v7-m/nofp/crt0.o (__libc_init_array)
C:/STM32_needs/gcc-arm-none-eabi/bin/../lib/gcc/arm-none-eabi/13.2.1/thumb/v7-m/nofp\libg.a(libc_a-lock.o)
                              C:/STM32_needs/gcc-arm-none-eabi/bin/../lib/gcc/arm-none-eabi/13.2.1/thumb/v7-m/nofp\libg.a(libc_a-findfp.o) (__retarget_lock_init_recursive)
C:/STM32_needs/gcc-arm-none-eabi/bin/../lib/gcc/arm-none-eabi/13.2.1/thumb/v7-m/nofp\libg.a(libc_a-__call_atexit.o)
                              C:/STM32_needs/gcc-arm-none-eabi/bin/../lib/gcc/arm-none-eabi/13.2.1/thumb/v7-m/nofp\libg.a(libc_a-exit.o) (__call_exitprocs)
C:/STM32_needs/gcc-arm-none-eabi/bin/../lib/gcc/arm-none-eabi/13.2.1/thumb/v7-m/nofp\libg.a(libc_a-atexit.o)
                              C:/STM32_needs/gcc-arm-none-eabi/bin/../lib/gcc/arm-none-eabi/13.2.1/thumb/v7-m/nofp\libg.a(libc_a-__call_atexit.o) (atexit)
C:/STM32_needs/gcc-arm-none-eabi/bin/../lib/gcc/arm-none-eabi/13.2.1/thumb/v7-m/nofp\libg.a(libc_a-freer.o)
                              C:/STM32_needs/gcc-arm-none-eabi/bin/../lib/gcc/arm-none-eabi/13.2.1/thumb/v7-m/nofp\libg.a(libc_a-setvbuf.o) (_free_r)
C:/STM32_needs/gcc-arm-none-eabi/bin/../lib/gcc/arm-none-eabi/13.2.1/thumb/v7-m/nofp\libg.a(libc_a-malloc.o)
                              C:/STM32_needs/gcc-arm-none-eabi/bin/../lib/gcc/arm-none-eabi/13.2.1/thumb/v7-m/nofp\libg.a(libc_a-setvbuf.o) (malloc)
C:/STM32_needs/gcc-arm-none-eabi/bin/../lib/gcc/arm-none-eabi/13.2.1/thumb/v7-m/nofp\libg.a(libc_a-mallocr.o)
[...]
Memory Configuration

Name             Origin             Length             Attributes
RAM              0x20000000         0x00010000         xrw
FLASH            0x08000000         0x00080000         xr
*default*        0x00000000         0xffffffff

Linker script and memory map

LOAD C:/STM32_needs/gcc-arm-none-eabi/bin/../lib/gcc/arm-none-eabi/13.2.1/thumb/v7-m/nofp/crti.o
LOAD C:/STM32_needs/gcc-arm-none-eabi/bin/../lib/gcc/arm-none-eabi/13.2.1/thumb/v7-m/nofp/crtbegin.o
LOAD C:/STM32_needs/gcc-arm-none-eabi/bin/../lib/gcc/arm-none-eabi/13.2.1/thumb/v7-m/nofp/crt0.o
LOAD CMakeFiles/Bootloader.elf.dir/Core/Src/dma.c.obj
LOAD CMakeFiles/Bootloader.elf.dir/Core/Src/fsmc.c.obj
LOAD CMakeFiles/Bootloader.elf.dir/Core/Src/gpio.c.obj
LOAD CMakeFiles/Bootloader.elf.dir/Core/Src/ili9341.c.obj
LOAD CMakeFiles/Bootloader.elf.dir/Core/Src/main.c.obj
LOAD CMakeFiles/Bootloader.elf.dir/Core/Src/myInit.c.obj
LOAD CMakeFiles/Bootloader.elf.dir/Core/Src/retarget.c.obj
LOAD CMakeFiles/Bootloader.elf.dir/Core/Src/stm32f1xx_hal_msp.c.obj
LOAD CMakeFiles/Bootloader.elf.dir/Core/Src/stm32f1xx_it.c.obj
LOAD CMakeFiles/Bootloader.elf.dir/Core/Src/syscalls.c.obj
LOAD CMakeFiles/Bootloader.elf.dir/Core/Src/sysmem.c.obj
LOAD CMakeFiles/Bootloader.elf.dir/Core/Src/system_stm32f1xx.c.obj
LOAD CMakeFiles/Bootloader.elf.dir/Core/Src/usart.c.obj
LOAD CMakeFiles/Bootloader.elf.dir/Core/Startup/startup_stm32f103vetx.s.obj
LOAD CMakeFiles/Bootloader.elf.dir/Drivers/STM32F1xx_HAL_Driver/Src/stm32f1xx_hal.c.obj
LOAD CMakeFiles/Bootloader.elf.dir/Drivers/STM32F1xx_HAL_Driver/Src/stm32f1xx_hal_cortex.c.obj
LOAD CMakeFiles/Bootloader.elf.dir/Drivers/STM32F1xx_HAL_Driver/Src/stm32f1xx_hal_dma.c.obj
LOAD CMakeFiles/Bootloader.elf.dir/Drivers/STM32F1xx_HAL_Driver/Src/stm32f1xx_hal_exti.c.obj
LOAD CMakeFiles/Bootloader.elf.dir/Drivers/STM32F1xx_HAL_Driver/Src/stm32f1xx_hal_flash.c.obj
LOAD CMakeFiles/Bootloader.elf.dir/Drivers/STM32F1xx_HAL_Driver/Src/stm32f1xx_hal_flash_ex.c.obj
LOAD CMakeFiles/Bootloader.elf.dir/Drivers/STM32F1xx_HAL_Driver/Src/stm32f1xx_hal_gpio.c.obj
LOAD CMakeFiles/Bootloader.elf.dir/Drivers/STM32F1xx_HAL_Driver/Src/stm32f1xx_hal_gpio_ex.c.obj
LOAD CMakeFiles/Bootloader.elf.dir/Drivers/STM32F1xx_HAL_Driver/Src/stm32f1xx_hal_pwr.c.obj
LOAD CMakeFiles/Bootloader.elf.dir/Drivers/STM32F1xx_HAL_Driver/Src/stm32f1xx_hal_rcc.c.obj
LOAD CMakeFiles/Bootloader.elf.dir/Drivers/STM32F1xx_HAL_Driver/Src/stm32f1xx_hal_rcc_ex.c.obj
LOAD CMakeFiles/Bootloader.elf.dir/Drivers/STM32F1xx_HAL_Driver/Src/stm32f1xx_hal_sram.c.obj
LOAD CMakeFiles/Bootloader.elf.dir/Drivers/STM32F1xx_HAL_Driver/Src/stm32f1xx_hal_tim.c.obj
LOAD CMakeFiles/Bootloader.elf.dir/Drivers/STM32F1xx_HAL_Driver/Src/stm32f1xx_hal_tim_ex.c.obj
LOAD CMakeFiles/Bootloader.elf.dir/Drivers/STM32F1xx_HAL_Driver/Src/stm32f1xx_hal_uart.c.obj
LOAD CMakeFiles/Bootloader.elf.dir/Drivers/STM32F1xx_HAL_Driver/Src/stm32f1xx_ll_fsmc.c.obj
START GROUP
LOAD C:/STM32_needs/gcc-arm-none-eabi/bin/../lib/gcc/arm-none-eabi/13.2.1/thumb/v7-m/nofp\libgcc.a
LOAD C:/STM32_needs/gcc-arm-none-eabi/bin/../lib/gcc/arm-none-eabi/13.2.1/thumb/v7-m/nofp\libg.a
LOAD C:/STM32_needs/gcc-arm-none-eabi/bin/../lib/gcc/arm-none-eabi/13.2.1/thumb/v7-m/nofp\libc.a
END GROUP
LOAD C:/STM32_needs/gcc-arm-none-eabi/bin/../lib/gcc/arm-none-eabi/13.2.1/thumb/v7-m/nofp/crtend.o
LOAD C:/STM32_needs/gcc-arm-none-eabi/bin/../lib/gcc/arm-none-eabi/13.2.1/thumb/v7-m/nofp/crtn.o
                0x20010000                        _estack = (ORIGIN (RAM) + LENGTH (RAM))
                0x00000200                        _Min_Heap_Size = 0x200
                0x00000400                        _Min_Stack_Size = 0x400

.isr_vector     0x08000000      0x1e4
                0x08000000                        . = ALIGN (0x4)
 *(.isr_vector)
 .isr_vector    0x08000000      0x1e4 CMakeFiles/Bootloader.elf.dir/Core/Startup/startup_stm32f103vetx.s.obj
                0x08000000                g_pfnVectors
                0x080001e4                        . = ALIGN (0x4)

.text           0x080001e4     0x32b4
                0x080001e4                        . = ALIGN (0x4)
 *(.text)
 *(.text*)
 .text.deregister_tm_clones
                0x080001e4       0x1c C:/STM32_needs/gcc-arm-none-eabi/bin/../lib/gcc/arm-none-eabi/13.2.1/thumb/v7-m/nofp/crtbegin.o
 .text.register_tm_clones
                0x08000200       0x24 C:/STM32_needs/gcc-arm-none-eabi/bin/../lib/gcc/arm-none-eabi/13.2.1/thumb/v7-m/nofp/crtbegin.o
 .text.__do_global_dtors_aux
                0x08000224       0x28 C:/STM32_needs/gcc-arm-none-eabi/bin/../lib/gcc/arm-none-eabi/13.2.1/thumb/v7-m/nofp/crtbegin.o
 .text.frame_dummy
                0x0800024c       0x24 C:/STM32_needs/gcc-arm-none-eabi/bin/../lib/gcc/arm-none-eabi/13.2.1/thumb/v7-m/nofp/crtbegin.o
 .text.MX_DMA_Init
                0x08000270       0x34 CMakeFiles/Bootloader.elf.dir/Core/Src/dma.c.obj
                0x08000270                MX_DMA_Init
 .text.HAL_FSMC_MspInit
                0x080002a4       0x6c CMakeFiles/Bootloader.elf.dir/Core/Src/fsmc.c.obj
 .text.MX_FSMC_Init
                0x08000310       0x78 CMakeFiles/Bootloader.elf.dir/Core/Src/fsmc.c.obj
                0x08000310                MX_FSMC_Init
 .text.HAL_SRAM_MspInit
                0x08000388        0x8 CMakeFiles/Bootloader.elf.dir/Core/Src/fsmc.c.obj
                0x08000388                HAL_SRAM_MspInit
 .text.MX_GPIO_Init
                0x08000390       0x8c CMakeFiles/Bootloader.elf.dir/Core/Src/gpio.c.obj
                0x08000390                MX_GPIO_Init
 .text.readData
                0x0800041c        0xc CMakeFiles/Bootloader.elf.dir/Core/Src/ili9341.c.obj
                0x0800041c                readData
 .text.LCD_DisplayDir
                0x08000428       0x68 CMakeFiles/Bootloader.elf.dir/Core/Src/ili9341.c.obj
                0x08000428                LCD_DisplayDir
 .text.setCursor
                0x08000490       0x5c CMakeFiles/Bootloader.elf.dir/Core/Src/ili9341.c.obj
                0x08000490                setCursor
 .text.LCD_Fill
                0x080004ec       0x24 CMakeFiles/Bootloader.elf.dir/Core/Src/ili9341.c.obj
                0x080004ec                LCD_Fill
 .text.ILI9341_Init
                0x08000510      0x1f4 CMakeFiles/Bootloader.elf.dir/Core/Src/ili9341.c.obj
                0x08000510                ILI9341_Init
 .text.Error_Handler
                0x08000704        0x4 CMakeFiles/Bootloader.elf.dir/Core/Src/main.c.obj
                0x08000704                Error_Handler
 .text.SystemClock_Config
                0x08000708       0x64 CMakeFiles/Bootloader.elf.dir/Core/Src/main.c.obj
                0x08000708                SystemClock_Config
 .text.main     0x0800076c       0x20 CMakeFiles/Bootloader.elf.dir/Core/Src/main.c.obj
                0x0800076c                main
 .text.myInit   0x0800078c       0x30 CMakeFiles/Bootloader.elf.dir/Core/Src/myInit.c.obj
                0x0800078c                myInit
 .text.RetargetInit
                0x080007bc       0x20 CMakeFiles/Bootloader.elf.dir/Core/Src/retarget.c.obj
                0x080007bc                RetargetInit
 .text._write   0x080007dc       0x34 CMakeFiles/Bootloader.elf.dir/Core/Src/retarget.c.obj
                0x080007dc                _write
 .text._close   0x08000810       0x18 CMakeFiles/Bootloader.elf.dir/Core/Src/retarget.c.obj
                0x08000810                _close
 .text._lseek   0x08000828       0x10 CMakeFiles/Bootloader.elf.dir/Core/Src/retarget.c.obj
                0x08000828                _lseek
 .text._read    0x08000838       0x30 CMakeFiles/Bootloader.elf.dir/Core/Src/retarget.c.obj
                0x08000838                _read
 .text._fstat   0x08000868       0x1a CMakeFiles/Bootloader.elf.dir/Core/Src/retarget.c.obj
                0x08000868                _fstat
 *fill*         0x08000882        0x2 
 .text.HAL_MspInit
                0x08000884       0x44 CMakeFiles/Bootloader.elf.dir/Core/Src/stm32f1xx_hal_msp.c.obj
                0x08000884                HAL_MspInit
 .text.NMI_Handler
                0x080008c8        0x2 CMakeFiles/Bootloader.elf.dir/Core/Src/stm32f1xx_it.c.obj
                0x080008c8                NMI_Handler
 .text.HardFault_Handler
                0x080008ca        0x2 CMakeFiles/Bootloader.elf.dir/Core/Src/stm32f1xx_it.c.obj
                0x080008ca                HardFault_Handler
 .text.MemManage_Handler
                0x080008cc        0x2 CMakeFiles/Bootloader.elf.dir/Core/Src/stm32f1xx_it.c.obj
                0x080008cc                MemManage_Handler
 .text.BusFault_Handler
                0x080008ce        0x2 CMakeFiles/Bootloader.elf.dir/Core/Src/stm32f1xx_it.c.obj
                0x080008ce                BusFault_Handler
 .text.UsageFault_Handler
                0x080008d0        0x2 CMakeFiles/Bootloader.elf.dir/Core/Src/stm32f1xx_it.c.obj
                0x080008d0                UsageFault_Handler
 .text.SVC_Handler
                0x080008d2        0x2 CMakeFiles/Bootloader.elf.dir/Core/Src/stm32f1xx_it.c.obj
                0x080008d2                SVC_Handler
 .text.DebugMon_Handler
                0x080008d4        0x2 CMakeFiles/Bootloader.elf.dir/Core/Src/stm32f1xx_it.c.obj
                0x080008d4                DebugMon_Handler
 .text.PendSV_Handler
                0x080008d6        0x2 CMakeFiles/Bootloader.elf.dir/Core/Src/stm32f1xx_it.c.obj
                0x080008d6                PendSV_Handler
 .text.SysTick_Handler
                0x080008d8        0x8 CMakeFiles/Bootloader.elf.dir/Core/Src/stm32f1xx_it.c.obj
                0x080008d8                SysTick_Handler
 .text.DMA1_Channel5_IRQHandler
                0x080008e0       0x10 CMakeFiles/Bootloader.elf.dir/Core/Src/stm32f1xx_it.c.obj
                0x080008e0                DMA1_Channel5_IRQHandler
 .text.USART1_IRQHandler
                0x080008f0       0x10 CMakeFiles/Bootloader.elf.dir/Core/Src/stm32f1xx_it.c.obj
                0x080008f0                USART1_IRQHandler
 .text._sbrk    0x08000900       0x48 CMakeFiles/Bootloader.elf.dir/Core/Src/sysmem.c.obj
                0x08000900                _sbrk
 .text.SystemInit
                0x08000948        0x2 CMakeFiles/Bootloader.elf.dir/Core/Src/system_stm32f1xx.c.obj
                0x08000948                SystemInit
 *fill*         0x0800094a        0x2 
 .text.MX_USART1_UART_Init
                0x0800094c       0x34 CMakeFiles/Bootloader.elf.dir/Core/Src/usart.c.obj
                0x0800094c                MX_USART1_UART_Init
 .text.HAL_UART_MspInit
                0x08000980       0xbc CMakeFiles/Bootloader.elf.dir/Core/Src/usart.c.obj
                0x08000980                HAL_UART_MspInit
 .text.Reset_Handler
                0x08000a3c       0x48 CMakeFiles/Bootloader.elf.dir/Core/Startup/startup_stm32f103vetx.s.obj
                0x08000a3c                Reset_Handler
 .text.Default_Handler
                0x08000a84        0x2 CMakeFiles/Bootloader.elf.dir/Core/Startup/startup_stm32f103vetx.s.obj
                0x08000a84                RTC_Alarm_IRQHandler
                0x08000a84                EXTI2_IRQHandler
                0x08000a84                TIM8_TRG_COM_IRQHandler
                0x08000a84                TIM8_CC_IRQHandler
                0x08000a84                TIM1_CC_IRQHandler
                0x08000a84                TIM6_IRQHandler
                0x08000a84                PVD_IRQHandler
                0x08000a84                SDIO_IRQHandler
                0x08000a84                EXTI3_IRQHandler
                0x08000a84                EXTI0_IRQHandler
                0x08000a84                I2C2_EV_IRQHandler
                0x08000a84                ADC1_2_IRQHandler
                0x08000a84                SPI1_IRQHandler
                0x08000a84                TAMPER_IRQHandler
                0x08000a84                TIM8_UP_IRQHandler
                0x08000a84                DMA2_Channel2_IRQHandler
                0x08000a84                DMA1_Channel4_IRQHandler
                0x08000a84                USART3_IRQHandler
                0x08000a84                RTC_IRQHandler
                0x08000a84                DMA1_Channel7_IRQHandler
                0x08000a84                CAN1_RX1_IRQHandler
                0x08000a84                UART5_IRQHandler
                0x08000a84                ADC3_IRQHandler
                0x08000a84                TIM4_IRQHandler
                0x08000a84                DMA2_Channel1_IRQHandler
                0x08000a84                I2C1_EV_IRQHandler
                0x08000a84                DMA1_Channel6_IRQHandler
                0x08000a84                UART4_IRQHandler
                0x08000a84                TIM3_IRQHandler
                0x08000a84                RCC_IRQHandler
                0x08000a84                TIM1_TRG_COM_IRQHandler
                0x08000a84                DMA1_Channel1_IRQHandler
                0x08000a84                Default_Handler
                0x08000a84                EXTI15_10_IRQHandler
                0x08000a84                TIM7_IRQHandler
                0x08000a84                TIM5_IRQHandler
                0x08000a84                EXTI9_5_IRQHandler
                0x08000a84                SPI2_IRQHandler
                0x08000a84                EXTI4_IRQHandler
                0x08000a84                USB_LP_CAN1_RX0_IRQHandler
                0x08000a84                USB_HP_CAN1_TX_IRQHandler
                0x08000a84                DMA1_Channel3_IRQHandler
                0x08000a84                FSMC_IRQHandler
                0x08000a84                TIM1_UP_IRQHandler
                0x08000a84                WWDG_IRQHandler
                0x08000a84                TIM2_IRQHandler
                0x08000a84                TIM1_BRK_IRQHandler
                0x08000a84                EXTI1_IRQHandler
                0x08000a84                DMA2_Channel4_5_IRQHandler
                0x08000a84                USART2_IRQHandler
                0x08000a84                I2C2_ER_IRQHandler
                0x08000a84                DMA1_Channel2_IRQHandler
                0x08000a84                TIM8_BRK_IRQHandler
                0x08000a84                CAN1_SCE_IRQHandler
                0x08000a84                FLASH_IRQHandler
                0x08000a84                SPI3_IRQHandler
                0x08000a84                I2C1_ER_IRQHandler
                0x08000a84                USBWakeUp_IRQHandler
                0x08000a84                DMA2_Channel3_IRQHandler
 *fill*         0x08000a86        0x2 
 .text.HAL_InitTick
                0x08000a88       0x4c CMakeFiles/Bootloader.elf.dir/Drivers/STM32F1xx_HAL_Driver/Src/stm32f1xx_hal.c.obj
                0x08000a88                HAL_InitTick
 .text.HAL_Init
                0x08000ad4       0x24 CMakeFiles/Bootloader.elf.dir/Drivers/STM32F1xx_HAL_Driver/Src/stm32f1xx_hal.c.obj
                0x08000ad4                HAL_Init
 .text.HAL_IncTick
                0x08000af8       0x18 CMakeFiles/Bootloader.elf.dir/Drivers/STM32F1xx_HAL_Driver/Src/stm32f1xx_hal.c.obj
                0x08000af8                HAL_IncTick
 .text.HAL_GetTick
                0x08000b10        0xc CMakeFiles/Bootloader.elf.dir/Drivers/STM32F1xx_HAL_Driver/Src/stm32f1xx_hal.c.obj
                0x08000b10                HAL_GetTick
 .text.HAL_Delay
                0x08000b1c       0x28 CMakeFiles/Bootloader.elf.dir/Drivers/STM32F1xx_HAL_Driver/Src/stm32f1xx_hal.c.obj
                0x08000b1c                HAL_Delay
 .text.__NVIC_SetPriority
                0x08000b44       0x28 CMakeFiles/Bootloader.elf.dir/Drivers/STM32F1xx_HAL_Driver/Src/stm32f1xx_hal_cortex.c.obj
 .text.NVIC_EncodePriority
                0x08000b6c       0x3e CMakeFiles/Bootloader.elf.dir/Drivers/STM32F1xx_HAL_Driver/Src/stm32f1xx_hal_cortex.c.obj
 *fill*         0x08000baa        0x2 
 .text.HAL_NVIC_SetPriorityGrouping
                0x08000bac       0x24 CMakeFiles/Bootloader.elf.dir/Drivers/STM32F1xx_HAL_Driver/Src/stm32f1xx_hal_cortex.c.obj
                0x08000bac                HAL_NVIC_SetPriorityGrouping
 .text.HAL_NVIC_SetPriority
                0x08000bd0       0x20 CMakeFiles/Bootloader.elf.dir/Drivers/STM32F1xx_HAL_Driver/Src/stm32f1xx_hal_cortex.c.obj
                0x08000bd0                HAL_NVIC_SetPriority
 .text.HAL_NVIC_EnableIRQ
                0x08000bf0       0x1c CMakeFiles/Bootloader.elf.dir/Drivers/STM32F1xx_HAL_Driver/Src/stm32f1xx_hal_cortex.c.obj
                0x08000bf0                HAL_NVIC_EnableIRQ
 .text.HAL_SYSTICK_Config
                0x08000c0c       0x28 CMakeFiles/Bootloader.elf.dir/Drivers/STM32F1xx_HAL_Driver/Src/stm32f1xx_hal_cortex.c.obj
                0x08000c0c                HAL_SYSTICK_Config
 .text.HAL_DMA_Init
                0x08000c34       0x94 CMakeFiles/Bootloader.elf.dir/Drivers/STM32F1xx_HAL_Driver/Src/stm32f1xx_hal_dma.c.obj
                0x08000c34                HAL_DMA_Init
 .text.HAL_DMA_Abort
                0x08000cc8       0x46 CMakeFiles/Bootloader.elf.dir/Drivers/STM32F1xx_HAL_Driver/Src/stm32f1xx_hal_dma.c.obj
                0x08000cc8                HAL_DMA_Abort
 *fill*         0x08000d0e        0x2 
 .text.HAL_DMA_Abort_IT
                0x08000d10      0x16c CMakeFiles/Bootloader.elf.dir/Drivers/STM32F1xx_HAL_Driver/Src/stm32f1xx_hal_dma.c.obj
                0x08000d10                HAL_DMA_Abort_IT
 .text.HAL_DMA_IRQHandler
                0x08000e7c      0x2ec CMakeFiles/Bootloader.elf.dir/Drivers/STM32F1xx_HAL_Driver/Src/stm32f1xx_hal_dma.c.obj
                0x08000e7c                HAL_DMA_IRQHandler
 .text.HAL_GPIO_Init
                0x08001168      0x238 CMakeFiles/Bootloader.elf.dir/Drivers/STM32F1xx_HAL_Driver/Src/stm32f1xx_hal_gpio.c.obj
                0x08001168                HAL_GPIO_Init
 .text.HAL_GPIO_WritePin
                0x080013a0        0xc CMakeFiles/Bootloader.elf.dir/Drivers/STM32F1xx_HAL_Driver/Src/stm32f1xx_hal_gpio.c.obj
                0x080013a0                HAL_GPIO_WritePin
 .text.RCC_Delay
                0x080013ac       0x2c CMakeFiles/Bootloader.elf.dir/Drivers/STM32F1xx_HAL_Driver/Src/stm32f1xx_hal_rcc.c.obj
 .text.HAL_RCC_OscConfig
                0x080013d8      0x410 CMakeFiles/Bootloader.elf.dir/Drivers/STM32F1xx_HAL_Driver/Src/stm32f1xx_hal_rcc.c.obj
                0x080013d8                HAL_RCC_OscConfig
 .text.HAL_RCC_GetSysClockFreq
                0x080017e8       0x54 CMakeFiles/Bootloader.elf.dir/Drivers/STM32F1xx_HAL_Driver/Src/stm32f1xx_hal_rcc.c.obj
                0x080017e8                HAL_RCC_GetSysClockFreq
 .text.HAL_RCC_ClockConfig
                0x0800183c      0x16c CMakeFiles/Bootloader.elf.dir/Drivers/STM32F1xx_HAL_Driver/Src/stm32f1xx_hal_rcc.c.obj
                0x0800183c                HAL_RCC_ClockConfig
 .text.HAL_RCC_GetHCLKFreq
                0x080019a8        0xc CMakeFiles/Bootloader.elf.dir/Drivers/STM32F1xx_HAL_Driver/Src/stm32f1xx_hal_rcc.c.obj
                0x080019a8                HAL_RCC_GetHCLKFreq
 .text.HAL_RCC_GetPCLK1Freq
                0x080019b4       0x20 CMakeFiles/Bootloader.elf.dir/Drivers/STM32F1xx_HAL_Driver/Src/stm32f1xx_hal_rcc.c.obj
                0x080019b4                HAL_RCC_GetPCLK1Freq
 .text.HAL_RCC_GetPCLK2Freq
                0x080019d4       0x20 CMakeFiles/Bootloader.elf.dir/Drivers/STM32F1xx_HAL_Driver/Src/stm32f1xx_hal_rcc.c.obj
                0x080019d4                HAL_RCC_GetPCLK2Freq
 .text.HAL_SRAM_Init
                0x080019f4       0x64 CMakeFiles/Bootloader.elf.dir/Drivers/STM32F1xx_HAL_Driver/Src/stm32f1xx_hal_sram.c.obj
                0x080019f4                HAL_SRAM_Init
 .text.UART_EndRxTransfer
                0x08001a58       0x5c CMakeFiles/Bootloader.elf.dir/Drivers/STM32F1xx_HAL_Driver/Src/stm32f1xx_hal_uart.c.obj
 .text.UART_Transmit_IT
                0x08001ab4       0x60 CMakeFiles/Bootloader.elf.dir/Drivers/STM32F1xx_HAL_Driver/Src/stm32f1xx_hal_uart.c.obj
 .text.UART_SetConfig
                0x08001b14       0x94 CMakeFiles/Bootloader.elf.dir/Drivers/STM32F1xx_HAL_Driver/Src/stm32f1xx_hal_uart.c.obj
 .text.UART_WaitOnFlagUntilTimeout
                0x08001ba8       0x84 CMakeFiles/Bootloader.elf.dir/Drivers/STM32F1xx_HAL_Driver/Src/stm32f1xx_hal_uart.c.obj
 .text.HAL_UART_Init
                0x08001c2c       0x60 CMakeFiles/Bootloader.elf.dir/Drivers/STM32F1xx_HAL_Driver/Src/stm32f1xx_hal_uart.c.obj
                0x08001c2c                HAL_UART_Init
 .text.HAL_UART_Transmit
                0x08001c8c       0xbe CMakeFiles/Bootloader.elf.dir/Drivers/STM32F1xx_HAL_Driver/Src/stm32f1xx_hal_uart.c.obj
                0x08001c8c                HAL_UART_Transmit
 .text.HAL_UART_Receive
                0x08001d4a       0xca CMakeFiles/Bootloader.elf.dir/Drivers/STM32F1xx_HAL_Driver/Src/stm32f1xx_hal_uart.c.obj
                0x08001d4a                HAL_UART_Receive
 .text.HAL_UART_TxCpltCallback
                0x08001e14        0x2 CMakeFiles/Bootloader.elf.dir/Drivers/STM32F1xx_HAL_Driver/Src/stm32f1xx_hal_uart.c.obj
                0x08001e14                HAL_UART_TxCpltCallback
 .text.UART_EndTransmit_IT
                0x08001e16       0x1a CMakeFiles/Bootloader.elf.dir/Drivers/STM32F1xx_HAL_Driver/Src/stm32f1xx_hal_uart.c.obj
 .text.HAL_UART_RxCpltCallback
                0x08001e30        0x2 CMakeFiles/Bootloader.elf.dir/Drivers/STM32F1xx_HAL_Driver/Src/stm32f1xx_hal_uart.c.obj
                0x08001e30                HAL_UART_RxCpltCallback
 .text.HAL_UART_ErrorCallback
                0x08001e32        0x2 CMakeFiles/Bootloader.elf.dir/Drivers/STM32F1xx_HAL_Driver/Src/stm32f1xx_hal_uart.c.obj
                0x08001e32                HAL_UART_ErrorCallback
 .text.UART_DMAAbortOnError
                0x08001e34       0x10 CMakeFiles/Bootloader.elf.dir/Drivers/STM32F1xx_HAL_Driver/Src/stm32f1xx_hal_uart.c.obj
 .text.HAL_UARTEx_RxEventCallback
                0x08001e44        0x2 CMakeFiles/Bootloader.elf.dir/Drivers/STM32F1xx_HAL_Driver/Src/stm32f1xx_hal_uart.c.obj
                0x08001e44                HAL_UARTEx_RxEventCallback
 .text.UART_Receive_IT
                0x08001e46       0xe6 CMakeFiles/Bootloader.elf.dir/Drivers/STM32F1xx_HAL_Driver/Src/stm32f1xx_hal_uart.c.obj
 .text.HAL_UART_IRQHandler
                0x08001f2c      0x284 CMakeFiles/Bootloader.elf.dir/Drivers/STM32F1xx_HAL_Driver/Src/stm32f1xx_hal_uart.c.obj
                0x08001f2c                HAL_UART_IRQHandler
 .text.FSMC_NORSRAM_Init
                0x080021b0       0x68 CMakeFiles/Bootloader.elf.dir/Drivers/STM32F1xx_HAL_Driver/Src/stm32f1xx_ll_fsmc.c.obj
                0x080021b0                FSMC_NORSRAM_Init
 .text.FSMC_NORSRAM_Timing_Init
                0x08002218       0x50 CMakeFiles/Bootloader.elf.dir/Drivers/STM32F1xx_HAL_Driver/Src/stm32f1xx_ll_fsmc.c.obj
                0x08002218                FSMC_NORSRAM_Timing_Init
 .text.FSMC_NORSRAM_Extended_Timing_Init
                0x08002268       0x44 CMakeFiles/Bootloader.elf.dir/Drivers/STM32F1xx_HAL_Driver/Src/stm32f1xx_ll_fsmc.c.obj
                0x08002268                FSMC_NORSRAM_Extended_Timing_Init
 .text.stdio_exit_handler
                0x080022ac       0x18 C:/STM32_needs/gcc-arm-none-eabi/bin/../lib/gcc/arm-none-eabi/13.2.1/thumb/v7-m/nofp\libg.a(libc_a-findfp.o)
 .text.cleanup_stdio
                0x080022c4       0x40 C:/STM32_needs/gcc-arm-none-eabi/bin/../lib/gcc/arm-none-eabi/13.2.1/thumb/v7-m/nofp\libg.a(libc_a-findfp.o)
 .text.global_stdio_init.part.0
                0x08002304       0xf0 C:/STM32_needs/gcc-arm-none-eabi/bin/../lib/gcc/arm-none-eabi/13.2.1/thumb/v7-m/nofp\libg.a(libc_a-findfp.o)
 .text.__sinit  0x080023f4       0x3c C:/STM32_needs/gcc-arm-none-eabi/bin/../lib/gcc/arm-none-eabi/13.2.1/thumb/v7-m/nofp\libg.a(libc_a-findfp.o)
                0x080023f4                __sinit
 .text.__sfp_lock_acquire
                0x08002430        0xc C:/STM32_needs/gcc-arm-none-eabi/bin/../lib/gcc/arm-none-eabi/13.2.1/thumb/v7-m/nofp\libg.a(libc_a-findfp.o)
                0x08002430                __sfp_lock_acquire
 .text.__sfp_lock_release
                0x0800243c        0xc C:/STM32_needs/gcc-arm-none-eabi/bin/../lib/gcc/arm-none-eabi/13.2.1/thumb/v7-m/nofp\libg.a(libc_a-findfp.o)
                0x0800243c                __sfp_lock_release
 .text._fwalk_sglue
                0x08002448       0x44 C:/STM32_needs/gcc-arm-none-eabi/bin/../lib/gcc/arm-none-eabi/13.2.1/thumb/v7-m/nofp\libg.a(libc_a-fwalk.o)
                0x08002448                _fwalk_sglue
 .text.setvbuf  0x0800248c      0x1a4 C:/STM32_needs/gcc-arm-none-eabi/bin/../lib/gcc/arm-none-eabi/13.2.1/thumb/v7-m/nofp\libg.a(libc_a-setvbuf.o)
                0x0800248c                setvbuf
 .text.__sread  0x08002630       0x24 C:/STM32_needs/gcc-arm-none-eabi/bin/../lib/gcc/arm-none-eabi/13.2.1/thumb/v7-m/nofp\libg.a(libc_a-stdio.o)
                0x08002630                __sread
 .text.__swrite
                0x08002654       0x40 C:/STM32_needs/gcc-arm-none-eabi/bin/../lib/gcc/arm-none-eabi/13.2.1/thumb/v7-m/nofp\libg.a(libc_a-stdio.o)
                0x08002654                __swrite
 .text.__sseek  0x08002694       0x24 C:/STM32_needs/gcc-arm-none-eabi/bin/../lib/gcc/arm-none-eabi/13.2.1/thumb/v7-m/nofp\libg.a(libc_a-stdio.o)
                0x08002694                __sseek
 .text.__sclose
                0x080026b8        0x8 C:/STM32_needs/gcc-arm-none-eabi/bin/../lib/gcc/arm-none-eabi/13.2.1/thumb/v7-m/nofp\libg.a(libc_a-stdio.o)
                0x080026b8                __sclose
 .text.memset   0x080026c0       0xa0 C:/STM32_needs/gcc-arm-none-eabi/bin/../lib/gcc/arm-none-eabi/13.2.1/thumb/v7-m/nofp\libg.a(libc_a-memset.o)
                0x080026c0                memset
 .text._close_r
                0x08002760       0x24 C:/STM32_needs/gcc-arm-none-eabi/bin/../lib/gcc/arm-none-eabi/13.2.1/thumb/v7-m/nofp\libg.a(libc_a-closer.o)
                0x08002760                _close_r
 .text._lseek_r
                0x08002784       0x2c C:/STM32_needs/gcc-arm-none-eabi/bin/../lib/gcc/arm-none-eabi/13.2.1/thumb/v7-m/nofp\libg.a(libc_a-lseekr.o)
                0x08002784                _lseek_r
 .text._read_r  0x080027b0       0x2c C:/STM32_needs/gcc-arm-none-eabi/bin/../lib/gcc/arm-none-eabi/13.2.1/thumb/v7-m/nofp\libg.a(libc_a-readr.o)
                0x080027b0                _read_r
 .text._write_r
                0x080027dc       0x2c C:/STM32_needs/gcc-arm-none-eabi/bin/../lib/gcc/arm-none-eabi/13.2.1/thumb/v7-m/nofp\libg.a(libc_a-writer.o)
                0x080027dc                _write_r
 .text.__errno  0x08002808        0xc C:/STM32_needs/gcc-arm-none-eabi/bin/../lib/gcc/arm-none-eabi/13.2.1/thumb/v7-m/nofp\libg.a(libc_a-errno.o)
                0x08002808                __errno
 .text.__libc_init_array
                0x08002814       0x50 C:/STM32_needs/gcc-arm-none-eabi/bin/../lib/gcc/arm-none-eabi/13.2.1/thumb/v7-m/nofp\libg.a(libc_a-init.o)
                0x08002814                __libc_init_array
 .text.__retarget_lock_init_recursive
                0x08002864        0x4 C:/STM32_needs/gcc-arm-none-eabi/bin/../lib/gcc/arm-none-eabi/13.2.1/thumb/v7-m/nofp\libg.a(libc_a-lock.o)
                0x08002864                __retarget_lock_init_recursive
 .text.__retarget_lock_close_recursive
                0x08002868        0x4 C:/STM32_needs/gcc-arm-none-eabi/bin/../lib/gcc/arm-none-eabi/13.2.1/thumb/v7-m/nofp\libg.a(libc_a-lock.o)
                0x08002868                __retarget_lock_close_recursive
 .text.__retarget_lock_acquire_recursive
                0x0800286c        0x4 C:/STM32_needs/gcc-arm-none-eabi/bin/../lib/gcc/arm-none-eabi/13.2.1/thumb/v7-m/nofp\libg.a(libc_a-lock.o)
                0x0800286c                __retarget_lock_acquire_recursive
 .text.__retarget_lock_release_recursive
                0x08002870        0x4 C:/STM32_needs/gcc-arm-none-eabi/bin/../lib/gcc/arm-none-eabi/13.2.1/thumb/v7-m/nofp\libg.a(libc_a-lock.o)
                0x08002870                __retarget_lock_release_recursive
 .text.startup.register_fini
                0x08002874       0x14 C:/STM32_needs/gcc-arm-none-eabi/bin/../lib/gcc/arm-none-eabi/13.2.1/thumb/v7-m/nofp\libg.a(libc_a-__call_atexit.o)
 .text.atexit   0x08002888        0xc C:/STM32_needs/gcc-arm-none-eabi/bin/../lib/gcc/arm-none-eabi/13.2.1/thumb/v7-m/nofp\libg.a(libc_a-atexit.o)
                0x08002888                atexit
 .text._malloc_trim_r
                0x08002894       0xb8 C:/STM32_needs/gcc-arm-none-eabi/bin/../lib/gcc/arm-none-eabi/13.2.1/thumb/v7-m/nofp\libg.a(libc_a-freer.o)
                0x08002894                _malloc_trim_r
 .text._free_r  0x0800294c      0x1f8 C:/STM32_needs/gcc-arm-none-eabi/bin/../lib/gcc/arm-none-eabi/13.2.1/thumb/v7-m/nofp\libg.a(libc_a-freer.o)
                0x0800294c                _free_r
 .text.malloc   0x08002b44       0x10 C:/STM32_needs/gcc-arm-none-eabi/bin/../lib/gcc/arm-none-eabi/13.2.1/thumb/v7-m/nofp\libg.a(libc_a-malloc.o)
                0x08002b44                malloc
 .text._malloc_r
                0x08002b54      0x568 C:/STM32_needs/gcc-arm-none-eabi/bin/../lib/gcc/arm-none-eabi/13.2.1/thumb/v7-m/nofp\libg.a(libc_a-mallocr.o)
                0x08002b54                _malloc_r
 .text.__malloc_lock
                0x080030bc        0xc C:/STM32_needs/gcc-arm-none-eabi/bin/../lib/gcc/arm-none-eabi/13.2.1/thumb/v7-m/nofp\libg.a(libc_a-mlock.o)
                0x080030bc                __malloc_lock
 .text.__malloc_unlock
                0x080030c8        0xc C:/STM32_needs/gcc-arm-none-eabi/bin/../lib/gcc/arm-none-eabi/13.2.1/thumb/v7-m/nofp\libg.a(libc_a-mlock.o)
                0x080030c8                __malloc_unlock
 .text._fclose_r
                0x080030d4       0xc0 C:/STM32_needs/gcc-arm-none-eabi/bin/../lib/gcc/arm-none-eabi/13.2.1/thumb/v7-m/nofp\libg.a(libc_a-fclose.o)
                0x080030d4                _fclose_r
 .text.__sflush_r
                0x08003194      0x128 C:/STM32_needs/gcc-arm-none-eabi/bin/../lib/gcc/arm-none-eabi/13.2.1/thumb/v7-m/nofp\libg.a(libc_a-fflush.o)
                0x08003194                __sflush_r
 .text._fflush_r
                0x080032bc       0x54 C:/STM32_needs/gcc-arm-none-eabi/bin/../lib/gcc/arm-none-eabi/13.2.1/thumb/v7-m/nofp\libg.a(libc_a-fflush.o)
                0x080032bc                _fflush_r
 .text.__swhatbuf_r
                0x08003310       0x60 C:/STM32_needs/gcc-arm-none-eabi/bin/../lib/gcc/arm-none-eabi/13.2.1/thumb/v7-m/nofp\libg.a(libc_a-makebuf.o)
                0x08003310                __swhatbuf_r
 .text._fstat_r
                0x08003370       0x28 C:/STM32_needs/gcc-arm-none-eabi/bin/../lib/gcc/arm-none-eabi/13.2.1/thumb/v7-m/nofp\libg.a(libc_a-fstatr.o)
                0x08003370                _fstat_r
 .text._sbrk_r  0x08003398       0x24 C:/STM32_needs/gcc-arm-none-eabi/bin/../lib/gcc/arm-none-eabi/13.2.1/thumb/v7-m/nofp\libg.a(libc_a-sbrkr.o)
                0x08003398                _sbrk_r
 .text.__libc_fini_array
                0x080033bc       0x28 C:/STM32_needs/gcc-arm-none-eabi/bin/../lib/gcc/arm-none-eabi/13.2.1/thumb/v7-m/nofp\libg.a(libc_a-fini.o)
                0x080033bc                __libc_fini_array
 .text.sysconf  0x080033e4       0x1c C:/STM32_needs/gcc-arm-none-eabi/bin/../lib/gcc/arm-none-eabi/13.2.1/thumb/v7-m/nofp\libg.a(libc_a-sysconf.o)
                0x080033e4                sysconf
 .text.__register_exitproc
                0x08003400       0x80 C:/STM32_needs/gcc-arm-none-eabi/bin/../lib/gcc/arm-none-eabi/13.2.1/thumb/v7-m/nofp\libg.a(libc_a-__atexit.o)
                0x08003400                __register_exitproc
 *(.glue_7)
 .glue_7        0x08003480        0x0 linker stubs
 *(.glue_7t)
 .glue_7t       0x08003480        0x0 linker stubs
 *(.eh_frame)
 .eh_frame      0x08003480        0x0 C:/STM32_needs/gcc-arm-none-eabi/bin/../lib/gcc/arm-none-eabi/13.2.1/thumb/v7-m/nofp/crtbegin.o
 *(.init)
 .init          0x08003480        0x4 C:/STM32_needs/gcc-arm-none-eabi/bin/../lib/gcc/arm-none-eabi/13.2.1/thumb/v7-m/nofp/crti.o
                0x08003480                _init
 .init          0x08003484        0x8 C:/STM32_needs/gcc-arm-none-eabi/bin/../lib/gcc/arm-none-eabi/13.2.1/thumb/v7-m/nofp/crtn.o
 *(.fini)
 .fini          0x0800348c        0x4 C:/STM32_needs/gcc-arm-none-eabi/bin/../lib/gcc/arm-none-eabi/13.2.1/thumb/v7-m/nofp/crti.o
                0x0800348c                _fini
 .fini          0x08003490        0x8 C:/STM32_needs/gcc-arm-none-eabi/bin/../lib/gcc/arm-none-eabi/13.2.1/thumb/v7-m/nofp/crtn.o
                0x08003498                        . = ALIGN (0x4)
                0x08003498                        _etext = .

.vfp11_veneer   0x08003498        0x0
 .vfp11_veneer  0x08003498        0x0 linker stubs

.v4_bx          0x08003498        0x0
 .v4_bx         0x08003498        0x0 linker stubs

.iplt           0x08003498        0x0
 .iplt          0x08003498        0x0 C:/STM32_needs/gcc-arm-none-eabi/bin/../lib/gcc/arm-none-eabi/13.2.1/thumb/v7-m/nofp/crtbegin.o

.rodata         0x08003498       0x2c
                0x08003498                        . = ALIGN (0x4)
 *(.rodata)
 *(.rodata*)
 .rodata.APBPrescTable
                0x08003498        0x8 CMakeFiles/Bootloader.elf.dir/Core/Src/system_stm32f1xx.c.obj
                0x08003498                APBPrescTable
 .rodata.AHBPrescTable
                0x080034a0       0x10 CMakeFiles/Bootloader.elf.dir/Core/Src/system_stm32f1xx.c.obj
                0x080034a0                AHBPrescTable
 .rodata.aPredivFactorTable.0
                0x080034b0        0x2 CMakeFiles/Bootloader.elf.dir/Drivers/STM32F1xx_HAL_Driver/Src/stm32f1xx_hal_rcc.c.obj
 *fill*         0x080034b2        0x2 
 .rodata.aPLLMULFactorTable.1
                0x080034b4       0x10 CMakeFiles/Bootloader.elf.dir/Drivers/STM32F1xx_HAL_Driver/Src/stm32f1xx_hal_rcc.c.obj
                0x080034c4                        . = ALIGN (0x4)

.rel.dyn        0x080034c4        0x0
 .rel.iplt      0x080034c4        0x0 C:/STM32_needs/gcc-arm-none-eabi/bin/../lib/gcc/arm-none-eabi/13.2.1/thumb/v7-m/nofp/crtbegin.o

.ARM.extab      0x080034c4        0x0
                0x080034c4                        . = ALIGN (0x4)
 *(.ARM.extab* .gnu.linkonce.armextab.*)
                0x080034c4                        . = ALIGN (0x4)

.ARM            0x080034c4        0x0
                0x080034c4                        . = ALIGN (0x4)
                0x080034c4                        __exidx_start = .
 *(.ARM.exidx*)
                0x080034c4                        __exidx_end = .
                0x080034c4                        . = ALIGN (0x4)

.preinit_array  0x080034c4        0x0
                0x080034c4                        . = ALIGN (0x4)
                0x080034c4                        PROVIDE (__preinit_array_start = .)
 *(.preinit_array*)
                0x080034c4                        PROVIDE (__preinit_array_end = .)
                0x080034c4                        . = ALIGN (0x4)

.init_array     0x080034c4        0x8
                0x080034c4                        . = ALIGN (0x4)
                0x080034c4                        PROVIDE (__init_array_start = .)
 *(SORT_BY_NAME(.init_array.*))
 .init_array.00000
                0x080034c4        0x4 C:/STM32_needs/gcc-arm-none-eabi/bin/../lib/gcc/arm-none-eabi/13.2.1/thumb/v7-m/nofp\libg.a(libc_a-__call_atexit.o)
 *(.init_array*)
 .init_array    0x080034c8        0x4 C:/STM32_needs/gcc-arm-none-eabi/bin/../lib/gcc/arm-none-eabi/13.2.1/thumb/v7-m/nofp/crtbegin.o
                0x080034cc                        PROVIDE (__init_array_end = .)
                0x080034cc                        . = ALIGN (0x4)

.fini_array     0x080034cc        0x4
                0x080034cc                        . = ALIGN (0x4)
                0x080034cc                        PROVIDE (__fini_array_start = .)
 *(SORT_BY_NAME(.fini_array.*))
 *(.fini_array*)
 .fini_array    0x080034cc        0x4 C:/STM32_needs/gcc-arm-none-eabi/bin/../lib/gcc/arm-none-eabi/13.2.1/thumb/v7-m/nofp/crtbegin.o
                0x080034d0                        PROVIDE (__fini_array_end = .)
                0x080034d0                        . = ALIGN (0x4)
                0x080034d0                        _sidata = LOADADDR (.data)

.data           0x20000000      0x558 load address 0x080034d0
                0x20000000                        . = ALIGN (0x4)
                0x20000000                        _sdata = .
 *(.data)
 *(.data*)
 .data.SystemCoreClock
                0x20000000        0x4 CMakeFiles/Bootloader.elf.dir/Core/Src/system_stm32f1xx.c.obj
                0x20000000                SystemCoreClock
 .data.uwTickFreq
                0x20000004        0x1 CMakeFiles/Bootloader.elf.dir/Drivers/STM32F1xx_HAL_Driver/Src/stm32f1xx_hal.c.obj
                0x20000004                uwTickFreq
 *fill*         0x20000005        0x3 
 .data.uwTickPrio
                0x20000008        0x4 CMakeFiles/Bootloader.elf.dir/Drivers/STM32F1xx_HAL_Driver/Src/stm32f1xx_hal.c.obj
                0x20000008                uwTickPrio
 .data.__sglue  0x2000000c        0xc C:/STM32_needs/gcc-arm-none-eabi/bin/../lib/gcc/arm-none-eabi/13.2.1/thumb/v7-m/nofp\libg.a(libc_a-findfp.o)
                0x2000000c                __sglue
 .data._impure_ptr
                0x20000018        0x4 C:/STM32_needs/gcc-arm-none-eabi/bin/../lib/gcc/arm-none-eabi/13.2.1/thumb/v7-m/nofp\libg.a(libc_a-impure.o)
                0x20000018                _impure_ptr
 *fill*         0x2000001c        0x4 
 .data._impure_data
                0x20000020      0x120 C:/STM32_needs/gcc-arm-none-eabi/bin/../lib/gcc/arm-none-eabi/13.2.1/thumb/v7-m/nofp\libg.a(libc_a-impure.o)
                0x20000020                _impure_data
 .data.__atexit_recursive_mutex
                0x20000140        0x4 C:/STM32_needs/gcc-arm-none-eabi/bin/../lib/gcc/arm-none-eabi/13.2.1/thumb/v7-m/nofp\libg.a(libc_a-__call_atexit.o)
                0x20000140                __atexit_recursive_mutex
 .data.__malloc_sbrk_base
                0x20000144        0x4 C:/STM32_needs/gcc-arm-none-eabi/bin/../lib/gcc/arm-none-eabi/13.2.1/thumb/v7-m/nofp\libg.a(libc_a-mallocr.o)
                0x20000144                __malloc_sbrk_base
 .data.__malloc_trim_threshold
                0x20000148        0x4 C:/STM32_needs/gcc-arm-none-eabi/bin/../lib/gcc/arm-none-eabi/13.2.1/thumb/v7-m/nofp\libg.a(libc_a-mallocr.o)
                0x20000148                __malloc_trim_threshold
 *fill*         0x2000014c        0x4 
 .data.__malloc_av_
                0x20000150      0x408 C:/STM32_needs/gcc-arm-none-eabi/bin/../lib/gcc/arm-none-eabi/13.2.1/thumb/v7-m/nofp\libg.a(libc_a-mallocr.o)
                0x20000150                __malloc_av_
 *(.RamFunc)
 *(.RamFunc*)
                0x20000558                        . = ALIGN (0x4)
                0x20000558                        _edata = .

.tm_clone_table
                0x20000558        0x0 load address 0x08003a28
 .tm_clone_table
                0x20000558        0x0 C:/STM32_needs/gcc-arm-none-eabi/bin/../lib/gcc/arm-none-eabi/13.2.1/thumb/v7-m/nofp/crtbegin.o
 .tm_clone_table
                0x20000558        0x0 C:/STM32_needs/gcc-arm-none-eabi/bin/../lib/gcc/arm-none-eabi/13.2.1/thumb/v7-m/nofp/crtend.o

.igot.plt       0x20000558        0x0 load address 0x08003a28
 .igot.plt      0x20000558        0x0 C:/STM32_needs/gcc-arm-none-eabi/bin/../lib/gcc/arm-none-eabi/13.2.1/thumb/v7-m/nofp/crtbegin.o
                0x20000558                        . = ALIGN (0x4)

.bss            0x20000558      0x420 load address 0x08003a28
                0x20000558                        _sbss = .
                0x20000558                        __bss_start__ = _sbss
 *(.bss)
 *(.bss*)
 .bss.completed.1
                0x20000558        0x1 C:/STM32_needs/gcc-arm-none-eabi/bin/../lib/gcc/arm-none-eabi/13.2.1/thumb/v7-m/nofp/crtbegin.o
 *fill*         0x20000559        0x3 
 .bss.object.0  0x2000055c       0x18 C:/STM32_needs/gcc-arm-none-eabi/bin/../lib/gcc/arm-none-eabi/13.2.1/thumb/v7-m/nofp/crtbegin.o
 .bss.FSMC_Initialized
                0x20000574        0x4 CMakeFiles/Bootloader.elf.dir/Core/Src/fsmc.c.obj
 .bss.hsram1    0x20000578       0x48 CMakeFiles/Bootloader.elf.dir/Core/Src/fsmc.c.obj
                0x20000578                hsram1
 .bss.xLCD      0x200005c0        0xa CMakeFiles/Bootloader.elf.dir/Core/Src/ili9341.c.obj
                0x200005c0                xLCD
 *fill*         0x200005ca        0x2 
 .bss.gHuart    0x200005cc        0x4 CMakeFiles/Bootloader.elf.dir/Core/Src/retarget.c.obj
                0x200005cc                gHuart
 .bss.__sbrk_heap_end
                0x200005d0        0x4 CMakeFiles/Bootloader.elf.dir/Core/Src/sysmem.c.obj
 .bss.hdma_usart1_rx
                0x200005d4       0x44 CMakeFiles/Bootloader.elf.dir/Core/Src/usart.c.obj
                0x200005d4                hdma_usart1_rx
 .bss.huart1    0x20000618       0x48 CMakeFiles/Bootloader.elf.dir/Core/Src/usart.c.obj
                0x20000618                huart1
 .bss.uwTick    0x20000660        0x4 CMakeFiles/Bootloader.elf.dir/Drivers/STM32F1xx_HAL_Driver/Src/stm32f1xx_hal.c.obj
                0x20000660                uwTick
 .bss.__sf      0x20000664      0x138 C:/STM32_needs/gcc-arm-none-eabi/bin/../lib/gcc/arm-none-eabi/13.2.1/thumb/v7-m/nofp\libg.a(libc_a-findfp.o)
                0x20000664                __sf
 .bss.__stdio_exit_handler
                0x2000079c        0x4 C:/STM32_needs/gcc-arm-none-eabi/bin/../lib/gcc/arm-none-eabi/13.2.1/thumb/v7-m/nofp\libg.a(libc_a-findfp.o)
                0x2000079c                __stdio_exit_handler
 .bss.errno     0x200007a0        0x4 C:/STM32_needs/gcc-arm-none-eabi/bin/../lib/gcc/arm-none-eabi/13.2.1/thumb/v7-m/nofp\libg.a(libc_a-reent.o)
                0x200007a0                errno
 .bss.__lock___malloc_recursive_mutex
                0x200007a4        0x1 C:/STM32_needs/gcc-arm-none-eabi/bin/../lib/gcc/arm-none-eabi/13.2.1/thumb/v7-m/nofp\libg.a(libc_a-lock.o)
                0x200007a4                __lock___malloc_recursive_mutex
 *fill*         0x200007a5        0x3 
 .bss.__lock___atexit_recursive_mutex
                0x200007a8        0x1 C:/STM32_needs/gcc-arm-none-eabi/bin/../lib/gcc/arm-none-eabi/13.2.1/thumb/v7-m/nofp\libg.a(libc_a-lock.o)
                0x200007a8                __lock___atexit_recursive_mutex
 *fill*         0x200007a9        0x3 
 .bss.__lock___sfp_recursive_mutex
                0x200007ac        0x1 C:/STM32_needs/gcc-arm-none-eabi/bin/../lib/gcc/arm-none-eabi/13.2.1/thumb/v7-m/nofp\libg.a(libc_a-lock.o)
                0x200007ac                __lock___sfp_recursive_mutex
 *fill*         0x200007ad        0x3 
 .bss.__atexit  0x200007b0        0x4 C:/STM32_needs/gcc-arm-none-eabi/bin/../lib/gcc/arm-none-eabi/13.2.1/thumb/v7-m/nofp\libg.a(libc_a-__call_atexit.o)
                0x200007b0                __atexit
 .bss.__malloc_current_mallinfo
                0x200007b4       0x28 C:/STM32_needs/gcc-arm-none-eabi/bin/../lib/gcc/arm-none-eabi/13.2.1/thumb/v7-m/nofp\libg.a(libc_a-mallocr.o)
                0x200007b4                __malloc_current_mallinfo
 .bss.__malloc_max_total_mem
                0x200007dc        0x4 C:/STM32_needs/gcc-arm-none-eabi/bin/../lib/gcc/arm-none-eabi/13.2.1/thumb/v7-m/nofp\libg.a(libc_a-mallocr.o)
                0x200007dc                __malloc_max_total_mem
 .bss.__malloc_max_sbrked_mem
                0x200007e0        0x4 C:/STM32_needs/gcc-arm-none-eabi/bin/../lib/gcc/arm-none-eabi/13.2.1/thumb/v7-m/nofp\libg.a(libc_a-mallocr.o)
                0x200007e0                __malloc_max_sbrked_mem
 .bss.__malloc_top_pad
                0x200007e4        0x4 C:/STM32_needs/gcc-arm-none-eabi/bin/../lib/gcc/arm-none-eabi/13.2.1/thumb/v7-m/nofp\libg.a(libc_a-mallocr.o)
                0x200007e4                __malloc_top_pad
 .bss.__atexit0
                0x200007e8      0x190 C:/STM32_needs/gcc-arm-none-eabi/bin/../lib/gcc/arm-none-eabi/13.2.1/thumb/v7-m/nofp\libg.a(libc_a-__atexit.o)
                0x200007e8                __atexit0
 *(COMMON)
                0x20000978                        . = ALIGN (0x4)
                0x20000978                        _ebss = .
                0x20000978                        __bss_end__ = _ebss

._user_heap_stack
                0x20000978      0x600 load address 0x08003a28
                0x20000978                        . = ALIGN (0x8)
                [!provide]                        PROVIDE (end = .)
                0x20000978                        PROVIDE (_end = .)
                0x20000b78                        . = (. + _Min_Heap_Size)
 *fill*         0x20000978      0x200 
                0x20000f78                        . = (. + _Min_Stack_Size)
 *fill*         0x20000b78      0x400 
                0x20000f78                        . = ALIGN (0x8)

/DISCARD/
 libc.a(*)
 libm.a(*)
 libgcc.a(*)

.ARM.attributes
                0x00000000       0x29
 *(.ARM.attributes)
 .ARM.attributes
                0x00000000       0x1d C:/STM32_needs/gcc-arm-none-eabi/bin/../lib/gcc/arm-none-eabi/13.2.1/thumb/v7-m/nofp/crti.o
 .ARM.attributes
                0x0000001d       0x2d C:/STM32_needs/gcc-arm-none-eabi/bin/../lib/gcc/arm-none-eabi/13.2.1/thumb/v7-m/nofp/crtbegin.o
 .ARM.attributes
                0x0000004a       0x2d CMakeFiles/Bootloader.elf.dir/Core/Src/dma.c.obj
 .ARM.attributes
                0x00000077       0x2d CMakeFiles/Bootloader.elf.dir/Core/Src/fsmc.c.obj
 .ARM.attributes
                0x000000a4       0x2d CMakeFiles/Bootloader.elf.dir/Core/Src/gpio.c.obj
 .ARM.attributes
                0x000000d1       0x2d CMakeFiles/Bootloader.elf.dir/Core/Src/ili9341.c.obj
 .ARM.attributes
                0x000000fe       0x2d CMakeFiles/Bootloader.elf.dir/Core/Src/main.c.obj
 .ARM.attributes
                0x0000012b       0x2d CMakeFiles/Bootloader.elf.dir/Core/Src/myInit.c.obj
 .ARM.attributes
                0x00000158       0x2d CMakeFiles/Bootloader.elf.dir/Core/Src/retarget.c.obj
 .ARM.attributes
                0x00000185       0x2d CMakeFiles/Bootloader.elf.dir/Core/Src/stm32f1xx_hal_msp.c.obj
 .ARM.attributes
                0x000001b2       0x2d CMakeFiles/Bootloader.elf.dir/Core/Src/stm32f1xx_it.c.obj
 .ARM.attributes
                0x000001df       0x2d CMakeFiles/Bootloader.elf.dir/Core/Src/sysmem.c.obj
 .ARM.attributes
                0x0000020c       0x2d CMakeFiles/Bootloader.elf.dir/Core/Src/system_stm32f1xx.c.obj
 .ARM.attributes
                0x00000239       0x2d CMakeFiles/Bootloader.elf.dir/Core/Src/usart.c.obj
 .ARM.attributes
                0x00000266       0x21 CMakeFiles/Bootloader.elf.dir/Core/Startup/startup_stm32f103vetx.s.obj
 .ARM.attributes
                0x00000287       0x2d CMakeFiles/Bootloader.elf.dir/Drivers/STM32F1xx_HAL_Driver/Src/stm32f1xx_hal.c.obj
 .ARM.attributes
                0x000002b4       0x2d CMakeFiles/Bootloader.elf.dir/Drivers/STM32F1xx_HAL_Driver/Src/stm32f1xx_hal_cortex.c.obj
 .ARM.attributes
                0x000002e1       0x2d CMakeFiles/Bootloader.elf.dir/Drivers/STM32F1xx_HAL_Driver/Src/stm32f1xx_hal_dma.c.obj
 .ARM.attributes
                0x0000030e       0x2d CMakeFiles/Bootloader.elf.dir/Drivers/STM32F1xx_HAL_Driver/Src/stm32f1xx_hal_gpio.c.obj
 .ARM.attributes
                0x0000033b       0x2d CMakeFiles/Bootloader.elf.dir/Drivers/STM32F1xx_HAL_Driver/Src/stm32f1xx_hal_rcc.c.obj
 .ARM.attributes
                0x00000368       0x2d CMakeFiles/Bootloader.elf.dir/Drivers/STM32F1xx_HAL_Driver/Src/stm32f1xx_hal_sram.c.obj
 .ARM.attributes
                0x00000395       0x2d CMakeFiles/Bootloader.elf.dir/Drivers/STM32F1xx_HAL_Driver/Src/stm32f1xx_hal_uart.c.obj
 .ARM.attributes
                0x000003c2       0x2d CMakeFiles/Bootloader.elf.dir/Drivers/STM32F1xx_HAL_Driver/Src/stm32f1xx_ll_fsmc.c.obj
 .ARM.attributes
                0x000003ef       0x2d C:/STM32_needs/gcc-arm-none-eabi/bin/../lib/gcc/arm-none-eabi/13.2.1/thumb/v7-m/nofp\libg.a(libc_a-findfp.o)
 .ARM.attributes
                0x0000041c       0x2d C:/STM32_needs/gcc-arm-none-eabi/bin/../lib/gcc/arm-none-eabi/13.2.1/thumb/v7-m/nofp\libg.a(libc_a-fwalk.o)
 .ARM.attributes
                0x00000449       0x2d C:/STM32_needs/gcc-arm-none-eabi/bin/../lib/gcc/arm-none-eabi/13.2.1/thumb/v7-m/nofp\libg.a(libc_a-setvbuf.o)
 .ARM.attributes
                0x00000476       0x2d C:/STM32_needs/gcc-arm-none-eabi/bin/../lib/gcc/arm-none-eabi/13.2.1/thumb/v7-m/nofp\libg.a(libc_a-stdio.o)
 .ARM.attributes
                0x000004a3       0x2d C:/STM32_needs/gcc-arm-none-eabi/bin/../lib/gcc/arm-none-eabi/13.2.1/thumb/v7-m/nofp\libg.a(libc_a-memset.o)
 .ARM.attributes
                0x000004d0       0x2d C:/STM32_needs/gcc-arm-none-eabi/bin/../lib/gcc/arm-none-eabi/13.2.1/thumb/v7-m/nofp\libg.a(libc_a-closer.o)
 .ARM.attributes
                0x000004fd       0x2d C:/STM32_needs/gcc-arm-none-eabi/bin/../lib/gcc/arm-none-eabi/13.2.1/thumb/v7-m/nofp\libg.a(libc_a-reent.o)
 .ARM.attributes
                0x0000052a       0x2d C:/STM32_needs/gcc-arm-none-eabi/bin/../lib/gcc/arm-none-eabi/13.2.1/thumb/v7-m/nofp\libg.a(libc_a-impure.o)
 .ARM.attributes
                0x00000557       0x2d C:/STM32_needs/gcc-arm-none-eabi/bin/../lib/gcc/arm-none-eabi/13.2.1/thumb/v7-m/nofp\libg.a(libc_a-lseekr.o)
 .ARM.attributes
                0x00000584       0x2d C:/STM32_needs/gcc-arm-none-eabi/bin/../lib/gcc/arm-none-eabi/13.2.1/thumb/v7-m/nofp\libg.a(libc_a-readr.o)
 .ARM.attributes
                0x000005b1       0x2d C:/STM32_needs/gcc-arm-none-eabi/bin/../lib/gcc/arm-none-eabi/13.2.1/thumb/v7-m/nofp\libg.a(libc_a-writer.o)
 .ARM.attributes
                0x000005de       0x2d C:/STM32_needs/gcc-arm-none-eabi/bin/../lib/gcc/arm-none-eabi/13.2.1/thumb/v7-m/nofp\libg.a(libc_a-errno.o)
 .ARM.attributes
                0x0000060b       0x2d C:/STM32_needs/gcc-arm-none-eabi/bin/../lib/gcc/arm-none-eabi/13.2.1/thumb/v7-m/nofp\libg.a(libc_a-init.o)
 .ARM.attributes
                0x00000638       0x2d C:/STM32_needs/gcc-arm-none-eabi/bin/../lib/gcc/arm-none-eabi/13.2.1/thumb/v7-m/nofp\libg.a(libc_a-lock.o)
 .ARM.attributes
                0x00000665       0x2d C:/STM32_needs/gcc-arm-none-eabi/bin/../lib/gcc/arm-none-eabi/13.2.1/thumb/v7-m/nofp\libg.a(libc_a-__call_atexit.o)
 .ARM.attributes
                0x00000692       0x2d C:/STM32_needs/gcc-arm-none-eabi/bin/../lib/gcc/arm-none-eabi/13.2.1/thumb/v7-m/nofp\libg.a(libc_a-atexit.o)
 .ARM.attributes
                0x000006bf       0x2d C:/STM32_needs/gcc-arm-none-eabi/bin/../lib/gcc/arm-none-eabi/13.2.1/thumb/v7-m/nofp\libg.a(libc_a-freer.o)
 .ARM.attributes
                0x000006ec       0x2d C:/STM32_needs/gcc-arm-none-eabi/bin/../lib/gcc/arm-none-eabi/13.2.1/thumb/v7-m/nofp\libg.a(libc_a-malloc.o)
 .ARM.attributes
                0x00000719       0x2d C:/STM32_needs/gcc-arm-none-eabi/bin/../lib/gcc/arm-none-eabi/13.2.1/thumb/v7-m/nofp\libg.a(libc_a-mallocr.o)
 .ARM.attributes
                0x00000746       0x2d C:/STM32_needs/gcc-arm-none-eabi/bin/../lib/gcc/arm-none-eabi/13.2.1/thumb/v7-m/nofp\libg.a(libc_a-mlock.o)
 .ARM.attributes
                0x00000773       0x2d C:/STM32_needs/gcc-arm-none-eabi/bin/../lib/gcc/arm-none-eabi/13.2.1/thumb/v7-m/nofp\libg.a(libc_a-fclose.o)
 .ARM.attributes
                0x000007a0       0x2d C:/STM32_needs/gcc-arm-none-eabi/bin/../lib/gcc/arm-none-eabi/13.2.1/thumb/v7-m/nofp\libg.a(libc_a-fflush.o)
 .ARM.attributes
                0x000007cd       0x2d C:/STM32_needs/gcc-arm-none-eabi/bin/../lib/gcc/arm-none-eabi/13.2.1/thumb/v7-m/nofp\libg.a(libc_a-makebuf.o)
 .ARM.attributes
                0x000007fa       0x2d C:/STM32_needs/gcc-arm-none-eabi/bin/../lib/gcc/arm-none-eabi/13.2.1/thumb/v7-m/nofp\libg.a(libc_a-fstatr.o)
 .ARM.attributes
                0x00000827       0x2d C:/STM32_needs/gcc-arm-none-eabi/bin/../lib/gcc/arm-none-eabi/13.2.1/thumb/v7-m/nofp\libg.a(libc_a-sbrkr.o)
 .ARM.attributes
                0x00000854       0x2d C:/STM32_needs/gcc-arm-none-eabi/bin/../lib/gcc/arm-none-eabi/13.2.1/thumb/v7-m/nofp\libg.a(libc_a-fini.o)
 .ARM.attributes
                0x00000881       0x2d C:/STM32_needs/gcc-arm-none-eabi/bin/../lib/gcc/arm-none-eabi/13.2.1/thumb/v7-m/nofp\libg.a(libc_a-sysconf.o)
 .ARM.attributes
                0x000008ae       0x2d C:/STM32_needs/gcc-arm-none-eabi/bin/../lib/gcc/arm-none-eabi/13.2.1/thumb/v7-m/nofp\libg.a(libc_a-__atexit.o)
 .ARM.attributes
                0x000008db       0x2d C:/STM32_needs/gcc-arm-none-eabi/bin/../lib/gcc/arm-none-eabi/13.2.1/thumb/v7-m/nofp/crtend.o
 .ARM.attributes
                0x00000908       0x1d C:/STM32_needs/gcc-arm-none-eabi/bin/../lib/gcc/arm-none-eabi/13.2.1/thumb/v7-m/nofp/crtn.o
OUTPUT(Bootloader.elf elf32-littlearm)
LOAD linker stubs
LOAD C:/STM32_needs/gcc-arm-none-eabi/bin/../lib/gcc/arm-none-eabi/13.2.1/thumb/v7-m/nofp\libc.a
LOAD C:/STM32_needs/gcc-arm-none-eabi/bin/../lib/gcc/arm-none-eabi/13.2.1/thumb/v7-m/nofp\libm.a
LOAD C:/STM32_needs/gcc-arm-none-eabi/bin/../lib/gcc/arm-none-eabi/13.2.1/thumb/v7-m/nofp\libgcc.a

.debug_info     0x00000000     0xe7e2
 .debug_info    0x00000000      0x361 CMakeFiles/Bootloader.elf.dir/Core/Src/dma.c.obj
 .debug_info    0x00000361      0x91e CMakeFiles/Bootloader.elf.dir/Core/Src/fsmc.c.obj
 .debug_info    0x00000c7f      0x30a CMakeFiles/Bootloader.elf.dir/Core/Src/gpio.c.obj
 .debug_info    0x00000f89     0x204f CMakeFiles/Bootloader.elf.dir/Core/Src/ili9341.c.obj
 .debug_info    0x00002fd8      0x35e CMakeFiles/Bootloader.elf.dir/Core/Src/main.c.obj
 .debug_info    0x00003336      0x611 CMakeFiles/Bootloader.elf.dir/Core/Src/myInit.c.obj
 .debug_info    0x00003947     0x1131 CMakeFiles/Bootloader.elf.dir/Core/Src/retarget.c.obj
 .debug_info    0x00004a78      0x1f4 CMakeFiles/Bootloader.elf.dir/Core/Src/stm32f1xx_hal_msp.c.obj
 .debug_info    0x00004c6c      0x63c CMakeFiles/Bootloader.elf.dir/Core/Src/stm32f1xx_it.c.obj
 .debug_info    0x000052a8      0x171 CMakeFiles/Bootloader.elf.dir/Core/Src/sysmem.c.obj
 .debug_info    0x00005419      0x22d CMakeFiles/Bootloader.elf.dir/Core/Src/system_stm32f1xx.c.obj
 .debug_info    0x00005646      0xab6 CMakeFiles/Bootloader.elf.dir/Core/Src/usart.c.obj
 .debug_info    0x000060fc       0x30 CMakeFiles/Bootloader.elf.dir/Core/Startup/startup_stm32f103vetx.s.obj
 .debug_info    0x0000612c      0x808 CMakeFiles/Bootloader.elf.dir/Drivers/STM32F1xx_HAL_Driver/Src/stm32f1xx_hal.c.obj
 .debug_info    0x00006934      0xd3f CMakeFiles/Bootloader.elf.dir/Drivers/STM32F1xx_HAL_Driver/Src/stm32f1xx_hal_cortex.c.obj
 .debug_info    0x00007673      0x7f2 CMakeFiles/Bootloader.elf.dir/Drivers/STM32F1xx_HAL_Driver/Src/stm32f1xx_hal_dma.c.obj
 .debug_info    0x00007e65      0x604 CMakeFiles/Bootloader.elf.dir/Drivers/STM32F1xx_HAL_Driver/Src/stm32f1xx_hal_gpio.c.obj
 .debug_info    0x00008469      0x9c7 CMakeFiles/Bootloader.elf.dir/Drivers/STM32F1xx_HAL_Driver/Src/stm32f1xx_hal_rcc.c.obj
 .debug_info    0x00008e30      0xf1d CMakeFiles/Bootloader.elf.dir/Drivers/STM32F1xx_HAL_Driver/Src/stm32f1xx_hal_sram.c.obj
 .debug_info    0x00009d4d     0x407d CMakeFiles/Bootloader.elf.dir/Drivers/STM32F1xx_HAL_Driver/Src/stm32f1xx_hal_uart.c.obj
 .debug_info    0x0000ddca      0xa18 CMakeFiles/Bootloader.elf.dir/Drivers/STM32F1xx_HAL_Driver/Src/stm32f1xx_ll_fsmc.c.obj

.debug_abbrev   0x00000000     0x2849
 .debug_abbrev  0x00000000      0x119 CMakeFiles/Bootloader.elf.dir/Core/Src/dma.c.obj
 .debug_abbrev  0x00000119      0x226 CMakeFiles/Bootloader.elf.dir/Core/Src/fsmc.c.obj
 .debug_abbrev  0x0000033f      0x151 CMakeFiles/Bootloader.elf.dir/Core/Src/gpio.c.obj
 .debug_abbrev  0x00000490      0x382 CMakeFiles/Bootloader.elf.dir/Core/Src/ili9341.c.obj
 .debug_abbrev  0x00000812      0x1a4 CMakeFiles/Bootloader.elf.dir/Core/Src/main.c.obj
 .debug_abbrev  0x000009b6      0x182 CMakeFiles/Bootloader.elf.dir/Core/Src/myInit.c.obj
 .debug_abbrev  0x00000b38      0x2b2 CMakeFiles/Bootloader.elf.dir/Core/Src/retarget.c.obj
 .debug_abbrev  0x00000dea       0xed CMakeFiles/Bootloader.elf.dir/Core/Src/stm32f1xx_hal_msp.c.obj
 .debug_abbrev  0x00000ed7      0x181 CMakeFiles/Bootloader.elf.dir/Core/Src/stm32f1xx_it.c.obj
 .debug_abbrev  0x00001058       0xea CMakeFiles/Bootloader.elf.dir/Core/Src/sysmem.c.obj
 .debug_abbrev  0x00001142      0x143 CMakeFiles/Bootloader.elf.dir/Core/Src/system_stm32f1xx.c.obj
 .debug_abbrev  0x00001285      0x237 CMakeFiles/Bootloader.elf.dir/Core/Src/usart.c.obj
 .debug_abbrev  0x000014bc       0x24 CMakeFiles/Bootloader.elf.dir/Core/Startup/startup_stm32f103vetx.s.obj
 .debug_abbrev  0x000014e0      0x22d CMakeFiles/Bootloader.elf.dir/Drivers/STM32F1xx_HAL_Driver/Src/stm32f1xx_hal.c.obj
 .debug_abbrev  0x0000170d      0x36d CMakeFiles/Bootloader.elf.dir/Drivers/STM32F1xx_HAL_Driver/Src/stm32f1xx_hal_cortex.c.obj
 .debug_abbrev  0x00001a7a      0x244 CMakeFiles/Bootloader.elf.dir/Drivers/STM32F1xx_HAL_Driver/Src/stm32f1xx_hal_dma.c.obj
 .debug_abbrev  0x00001cbe      0x1f7 CMakeFiles/Bootloader.elf.dir/Drivers/STM32F1xx_HAL_Driver/Src/stm32f1xx_hal_gpio.c.obj
 .debug_abbrev  0x00001eb5      0x2a0 CMakeFiles/Bootloader.elf.dir/Drivers/STM32F1xx_HAL_Driver/Src/stm32f1xx_hal_rcc.c.obj
 .debug_abbrev  0x00002155      0x22d CMakeFiles/Bootloader.elf.dir/Drivers/STM32F1xx_HAL_Driver/Src/stm32f1xx_hal_sram.c.obj
 .debug_abbrev  0x00002382      0x31c CMakeFiles/Bootloader.elf.dir/Drivers/STM32F1xx_HAL_Driver/Src/stm32f1xx_hal_uart.c.obj
 .debug_abbrev  0x0000269e      0x1ab CMakeFiles/Bootloader.elf.dir/Drivers/STM32F1xx_HAL_Driver/Src/stm32f1xx_ll_fsmc.c.obj

.debug_aranges  0x00000000      0x958
 .debug_aranges
                0x00000000       0x20 CMakeFiles/Bootloader.elf.dir/Core/Src/dma.c.obj
 .debug_aranges
                0x00000020       0x40 CMakeFiles/Bootloader.elf.dir/Core/Src/fsmc.c.obj
 .debug_aranges
                0x00000060       0x20 CMakeFiles/Bootloader.elf.dir/Core/Src/gpio.c.obj
 .debug_aranges
                0x00000080       0x98 CMakeFiles/Bootloader.elf.dir/Core/Src/ili9341.c.obj
 .debug_aranges
                0x00000118       0x30 CMakeFiles/Bootloader.elf.dir/Core/Src/main.c.obj
 .debug_aranges
                0x00000148       0x20 CMakeFiles/Bootloader.elf.dir/Core/Src/myInit.c.obj
 .debug_aranges
                0x00000168       0x50 CMakeFiles/Bootloader.elf.dir/Core/Src/retarget.c.obj
 .debug_aranges
                0x000001b8       0x20 CMakeFiles/Bootloader.elf.dir/Core/Src/stm32f1xx_hal_msp.c.obj
 .debug_aranges
                0x000001d8       0x70 CMakeFiles/Bootloader.elf.dir/Core/Src/stm32f1xx_it.c.obj
 .debug_aranges
                0x00000248       0x20 CMakeFiles/Bootloader.elf.dir/Core/Src/sysmem.c.obj
 .debug_aranges
                0x00000268       0x28 CMakeFiles/Bootloader.elf.dir/Core/Src/system_stm32f1xx.c.obj
 .debug_aranges
                0x00000290       0x30 CMakeFiles/Bootloader.elf.dir/Core/Src/usart.c.obj
 .debug_aranges
                0x000002c0       0x28 CMakeFiles/Bootloader.elf.dir/Core/Startup/startup_stm32f103vetx.s.obj
 .debug_aranges
                0x000002e8       0xe0 CMakeFiles/Bootloader.elf.dir/Drivers/STM32F1xx_HAL_Driver/Src/stm32f1xx_hal.c.obj
 .debug_aranges
                0x000003c8       0xc0 CMakeFiles/Bootloader.elf.dir/Drivers/STM32F1xx_HAL_Driver/Src/stm32f1xx_hal_cortex.c.obj
 .debug_aranges
                0x00000488       0x80 CMakeFiles/Bootloader.elf.dir/Drivers/STM32F1xx_HAL_Driver/Src/stm32f1xx_hal_dma.c.obj
 .debug_aranges
                0x00000508       0x58 CMakeFiles/Bootloader.elf.dir/Drivers/STM32F1xx_HAL_Driver/Src/stm32f1xx_hal_gpio.c.obj
 .debug_aranges
                0x00000560       0x90 CMakeFiles/Bootloader.elf.dir/Drivers/STM32F1xx_HAL_Driver/Src/stm32f1xx_hal_rcc.c.obj
 .debug_aranges
                0x000005f0       0xb8 CMakeFiles/Bootloader.elf.dir/Drivers/STM32F1xx_HAL_Driver/Src/stm32f1xx_hal_sram.c.obj
 .debug_aranges
                0x000006a8      0x208 CMakeFiles/Bootloader.elf.dir/Drivers/STM32F1xx_HAL_Driver/Src/stm32f1xx_hal_uart.c.obj
 .debug_aranges
                0x000008b0       0xa8 CMakeFiles/Bootloader.elf.dir/Drivers/STM32F1xx_HAL_Driver/Src/stm32f1xx_ll_fsmc.c.obj

.debug_rnglists
                0x00000000      0x6ed
 .debug_rnglists
                0x00000000       0x13 CMakeFiles/Bootloader.elf.dir/Core/Src/dma.c.obj
 .debug_rnglists
                0x00000013       0x2b CMakeFiles/Bootloader.elf.dir/Core/Src/fsmc.c.obj
 .debug_rnglists
                0x0000003e       0x14 CMakeFiles/Bootloader.elf.dir/Core/Src/gpio.c.obj
 .debug_rnglists
                0x00000052       0x81 CMakeFiles/Bootloader.elf.dir/Core/Src/ili9341.c.obj
 .debug_rnglists
                0x000000d3       0x1f CMakeFiles/Bootloader.elf.dir/Core/Src/main.c.obj
 .debug_rnglists
                0x000000f2       0x13 CMakeFiles/Bootloader.elf.dir/Core/Src/myInit.c.obj
 .debug_rnglists
                0x00000105       0x37 CMakeFiles/Bootloader.elf.dir/Core/Src/retarget.c.obj
 .debug_rnglists
                0x0000013c       0x13 CMakeFiles/Bootloader.elf.dir/Core/Src/stm32f1xx_hal_msp.c.obj
 .debug_rnglists
                0x0000014f       0x4f CMakeFiles/Bootloader.elf.dir/Core/Src/stm32f1xx_it.c.obj
 .debug_rnglists
                0x0000019e       0x13 CMakeFiles/Bootloader.elf.dir/Core/Src/sysmem.c.obj
 .debug_rnglists
                0x000001b1       0x1a CMakeFiles/Bootloader.elf.dir/Core/Src/system_stm32f1xx.c.obj
 .debug_rnglists
                0x000001cb       0x20 CMakeFiles/Bootloader.elf.dir/Core/Src/usart.c.obj
 .debug_rnglists
                0x000001eb       0x19 CMakeFiles/Bootloader.elf.dir/Core/Startup/startup_stm32f103vetx.s.obj
 .debug_rnglists
                0x00000204       0xa3 CMakeFiles/Bootloader.elf.dir/Drivers/STM32F1xx_HAL_Driver/Src/stm32f1xx_hal.c.obj
 .debug_rnglists
                0x000002a7       0x8b CMakeFiles/Bootloader.elf.dir/Drivers/STM32F1xx_HAL_Driver/Src/stm32f1xx_hal_cortex.c.obj
 .debug_rnglists
                0x00000332       0x60 CMakeFiles/Bootloader.elf.dir/Drivers/STM32F1xx_HAL_Driver/Src/stm32f1xx_hal_dma.c.obj
 .debug_rnglists
                0x00000392       0x3f CMakeFiles/Bootloader.elf.dir/Drivers/STM32F1xx_HAL_Driver/Src/stm32f1xx_hal_gpio.c.obj
 .debug_rnglists
                0x000003d1       0x7d CMakeFiles/Bootloader.elf.dir/Drivers/STM32F1xx_HAL_Driver/Src/stm32f1xx_hal_rcc.c.obj
 .debug_rnglists
                0x0000044e       0x85 CMakeFiles/Bootloader.elf.dir/Drivers/STM32F1xx_HAL_Driver/Src/stm32f1xx_hal_sram.c.obj
 .debug_rnglists
                0x000004d3      0x1a1 CMakeFiles/Bootloader.elf.dir/Drivers/STM32F1xx_HAL_Driver/Src/stm32f1xx_hal_uart.c.obj
 .debug_rnglists
                0x00000674       0x79 CMakeFiles/Bootloader.elf.dir/Drivers/STM32F1xx_HAL_Driver/Src/stm32f1xx_ll_fsmc.c.obj

.debug_line     0x00000000     0xa86d
 .debug_line    0x00000000      0x1fe CMakeFiles/Bootloader.elf.dir/Core/Src/dma.c.obj
 .debug_line    0x000001fe      0x446 CMakeFiles/Bootloader.elf.dir/Core/Src/fsmc.c.obj
 .debug_line    0x00000644      0x237 CMakeFiles/Bootloader.elf.dir/Core/Src/gpio.c.obj
 .debug_line    0x0000087b     0x1193 CMakeFiles/Bootloader.elf.dir/Core/Src/ili9341.c.obj
 .debug_line    0x00001a0e      0x37b CMakeFiles/Bootloader.elf.dir/Core/Src/main.c.obj
 .debug_line    0x00001d89      0x28c CMakeFiles/Bootloader.elf.dir/Core/Src/myInit.c.obj
 .debug_line    0x00002015      0x49d CMakeFiles/Bootloader.elf.dir/Core/Src/retarget.c.obj
 .debug_line    0x000024b2      0x1a7 CMakeFiles/Bootloader.elf.dir/Core/Src/stm32f1xx_hal_msp.c.obj
 .debug_line    0x00002659      0x328 CMakeFiles/Bootloader.elf.dir/Core/Src/stm32f1xx_it.c.obj
 .debug_line    0x00002981      0x1c5 CMakeFiles/Bootloader.elf.dir/Core/Src/sysmem.c.obj
 .debug_line    0x00002b46      0x26f CMakeFiles/Bootloader.elf.dir/Core/Src/system_stm32f1xx.c.obj
 .debug_line    0x00002db5      0x3ff CMakeFiles/Bootloader.elf.dir/Core/Src/usart.c.obj
 .debug_line    0x000031b4       0x79 CMakeFiles/Bootloader.elf.dir/Core/Startup/startup_stm32f103vetx.s.obj
 .debug_line    0x0000322d      0x5c2 CMakeFiles/Bootloader.elf.dir/Drivers/STM32F1xx_HAL_Driver/Src/stm32f1xx_hal.c.obj
 .debug_line    0x000037ef      0x706 CMakeFiles/Bootloader.elf.dir/Drivers/STM32F1xx_HAL_Driver/Src/stm32f1xx_hal_cortex.c.obj
 .debug_line    0x00003ef5     0x1049 CMakeFiles/Bootloader.elf.dir/Drivers/STM32F1xx_HAL_Driver/Src/stm32f1xx_hal_dma.c.obj
 .debug_line    0x00004f3e      0x657 CMakeFiles/Bootloader.elf.dir/Drivers/STM32F1xx_HAL_Driver/Src/stm32f1xx_hal_gpio.c.obj
 .debug_line    0x00005595      0xd09 CMakeFiles/Bootloader.elf.dir/Drivers/STM32F1xx_HAL_Driver/Src/stm32f1xx_hal_rcc.c.obj
 .debug_line    0x0000629e      0x981 CMakeFiles/Bootloader.elf.dir/Drivers/STM32F1xx_HAL_Driver/Src/stm32f1xx_hal_sram.c.obj
 .debug_line    0x00006c1f     0x35af CMakeFiles/Bootloader.elf.dir/Drivers/STM32F1xx_HAL_Driver/Src/stm32f1xx_hal_uart.c.obj
 .debug_line    0x0000a1ce      0x69f CMakeFiles/Bootloader.elf.dir/Drivers/STM32F1xx_HAL_Driver/Src/stm32f1xx_ll_fsmc.c.obj

.debug_str      0x00000000     0x335f
 .debug_str     0x00000000     0x335f CMakeFiles/Bootloader.elf.dir/Core/Src/dma.c.obj
                                0x626 (size before relaxing)
 .debug_str     0x0000335f      0x7ba CMakeFiles/Bootloader.elf.dir/Core/Src/fsmc.c.obj
 .debug_str     0x0000335f      0x2e3 CMakeFiles/Bootloader.elf.dir/Core/Src/gpio.c.obj
 .debug_str     0x0000335f      0x4b2 CMakeFiles/Bootloader.elf.dir/Core/Src/ili9341.c.obj
 .debug_str     0x0000335f      0x3f3 CMakeFiles/Bootloader.elf.dir/Core/Src/main.c.obj
 .debug_str     0x0000335f      0x63c CMakeFiles/Bootloader.elf.dir/Core/Src/myInit.c.obj
 .debug_str     0x0000335f      0xae8 CMakeFiles/Bootloader.elf.dir/Core/Src/retarget.c.obj
 .debug_str     0x0000335f      0x277 CMakeFiles/Bootloader.elf.dir/Core/Src/stm32f1xx_hal_msp.c.obj
 .debug_str     0x0000335f      0x6f0 CMakeFiles/Bootloader.elf.dir/Core/Src/stm32f1xx_it.c.obj
 .debug_str     0x0000335f      0x270 CMakeFiles/Bootloader.elf.dir/Core/Src/sysmem.c.obj
 .debug_str     0x0000335f      0x2ac CMakeFiles/Bootloader.elf.dir/Core/Src/system_stm32f1xx.c.obj
 .debug_str     0x0000335f      0xb54 CMakeFiles/Bootloader.elf.dir/Core/Src/usart.c.obj
 .debug_str     0x0000335f       0xbd CMakeFiles/Bootloader.elf.dir/Core/Startup/startup_stm32f103vetx.s.obj
 .debug_str     0x0000335f      0x96a CMakeFiles/Bootloader.elf.dir/Drivers/STM32F1xx_HAL_Driver/Src/stm32f1xx_hal.c.obj
 .debug_str     0x0000335f      0xa0f CMakeFiles/Bootloader.elf.dir/Drivers/STM32F1xx_HAL_Driver/Src/stm32f1xx_hal_cortex.c.obj
 .debug_str     0x0000335f      0x655 CMakeFiles/Bootloader.elf.dir/Drivers/STM32F1xx_HAL_Driver/Src/stm32f1xx_hal_dma.c.obj
 .debug_str     0x0000335f      0x458 CMakeFiles/Bootloader.elf.dir/Drivers/STM32F1xx_HAL_Driver/Src/stm32f1xx_hal_gpio.c.obj
 .debug_str     0x0000335f      0x683 CMakeFiles/Bootloader.elf.dir/Drivers/STM32F1xx_HAL_Driver/Src/stm32f1xx_hal_rcc.c.obj
 .debug_str     0x0000335f      0x92f CMakeFiles/Bootloader.elf.dir/Drivers/STM32F1xx_HAL_Driver/Src/stm32f1xx_hal_sram.c.obj
 .debug_str     0x0000335f      0xd4c CMakeFiles/Bootloader.elf.dir/Drivers/STM32F1xx_HAL_Driver/Src/stm32f1xx_hal_uart.c.obj
 .debug_str     0x0000335f      0x76a CMakeFiles/Bootloader.elf.dir/Drivers/STM32F1xx_HAL_Driver/Src/stm32f1xx_ll_fsmc.c.obj

.comment        0x00000000       0x44
 .comment       0x00000000       0x44 CMakeFiles/Bootloader.elf.dir/Core/Src/dma.c.obj
                                 0x45 (size before relaxing)
 .comment       0x00000044       0x45 CMakeFiles/Bootloader.elf.dir/Core/Src/fsmc.c.obj
 .comment       0x00000044       0x45 CMakeFiles/Bootloader.elf.dir/Core/Src/gpio.c.obj
 .comment       0x00000044       0x45 CMakeFiles/Bootloader.elf.dir/Core/Src/ili9341.c.obj
 .comment       0x00000044       0x45 CMakeFiles/Bootloader.elf.dir/Core/Src/main.c.obj
 .comment       0x00000044       0x45 CMakeFiles/Bootloader.elf.dir/Core/Src/myInit.c.obj
 .comment       0x00000044       0x45 CMakeFiles/Bootloader.elf.dir/Core/Src/retarget.c.obj
 .comment       0x00000044       0x45 CMakeFiles/Bootloader.elf.dir/Core/Src/stm32f1xx_hal_msp.c.obj
 .comment       0x00000044       0x45 CMakeFiles/Bootloader.elf.dir/Core/Src/stm32f1xx_it.c.obj
 .comment       0x00000044       0x45 CMakeFiles/Bootloader.elf.dir/Core/Src/sysmem.c.obj
 .comment       0x00000044       0x45 CMakeFiles/Bootloader.elf.dir/Core/Src/system_stm32f1xx.c.obj
 .comment       0x00000044       0x45 CMakeFiles/Bootloader.elf.dir/Core/Src/usart.c.obj
 .comment       0x00000044       0x45 CMakeFiles/Bootloader.elf.dir/Drivers/STM32F1xx_HAL_Driver/Src/stm32f1xx_hal.c.obj
 .comment       0x00000044       0x45 CMakeFiles/Bootloader.elf.dir/Drivers/STM32F1xx_HAL_Driver/Src/stm32f1xx_hal_cortex.c.obj
 .comment       0x00000044       0x45 CMakeFiles/Bootloader.elf.dir/Drivers/STM32F1xx_HAL_Driver/Src/stm32f1xx_hal_dma.c.obj
 .comment       0x00000044       0x45 CMakeFiles/Bootloader.elf.dir/Drivers/STM32F1xx_HAL_Driver/Src/stm32f1xx_hal_gpio.c.obj
 .comment       0x00000044       0x45 CMakeFiles/Bootloader.elf.dir/Drivers/STM32F1xx_HAL_Driver/Src/stm32f1xx_hal_rcc.c.obj
 .comment       0x00000044       0x45 CMakeFiles/Bootloader.elf.dir/Drivers/STM32F1xx_HAL_Driver/Src/stm32f1xx_hal_sram.c.obj
 .comment       0x00000044       0x45 CMakeFiles/Bootloader.elf.dir/Drivers/STM32F1xx_HAL_Driver/Src/stm32f1xx_hal_uart.c.obj
 .comment       0x00000044       0x45 CMakeFiles/Bootloader.elf.dir/Drivers/STM32F1xx_HAL_Driver/Src/stm32f1xx_ll_fsmc.c.obj

.debug_frame    0x00000000     0x1e34
 .debug_frame   0x00000000       0x2c CMakeFiles/Bootloader.elf.dir/Core/Src/dma.c.obj
 .debug_frame   0x0000002c       0x9c CMakeFiles/Bootloader.elf.dir/Core/Src/fsmc.c.obj
 .debug_frame   0x000000c8       0x30 CMakeFiles/Bootloader.elf.dir/Core/Src/gpio.c.obj
 .debug_frame   0x000000f8      0x200 CMakeFiles/Bootloader.elf.dir/Core/Src/ili9341.c.obj
 .debug_frame   0x000002f8       0x58 CMakeFiles/Bootloader.elf.dir/Core/Src/main.c.obj
 .debug_frame   0x00000350       0x2c CMakeFiles/Bootloader.elf.dir/Core/Src/myInit.c.obj
 .debug_frame   0x0000037c       0xb8 CMakeFiles/Bootloader.elf.dir/Core/Src/retarget.c.obj
 .debug_frame   0x00000434       0x28 CMakeFiles/Bootloader.elf.dir/Core/Src/stm32f1xx_hal_msp.c.obj
 .debug_frame   0x0000045c       0xd8 CMakeFiles/Bootloader.elf.dir/Core/Src/stm32f1xx_it.c.obj
 .debug_frame   0x00000534       0x28 CMakeFiles/Bootloader.elf.dir/Core/Src/sysmem.c.obj
 .debug_frame   0x0000055c       0x30 CMakeFiles/Bootloader.elf.dir/Core/Src/system_stm32f1xx.c.obj
 .debug_frame   0x0000058c       0x64 CMakeFiles/Bootloader.elf.dir/Core/Src/usart.c.obj
 .debug_frame   0x000005f0      0x1cc CMakeFiles/Bootloader.elf.dir/Drivers/STM32F1xx_HAL_Driver/Src/stm32f1xx_hal.c.obj
 .debug_frame   0x000007bc      0x19c CMakeFiles/Bootloader.elf.dir/Drivers/STM32F1xx_HAL_Driver/Src/stm32f1xx_hal_cortex.c.obj
 .debug_frame   0x00000958      0x140 CMakeFiles/Bootloader.elf.dir/Drivers/STM32F1xx_HAL_Driver/Src/stm32f1xx_hal_dma.c.obj
 .debug_frame   0x00000a98       0xe4 CMakeFiles/Bootloader.elf.dir/Drivers/STM32F1xx_HAL_Driver/Src/stm32f1xx_hal_gpio.c.obj
 .debug_frame   0x00000b7c      0x184 CMakeFiles/Bootloader.elf.dir/Drivers/STM32F1xx_HAL_Driver/Src/stm32f1xx_hal_rcc.c.obj
 .debug_frame   0x00000d00      0x204 CMakeFiles/Bootloader.elf.dir/Drivers/STM32F1xx_HAL_Driver/Src/stm32f1xx_hal_sram.c.obj
 .debug_frame   0x00000f04      0x5d4 CMakeFiles/Bootloader.elf.dir/Drivers/STM32F1xx_HAL_Driver/Src/stm32f1xx_hal_uart.c.obj
 .debug_frame   0x000014d8      0x170 CMakeFiles/Bootloader.elf.dir/Drivers/STM32F1xx_HAL_Driver/Src/stm32f1xx_ll_fsmc.c.obj
 .debug_frame   0x00001648      0x13c C:/STM32_needs/gcc-arm-none-eabi/bin/../lib/gcc/arm-none-eabi/13.2.1/thumb/v7-m/nofp\libg.a(libc_a-findfp.o)
 .debug_frame   0x00001784       0x34 C:/STM32_needs/gcc-arm-none-eabi/bin/../lib/gcc/arm-none-eabi/13.2.1/thumb/v7-m/nofp\libg.a(libc_a-fwalk.o)
 .debug_frame   0x000017b8       0x3c C:/STM32_needs/gcc-arm-none-eabi/bin/../lib/gcc/arm-none-eabi/13.2.1/thumb/v7-m/nofp\libg.a(libc_a-setvbuf.o)
 .debug_frame   0x000017f4       0x8c C:/STM32_needs/gcc-arm-none-eabi/bin/../lib/gcc/arm-none-eabi/13.2.1/thumb/v7-m/nofp\libg.a(libc_a-stdio.o)
 .debug_frame   0x00001880       0x2c C:/STM32_needs/gcc-arm-none-eabi/bin/../lib/gcc/arm-none-eabi/13.2.1/thumb/v7-m/nofp\libg.a(libc_a-memset.o)
 .debug_frame   0x000018ac       0x2c C:/STM32_needs/gcc-arm-none-eabi/bin/../lib/gcc/arm-none-eabi/13.2.1/thumb/v7-m/nofp\libg.a(libc_a-closer.o)
 .debug_frame   0x000018d8       0x3c C:/STM32_needs/gcc-arm-none-eabi/bin/../lib/gcc/arm-none-eabi/13.2.1/thumb/v7-m/nofp\libg.a(libc_a-reent.o)
 .debug_frame   0x00001914       0x2c C:/STM32_needs/gcc-arm-none-eabi/bin/../lib/gcc/arm-none-eabi/13.2.1/thumb/v7-m/nofp\libg.a(libc_a-lseekr.o)
 .debug_frame   0x00001940       0x2c C:/STM32_needs/gcc-arm-none-eabi/bin/../lib/gcc/arm-none-eabi/13.2.1/thumb/v7-m/nofp\libg.a(libc_a-readr.o)
 .debug_frame   0x0000196c       0x2c C:/STM32_needs/gcc-arm-none-eabi/bin/../lib/gcc/arm-none-eabi/13.2.1/thumb/v7-m/nofp\libg.a(libc_a-writer.o)
 .debug_frame   0x00001998       0x20 C:/STM32_needs/gcc-arm-none-eabi/bin/../lib/gcc/arm-none-eabi/13.2.1/thumb/v7-m/nofp\libg.a(libc_a-errno.o)
 .debug_frame   0x000019b8       0x2c C:/STM32_needs/gcc-arm-none-eabi/bin/../lib/gcc/arm-none-eabi/13.2.1/thumb/v7-m/nofp\libg.a(libc_a-init.o)
 .debug_frame   0x000019e4       0xb0 C:/STM32_needs/gcc-arm-none-eabi/bin/../lib/gcc/arm-none-eabi/13.2.1/thumb/v7-m/nofp\libg.a(libc_a-lock.o)
 .debug_frame   0x00001a94       0x5c C:/STM32_needs/gcc-arm-none-eabi/bin/../lib/gcc/arm-none-eabi/13.2.1/thumb/v7-m/nofp\libg.a(libc_a-__call_atexit.o)
 .debug_frame   0x00001af0       0x20 C:/STM32_needs/gcc-arm-none-eabi/bin/../lib/gcc/arm-none-eabi/13.2.1/thumb/v7-m/nofp\libg.a(libc_a-atexit.o)
 .debug_frame   0x00001b10       0x78 C:/STM32_needs/gcc-arm-none-eabi/bin/../lib/gcc/arm-none-eabi/13.2.1/thumb/v7-m/nofp\libg.a(libc_a-freer.o)
 .debug_frame   0x00001b88       0x30 C:/STM32_needs/gcc-arm-none-eabi/bin/../lib/gcc/arm-none-eabi/13.2.1/thumb/v7-m/nofp\libg.a(libc_a-malloc.o)
 .debug_frame   0x00001bb8       0x48 C:/STM32_needs/gcc-arm-none-eabi/bin/../lib/gcc/arm-none-eabi/13.2.1/thumb/v7-m/nofp\libg.a(libc_a-mallocr.o)
 .debug_frame   0x00001c00       0x30 C:/STM32_needs/gcc-arm-none-eabi/bin/../lib/gcc/arm-none-eabi/13.2.1/thumb/v7-m/nofp\libg.a(libc_a-mlock.o)
 .debug_frame   0x00001c30       0x3c C:/STM32_needs/gcc-arm-none-eabi/bin/../lib/gcc/arm-none-eabi/13.2.1/thumb/v7-m/nofp\libg.a(libc_a-fclose.o)
 .debug_frame   0x00001c6c       0x70 C:/STM32_needs/gcc-arm-none-eabi/bin/../lib/gcc/arm-none-eabi/13.2.1/thumb/v7-m/nofp\libg.a(libc_a-fflush.o)
 .debug_frame   0x00001cdc       0x70 C:/STM32_needs/gcc-arm-none-eabi/bin/../lib/gcc/arm-none-eabi/13.2.1/thumb/v7-m/nofp\libg.a(libc_a-makebuf.o)
 .debug_frame   0x00001d4c       0x2c C:/STM32_needs/gcc-arm-none-eabi/bin/../lib/gcc/arm-none-eabi/13.2.1/thumb/v7-m/nofp\libg.a(libc_a-fstatr.o)
 .debug_frame   0x00001d78       0x2c C:/STM32_needs/gcc-arm-none-eabi/bin/../lib/gcc/arm-none-eabi/13.2.1/thumb/v7-m/nofp\libg.a(libc_a-sbrkr.o)
 .debug_frame   0x00001da4       0x34 C:/STM32_needs/gcc-arm-none-eabi/bin/../lib/gcc/arm-none-eabi/13.2.1/thumb/v7-m/nofp\libg.a(libc_a-fini.o)
 .debug_frame   0x00001dd8       0x28 C:/STM32_needs/gcc-arm-none-eabi/bin/../lib/gcc/arm-none-eabi/13.2.1/thumb/v7-m/nofp\libg.a(libc_a-sysconf.o)
 .debug_frame   0x00001e00       0x34 C:/STM32_needs/gcc-arm-none-eabi/bin/../lib/gcc/arm-none-eabi/13.2.1/thumb/v7-m/nofp\libg.a(libc_a-__atexit.o)

.debug_loclists
                0x00000000     0x6246
 .debug_loclists
                0x00000000       0x46 CMakeFiles/Bootloader.elf.dir/Core/Src/fsmc.c.obj
 .debug_loclists
                0x00000046      0xf57 CMakeFiles/Bootloader.elf.dir/Core/Src/ili9341.c.obj
 .debug_loclists
                0x00000f9d      0x2bb CMakeFiles/Bootloader.elf.dir/Core/Src/retarget.c.obj
 .debug_loclists
                0x00001258       0x17 CMakeFiles/Bootloader.elf.dir/Core/Src/stm32f1xx_hal_msp.c.obj
 .debug_loclists
                0x0000126f       0x52 CMakeFiles/Bootloader.elf.dir/Core/Src/sysmem.c.obj
 .debug_loclists
                0x000012c1       0xb7 CMakeFiles/Bootloader.elf.dir/Core/Src/system_stm32f1xx.c.obj
 .debug_loclists
                0x00001378       0x5c CMakeFiles/Bootloader.elf.dir/Core/Src/usart.c.obj
 .debug_loclists
                0x000013d4       0xe1 CMakeFiles/Bootloader.elf.dir/Drivers/STM32F1xx_HAL_Driver/Src/stm32f1xx_hal.c.obj
 .debug_loclists
                0x000014b5      0x530 CMakeFiles/Bootloader.elf.dir/Drivers/STM32F1xx_HAL_Driver/Src/stm32f1xx_hal_cortex.c.obj
 .debug_loclists
                0x000019e5      0x577 CMakeFiles/Bootloader.elf.dir/Drivers/STM32F1xx_HAL_Driver/Src/stm32f1xx_hal_dma.c.obj
 .debug_loclists
                0x00001f5c      0x31c CMakeFiles/Bootloader.elf.dir/Drivers/STM32F1xx_HAL_Driver/Src/stm32f1xx_hal_gpio.c.obj
 .debug_loclists
                0x00002278      0x42e CMakeFiles/Bootloader.elf.dir/Drivers/STM32F1xx_HAL_Driver/Src/stm32f1xx_hal_rcc.c.obj
 .debug_loclists
                0x000026a6      0x9b1 CMakeFiles/Bootloader.elf.dir/Drivers/STM32F1xx_HAL_Driver/Src/stm32f1xx_hal_sram.c.obj
 .debug_loclists
                0x00003057     0x2d99 CMakeFiles/Bootloader.elf.dir/Drivers/STM32F1xx_HAL_Driver/Src/stm32f1xx_hal_uart.c.obj
 .debug_loclists
                0x00005df0      0x456 CMakeFiles/Bootloader.elf.dir/Drivers/STM32F1xx_HAL_Driver/Src/stm32f1xx_ll_fsmc.c.obj

.debug_line_str
                0x00000000       0xa1
 .debug_line_str
                0x00000000       0xa1 CMakeFiles/Bootloader.elf.dir/Core/Startup/startup_stm32f103vetx.s.obj
